     VMA      LMA     Size Align Out     In      Symbol
       0        0        0     1 RAM_START = 0x20000000
       0        0        0     1 RAM_LENGTH = 0x0000a000
       0        0        0     1 FLASH_START = 0x00000000
       0        0        0     1 FLASH_LENGTH = 0x00040000
       0        0        0     1 DATA_FLASH_START = 0x08000000
       0        0        0     1 DATA_FLASH_LENGTH = 0x00001000
       0        0        0     1 QSPI_FLASH_START = 0x60000000
       0        0        0     1 QSPI_FLASH_LENGTH = 0x04000000
       0        0        0     1 OPTION_SETTING_OFS0_START = 0x0100a100
       0        0        0     1 OPTION_SETTING_OFS0_LENGTH = 0x00000004
       0        0        0     1 OPTION_SETTING_OSIS_START = 0x0100a120
       0        0        0     1 OPTION_SETTING_OSIS_LENGTH = 0x00000010
       0        0        0     1 OPTION_SETTING_OFS1_SEC_START = 0x0100a200
       0        0        0     1 OPTION_SETTING_OFS1_SEC_LENGTH = 0x00000004
       0        0        0     1 OPTION_SETTING_BPS_SEC_START = 0x0100a240
       0        0        0     1 OPTION_SETTING_BPS_SEC_LENGTH = 0x00000004
       0        0        0     1 OPTION_SETTING_PBPS_SEC_START = 0x0100a260
       0        0        0     1 OPTION_SETTING_PBPS_SEC_LENGTH = 0x00000004
60000000 60000000        0     1 .qspi_flash.startof
60000000 60000000        0     1         __ddsc_QSPI_FLASH_START = .
20000000 20000000        0     1 .ram.startof
20000000 20000000        0     1         __ddsc_RAM_START = .
20000000 20000000        0     1 __ram_dtc_vector$$
20000000 20000000        0     1         __ram_dtc_vector$$Base = .
20000000 20000000        0     1         __ram_dtc_vector$$Limit = .
20000000 20000000        0     1 __ram_from_qspi_flash$$
20000000 20000000        0     1         __ram_from_qspi_flash$$Base = .
20000000 20000000        0     1         __ram_from_qspi_flash$$Load = LOADADDR ( __ram_from_qspi_flash$$ )
20000000 20000000        0     1         __ram_from_qspi_flash$$Limit = .
60000000 60000000        0     1 __qspi_flash_readonly$$
60000000 60000000        0     1         __qspi_flash_readonly$$Base = .
60000000 60000000        0     1         __qspi_flash_readonly$$Limit = .
60000000 60000000        0     1 __qspi_flash_noinit$$
60000000 60000000        0     1         __qspi_flash_noinit$$Base = .
60000000 60000000        0     1         __qspi_flash_noinit$$Limit = .
60000000 60000000        0     1 .qspi_flash.endof
60000000 60000000        0     1         __ddsc_QSPI_FLASH_END = .
 8000000  8000000        0     1 .data_flash.startof
 8000000  8000000        0     1         __ddsc_DATA_FLASH_START = .
20000000 20000000        0     1 __ram_from_data_flash$$
20000000 20000000        0     1         __ram_from_data_flash$$Base = .
20000000 20000000        0     1         __ram_from_data_flash$$Load = LOADADDR ( __ram_from_data_flash$$ )
20000000 20000000        0     1         __ram_from_data_flash$$Limit = .
 8000000  8000000        0     1 __data_flash_readonly$$
 8000000  8000000        0     1         __data_flash_readonly$$Base = .
 8000000  8000000        0     1         __data_flash_readonly$$Limit = .
 8000000  8000000        0     1 __data_flash_noinit$$
 8000000  8000000        0     1         __data_flash_noinit$$Base = .
 8000000  8000000        0     1         __data_flash_noinit$$Limit = .
 8000000  8000000        0     1 .data_flash.endof
 8000000  8000000        0     1         __ddsc_DATA_FLASH_END = .
       0        0        0     1 .flash.startof
       0        0        0     1         __ddsc_FLASH_START = .
       0        0       48     4 __flash_vectors$$
       0        0        0     1         __flash_vectors$$Base = .
       0        0        0     1         _VECTORS = .
       0        0       40     4         ./ra/fsp/src/bsp/cmsis/Device/RENESAS/Source/startup.o:(.fixed_vectors)
       0        0       40     1                 __Vectors
      40       40        8     4         ./ra_gen/vector_data.o:(.application_vectors)
      40       40        8     1                 g_vector_table
      48       48        0     1         __flash_vectors$$Limit = .
      48       48        0     1 __flash_noinit$$
      48       48        0     1         __flash_noinit$$Base = .
      48       48        0     1         __flash_noinit$$Limit = .
20000000 20000000        0     1 __ram_from_flash$$
20000000 20000000        0     1         __ram_from_flash$$Base = .
20000000 20000000        0     1         __ram_from_flash$$Load = LOADADDR ( __ram_from_flash$$ )
20000000 20000000        0     1         __ram_from_flash$$Limit = .
20000000 20000000        0     1 __ram_noinit_nocache$$
20000000 20000000        0     1         __ram_noinit_nocache$$Base = .
20000000 20000000        0     1         __ram_noinit_nocache$$Limit = .
20000000 20000000        0     1 __ram_zero_nocache$$
20000000 20000000        0     1         __ram_zero_nocache$$Base = .
20000000 20000000        0     1         . = ALIGN ( 32 )
20000000 20000000        0     1         __ram_zero_nocache$$Limit = .
20000000 20000000      418     8 __ram_noinit$$
20000000 20000000        0     1         __ram_noinit$$Base = .
20000000 20000000      400     8         ./ra/fsp/src/bsp/cmsis/Device/RENESAS/Source/startup.o:(.bss.g_main_stack)
20000000 20000000      400     1                 g_main_stack
20000400 20000400       18     4         ./ra/fsp/src/bsp/mcu/all/bsp_clocks.o:(.ram_noinit)
20000400 20000400       18     1                 g_clock_freq
20000418 20000418        0     1         __ram_noinit$$Limit = .
20000420 20000420       d4    16 __ram_zero$$
20000420 20000420        0     1         __ram_zero$$Base = .
20000420 20000420        4     2         ./src/hal_entry.o:(.bss.g_ths_cmd)
20000420 20000420        4     1                 g_ths_cmd
20000424 20000424       18     4         ./src/hal_entry.o:(.bss.g_ths_data)
20000424 20000424       18     1                 g_ths_data
2000043c 2000043c        4     4         ./src/hal_entry.o:(.bss.g_ths_temp)
2000043c 2000043c        4     1                 g_ths_temp
20000440 20000440        4     4         ./src/hal_entry.o:(.bss.g_ths_rh)
20000440 20000440        4     1                 g_ths_rh
20000444 20000444        8     4         ./ra_gen/common_data.o:(.bss.g_ioport_ctrl)
20000444 20000444        8     1                 g_ioport_ctrl
2000044c 2000044c       40     4         ./ra_gen/hal_data.o:(.bss.g_i2c0_ctrl)
2000044c 2000044c       40     1                 g_i2c0_ctrl
2000048c 2000048c       40     4         ./ra/fsp/src/bsp/mcu/all/bsp_group_irq.o:(.bss.g_bsp_group_irq_sources)
2000048c 2000048c       40     1                 g_bsp_group_irq_sources
200004cc 200004cc        4     4         ./ra/fsp/src/bsp/mcu/all/bsp_io.o:(.bss.g_protect_pfswe_counter)
200004cc 200004cc        4     1                 g_protect_pfswe_counter
200004d0 200004d0        8     4         ./ra/fsp/src/bsp/mcu/all/bsp_irq.o:(.bss.gp_renesas_isr_context)
200004d0 200004d0        8     1                 gp_renesas_isr_context
200004d8 200004d8        a     2         ./ra/fsp/src/bsp/mcu/all/bsp_register_protection.o:(.bss.g_protect_counters)
200004d8 200004d8        a     1                 g_protect_counters
200004e4 200004e4        4     4         ./ra/fsp/src/bsp/cmsis/Device/RENESAS/Source/system.o:(.bss.SystemCoreClock)
200004e4 200004e4        4     1                 SystemCoreClock
200004f0 200004f0        4    16         E:\Renesas\RA\e2studio_v2025-07_fsp_v6.1.0\toolchains\llvm_arm\LLVM-ET-Arm-18.1.3-Windows-x86_64\bin\..\lib\clang-runtimes/arm-none-eabi/armv8m.main_hard_fp_exn_rtti\lib\libc.a(libc_picolib_machine_arm_read_tp.S.o):(.bss)
200004f0 200004f0        4     1                 __tls
200004f4 200004f4        0     1         __ram_zero$$Limit = .
200004f4 200004f4        0     1 __ram_tdata$$
200004f4 200004f4        0     1         __ram_tdata$$Base = .
200004f4 200004f4        0     1         __ram_tdata$$Load = LOADADDR ( __ram_tdata$$ )
200004f4 200004f4        0     1         __ram_tdata$$Limit = .
200004f4 200004f4        0     1 __ram_tbss$$
200004f4 200004f4        0     1         __ram_tbss$$Base = .
200004f4 200004f4        0     1         __ram_tbss$$Limit = .
200004f8 200004f8        0     1 __ram_thread_stack$$
200004f8 200004f8        0     1         __ram_thread_stack$$Base = .
200004f8 200004f8        0     1         __ram_thread_stack$$Limit = .
20002000 20002000        0     1 .ram.endof
20002000 20002000        0     1         __ddsc_RAM_END = .
20002000 20002000        0     1 .ram.flat_nsc
20002000 20002000        0     1         __ddsc_RAM_NSC = .
      48       48     1b82     8 __flash_readonly$$
      48       48        0     1         __flash_readonly$$Base = .
      48       48        2     4         ./src/hal_entry.o:(.text.sci_i2c_master_callback)
      48       48        0     1                 $t.0
      49       49        2     1                 sci_i2c_master_callback
      4c       4c       62     4         ./src/hal_entry.o:(.text.hal_entry)
      4c       4c        0     1                 $t.1
      4d       4d       62     1                 hal_entry
      b0       b0       1a     4         ./src/hal_warmstart.o:(.text.R_BSP_WarmStart)
      b0       b0        0     1                 $t.0
      b1       b1       1a     1                 R_BSP_WarmStart
      cc       cc        c     4         ./ra_gen/main.o:(.text.main)
      cc       cc        0     1                 $t.0
      cd       cd        c     1                 main
      d8       d8      166     4         ./ra/fsp/src/r_sci_i2c/r_sci_i2c.o:(.text.R_SCI_I2C_Open)
      d8       d8        0     1                 $t.0
      d9       d9      166     1                 R_SCI_I2C_Open
     240      240       9a     4         ./ra/fsp/src/r_sci_i2c/r_sci_i2c.o:(.text.R_SCI_I2C_Read)
     240      240        0     1                 $t.1
     241      241       9a     1                 R_SCI_I2C_Read
     2dc      2dc       98     4         ./ra/fsp/src/r_sci_i2c/r_sci_i2c.o:(.text.R_SCI_I2C_Write)
     2dc      2dc        0     1                 $t.2
     2dd      2dd       98     1                 R_SCI_I2C_Write
     374      374      126     4         ./ra/fsp/src/r_sci_i2c/r_sci_i2c.o:(.text.sci_i2c_txi_isr)
     374      374        0     1                 $t.9
     375      375      126     1                 sci_i2c_txi_isr
     49c      49c      116     4         ./ra/fsp/src/r_sci_i2c/r_sci_i2c.o:(.text.sci_i2c_tei_isr)
     49c      49c        0     1                 $t.10
     49d      49d      116     1                 sci_i2c_tei_isr
     5b4      5b4       18     4         ./ra/fsp/src/r_ioport/r_ioport.o:(.text.R_IOPORT_Open)
     5b4      5b4        0     1                 $t.0
     5b5      5b5       18     1                 R_IOPORT_Open
     5cc      5cc      144     4         ./ra/fsp/src/r_ioport/r_ioport.o:(.text.r_ioport_pins_config)
     5cc      5cc        0     1                 $t.13
     5cd      5cd      144     1                 r_ioport_pins_config
     710      710       2c     4         ./ra/fsp/src/bsp/mcu/all/bsp_clocks.o:(.text.SystemCoreClockUpdate)
     710      710        0     1                 $t.2
     711      711       2c     1                 SystemCoreClockUpdate
     73c      73c      12c     4         ./ra/fsp/src/bsp/mcu/all/bsp_clocks.o:(.text.bsp_clock_init)
     73c      73c        0     1                 $t.5
     73d      73d      12c     1                 bsp_clock_init
     868      868        2     4         ./ra/fsp/src/bsp/mcu/all/bsp_clocks.o:(.text.R_BSP_SubClockStabilizeWaitAfterReset)
     868      868        0     1                 $t.7
     869      869        2     1                 R_BSP_SubClockStabilizeWaitAfterReset
     86c      86c       6c     4         ./ra/fsp/src/bsp/mcu/all/bsp_clocks.o:(.text.R_BSP_Init_RTC)
     86c      86c        0     1                 $t.10
     86d      86d       6c     1                 R_BSP_Init_RTC
     8d8      8d8        2     4         ./ra/fsp/src/bsp/mcu/all/bsp_common.o:(.text.bsp_init_internal)
     8d8      8d8        0     1                 $t.0
     8d9      8d9        2     1                 bsp_init_internal
     8d9      8d9        2     1                 bsp_init
     8dc      8dc       82     4         ./ra/fsp/src/bsp/mcu/all/bsp_delay.o:(.text.R_BSP_SoftwareDelay)
     8dc      8dc        0     1                 $t.0
     8dd      8dd       82     1                 R_BSP_SoftwareDelay
     960      960        8     4         ./ra/fsp/src/bsp/mcu/all/bsp_delay.o:(.text.bsp_prv_software_delay_loop)
     960      960        0     1                 sw_delay_loop
     960      960        0     1                 $t.1
     961      961        8     1                 bsp_prv_software_delay_loop
     968      968       52     4         ./ra/fsp/src/bsp/mcu/all/bsp_group_irq.o:(.text.NMI_Handler)
     968      968        0     1                 $t.1
     969      969       52     1                 NMI_Handler
     9bc      9bc       a4     4         ./ra/fsp/src/bsp/mcu/all/bsp_irq.o:(.text.bsp_irq_cfg)
     9bc      9bc        0     1                 $t.0
     9bd      9bd       a4     1                 bsp_irq_cfg
     a60      a60       58     4         ./ra/fsp/src/bsp/mcu/all/bsp_register_protection.o:(.text.R_BSP_RegisterProtectEnable)
     a60      a60        0     1                 $t.0
     a61      a61       58     1                 R_BSP_RegisterProtectEnable
     ab8      ab8       50     4         ./ra/fsp/src/bsp/mcu/all/bsp_register_protection.o:(.text.R_BSP_RegisterProtectDisable)
     ab8      ab8        0     1                 $t.1
     ab9      ab9       50     1                 R_BSP_RegisterProtectDisable
     b08      b08        e     4         ./ra/fsp/src/bsp/cmsis/Device/RENESAS/Source/startup.o:(.text.Reset_Handler)
     b08      b08        0     1                 $t.0
     b09      b09        e     1                 Reset_Handler
     b18      b18        4     4         ./ra/fsp/src/bsp/cmsis/Device/RENESAS/Source/startup.o:(.text.Default_Handler)
     b18      b18        0     1                 $t.1
     b19      b19        4     1                 Default_Handler
     b19      b19        4     1                 HardFault_Handler
     b19      b19        4     1                 MemManage_Handler
     b19      b19        4     1                 BusFault_Handler
     b19      b19        4     1                 UsageFault_Handler
     b19      b19        4     1                 SecureFault_Handler
     b19      b19        4     1                 SVC_Handler
     b19      b19        4     1                 DebugMon_Handler
     b19      b19        4     1                 PendSV_Handler
     b19      b19        4     1                 SysTick_Handler
     b1c      b1c      19c     4         ./ra/fsp/src/bsp/cmsis/Device/RENESAS/Source/system.o:(.text.SystemInit)
     b1c      b1c        0     1                 $t.0
     b1d      b1d      19c     1                 SystemInit
     cb8      cb8       26     4         ./device/src/dev_ths_driver.o:(.text.THS_PeriodicModeStart)
     cb8      cb8        0     1                 $t.0
     cb9      cb9       26     1                 THS_PeriodicModeStart
     ce0      ce0       c0     8         ./device/src/dev_ths_driver.o:(.text.THS_PeriodicDataRead)
     ce0      ce0        0     1                 $t.1
     ce1      ce1       c0     1                 THS_PeriodicDataRead
     d80      d80        0     1                 $d.2
     da0      da0       2c     4         E:\Renesas\RA\e2studio_v2025-07_fsp_v6.1.0\toolchains\llvm_arm\LLVM-ET-Arm-18.1.3-Windows-x86_64\bin\..\lib\clang-runtimes/arm-none-eabi/armv8m.main_hard_fp_exn_rtti\lib\libc.a(libc_picolib_inittls.c.o):(.text._init_tls)
     da0      da0        0     1                 $t.0
     da1      da1       2c     1                 _init_tls
     dbc      dbc        0     1                 $d.1
     dcc      dcc       14     4         E:\Renesas\RA\e2studio_v2025-07_fsp_v6.1.0\toolchains\llvm_arm\LLVM-ET-Arm-18.1.3-Windows-x86_64\bin\..\lib\clang-runtimes/arm-none-eabi/armv8m.main_hard_fp_exn_rtti\lib\libc.a(libc_picolib_machine_arm_tls.c.o):(.text._set_tls)
     dcc      dcc        0     1                 $t.0
     dcd      dcd       14     1                 _set_tls
     dd8      dd8        0     1                 $d.1
     de0      de0        8     2         E:\Renesas\RA\e2studio_v2025-07_fsp_v6.1.0\toolchains\llvm_arm\LLVM-ET-Arm-18.1.3-Windows-x86_64\bin\..\lib\clang-runtimes/arm-none-eabi/armv8m.main_hard_fp_exn_rtti\lib\libc.a(bzero.c.o):(.text.bzero)
     de0      de0        0     1                 $t.0
     de1      de1        8     1                 bzero
     de1      de1        8     1                 __aeabi_memclr4
     de1      de1        8     1                 __aeabi_memclr8
     de1      de1        8     1                 __aeabi_memclr
     de8      de8       14     2         E:\Renesas\RA\e2studio_v2025-07_fsp_v6.1.0\toolchains\llvm_arm\LLVM-ET-Arm-18.1.3-Windows-x86_64\bin\..\lib\clang-runtimes/arm-none-eabi/armv8m.main_hard_fp_exn_rtti\lib\libc.a(memcpy.c.o):(.text.memcpy)
     de8      de8        0     1                 $t.0
     de9      de9       14     1                 memcpy
     de9      de9       14     1                 __aeabi_memcpy4
     de9      de9       14     1                 __aeabi_memcpy8
     de9      de9       14     1                 __aeabi_memcpy
     dfc      dfc        e     2         E:\Renesas\RA\e2studio_v2025-07_fsp_v6.1.0\toolchains\llvm_arm\LLVM-ET-Arm-18.1.3-Windows-x86_64\bin\..\lib\clang-runtimes/arm-none-eabi/armv8m.main_hard_fp_exn_rtti\lib\libc.a(memset.c.o):(.text.memset)
     dfc      dfc        0     1                 $t.0
     dfd      dfd        e     1                 memset
     e10      e10      3d8     8         E:\Renesas\RA\e2studio_v2025-07_fsp_v6.1.0\toolchains\llvm_arm\LLVM-ET-Arm-18.1.3-Windows-x86_64\bin\..\lib\clang-runtimes/arm-none-eabi/armv8m.main_hard_fp_exn_rtti\lib\libclang_rt.builtins.a(adddf3.c.obj):(.text.__adddf3)
     e10      e10        0     1                 $t.0
     e11      e11      3d8     1                 __adddf3
    11d8     11d8        0     1                 $d.1
    11e8     11e8       14     2         E:\Renesas\RA\e2studio_v2025-07_fsp_v6.1.0\toolchains\llvm_arm\LLVM-ET-Arm-18.1.3-Windows-x86_64\bin\..\lib\clang-runtimes/arm-none-eabi/armv8m.main_hard_fp_exn_rtti\lib\libclang_rt.builtins.a(adddf3.c.obj):(.text.__aeabi_dadd)
    11e8     11e8        0     1                 $t.2
    11e9     11e9       14     1                 __aeabi_dadd
    11fc     11fc       20     4         E:\Renesas\RA\e2studio_v2025-07_fsp_v6.1.0\toolchains\llvm_arm\LLVM-ET-Arm-18.1.3-Windows-x86_64\bin\..\lib\clang-runtimes/arm-none-eabi/armv8m.main_hard_fp_exn_rtti\lib\libclang_rt.builtins.a(fp_mode.c.obj):(.text.__fe_getround)
    11fc     11fc        0     1                 $t.0
    11fd     11fd       20     1                 __fe_getround
    1218     1218        0     1                 $d.1
    121c     121c       10     2         E:\Renesas\RA\e2studio_v2025-07_fsp_v6.1.0\toolchains\llvm_arm\LLVM-ET-Arm-18.1.3-Windows-x86_64\bin\..\lib\clang-runtimes/arm-none-eabi/armv8m.main_hard_fp_exn_rtti\lib\libclang_rt.builtins.a(fp_mode.c.obj):(.text.__fe_raise_inexact)
    121c     121c        0     1                 $t.2
    121d     121d       10     1                 __fe_raise_inexact
    1230     1230      3a0     8         E:\Renesas\RA\e2studio_v2025-07_fsp_v6.1.0\toolchains\llvm_arm\LLVM-ET-Arm-18.1.3-Windows-x86_64\bin\..\lib\clang-runtimes/arm-none-eabi/armv8m.main_hard_fp_exn_rtti\lib\libclang_rt.builtins.a(divdf3.c.obj):(.text.__divdf3)
    1230     1230        0     1                 $t.0
    1231     1231      3a0     1                 __divdf3
    15c8     15c8        0     1                 $d.1
    15d0     15d0       14     2         E:\Renesas\RA\e2studio_v2025-07_fsp_v6.1.0\toolchains\llvm_arm\LLVM-ET-Arm-18.1.3-Windows-x86_64\bin\..\lib\clang-runtimes/arm-none-eabi/armv8m.main_hard_fp_exn_rtti\lib\libclang_rt.builtins.a(divdf3.c.obj):(.text.__aeabi_ddiv)
    15d0     15d0        0     1                 $t.2
    15d1     15d1       14     1                 __aeabi_ddiv
    15e8     15e8       60     8         E:\Renesas\RA\e2studio_v2025-07_fsp_v6.1.0\toolchains\llvm_arm\LLVM-ET-Arm-18.1.3-Windows-x86_64\bin\..\lib\clang-runtimes/arm-none-eabi/armv8m.main_hard_fp_exn_rtti\lib\libclang_rt.builtins.a(floatunsidf.c.obj):(.text.__aeabi_ui2d)
    15e8     15e8        0     1                 $t.2
    15e9     15e9       60     1                 __aeabi_ui2d
    1640     1640        0     1                 $d.3
    1648     1648      2e8     8         E:\Renesas\RA\e2studio_v2025-07_fsp_v6.1.0\toolchains\llvm_arm\LLVM-ET-Arm-18.1.3-Windows-x86_64\bin\..\lib\clang-runtimes/arm-none-eabi/armv8m.main_hard_fp_exn_rtti\lib\libclang_rt.builtins.a(muldf3.c.obj):(.text.__muldf3)
    1648     1648        0     1                 $t.0
    1649     1649      2e8     1                 __muldf3
    1928     1928        0     1                 $d.1
    1930     1930       14     2         E:\Renesas\RA\e2studio_v2025-07_fsp_v6.1.0\toolchains\llvm_arm\LLVM-ET-Arm-18.1.3-Windows-x86_64\bin\..\lib\clang-runtimes/arm-none-eabi/armv8m.main_hard_fp_exn_rtti\lib\libclang_rt.builtins.a(muldf3.c.obj):(.text.__aeabi_dmul)
    1930     1930        0     1                 $t.2
    1931     1931       14     1                 __aeabi_dmul
    1944     1944      126     2         E:\Renesas\RA\e2studio_v2025-07_fsp_v6.1.0\toolchains\llvm_arm\LLVM-ET-Arm-18.1.3-Windows-x86_64\bin\..\lib\clang-runtimes/arm-none-eabi/armv8m.main_hard_fp_exn_rtti\lib\libclang_rt.builtins.a(truncdfsf2.c.obj):(.text.__truncdfsf2)
    1944     1944        0     1                 $t.0
    1945     1945      126     1                 __truncdfsf2
    1a6a     1a6a       10     2         E:\Renesas\RA\e2studio_v2025-07_fsp_v6.1.0\toolchains\llvm_arm\LLVM-ET-Arm-18.1.3-Windows-x86_64\bin\..\lib\clang-runtimes/arm-none-eabi/armv8m.main_hard_fp_exn_rtti\lib\libclang_rt.builtins.a(truncdfsf2.c.obj):(.text.__aeabi_d2f)
    1a6a     1a6a        0     1                 $t.1
    1a6b     1a6b       10     1                 __aeabi_d2f
    1a7a     1a7a        6     1         ./ra_gen/hal_data.o:(.rodata.g_i2c0_cfg_extend)
    1a7a     1a7a        6     1                 g_i2c0_cfg_extend
    1a80     1a80       28     4         ./ra_gen/hal_data.o:(.rodata.g_i2c0_cfg)
    1a80     1a80       28     1                 g_i2c0_cfg
    1aa8     1aa8       20     4         ./ra_gen/pin_data.o:(.rodata.g_bsp_pin_cfg_data)
    1aa8     1aa8       20     1                 g_bsp_pin_cfg_data
    1ac8     1ac8        c     4         ./ra_gen/pin_data.o:(.rodata.g_bsp_pin_cfg)
    1ac8     1ac8        c     1                 g_bsp_pin_cfg
    1ad4     1ad4        4     2         ./ra_gen/vector_data.o:(.rodata.g_interrupt_event_link_select)
    1ad4     1ad4        4     1                 g_interrupt_event_link_select
    1ad8     1ad8        6     2         ./ra/fsp/src/r_ioport/r_ioport.o:(.rodata.g_vbatt_pins_input)
    1ad8     1ad8        6     1                 g_vbatt_pins_input
    1ae0     1ae0        8     4         ./ra/fsp/src/bsp/mcu/ra6e2/bsp_linker.o:(.rodata.nocache_list)
    1ae0     1ae0        8     1                 nocache_list
    1ae8     1ae8       18     4         ./ra/fsp/src/bsp/mcu/ra6e2/bsp_linker.o:(.rodata.g_init_info)
    1ae8     1ae8       18     1                 g_init_info
    1b00     1b00       24     4         ./ra/fsp/src/bsp/mcu/ra6e2/bsp_linker.o:(.rodata.zero_list)
    1b00     1b00       24     1                 zero_list
    1b24     1b24       40     4         ./ra/fsp/src/bsp/mcu/ra6e2/bsp_linker.o:(.rodata.copy_list)
    1b24     1b24       40     1                 copy_list
    1b64     1b64        a     2         ./ra/fsp/src/bsp/mcu/all/bsp_register_protection.o:(.rodata.g_prcr_masks)
    1b64     1b64        a     1                 g_prcr_masks
    1b70     1b70        c     4         E:\Renesas\RA\e2studio_v2025-07_fsp_v6.1.0\toolchains\llvm_arm\LLVM-ET-Arm-18.1.3-Windows-x86_64\bin\..\lib\clang-runtimes/arm-none-eabi/armv8m.main_hard_fp_exn_rtti\lib\libclang_rt.builtins.a(fp_mode.c.obj):(.rodata..Lswitch.table.__fe_getround)
    1b70     1b70        c     1                 .Lswitch.table.__fe_getround
    1b7c     1b7c       4e     4         ./ra/fsp/src/bsp/mcu/all/bsp_common.o:(.version)
    1b7c     1b7c        4     1                 g_fsp_version
    1b80     1b80        6     1                 g_fsp_version_string
    1b86     1b86       44     1                 g_fsp_version_build_string
    1bca     1bca        0     1         __flash_readonly$$Limit = .
    1bca     1bca        0     1 __flash_preinit_array$$
    1bca     1bca        0     1         __preinit_array_start = .
    1bca     1bca        0     1         __preinit_array_end = .
    1bca     1bca        0     1 __flash_init_array$$
    1bca     1bca        0     1         __init_array_start = .
    1bca     1bca        0     1         __init_array_end = .
    1bca     1bca        0     1 __flash_fini_array$$
    1bca     1bca        0     1         __fini_array_start = .
    1bca     1bca        0     1         __fini_array_end = .
    1bca     1bca        0     1 __flash_arm.exidx$$
    1bca     1bca        0     1         __exidx_start = .
    1bca     1bca        0     1         __exidx_end = .
    8000     8000        0     1 .flash.endof
    8000     8000        0     1         __ddsc_FLASH_END = .
    8000     8000        0     1 .flash.flat_nsc
    8000     8000        0     1         __ddsc_FLASH_NSC = .
 100a100  100a100        0     1 .option_setting_ofs0.startof
 100a100  100a100        0     1         __ddsc_OPTION_SETTING_OFS0_START = .
 100a100  100a100        4     4 __option_setting_ofs0_reg$$
 100a100  100a100        0     1         __option_setting_ofs0_reg$$Base = .
 100a100  100a100        4     4         ./ra/fsp/src/bsp/mcu/ra6e2/bsp_linker.o:(.option_setting_ofs0)
 100a100  100a100        4     1                 g_bsp_cfg_option_setting_ofs0
 100a104  100a104        0     1         __option_setting_ofs0_reg$$Limit = .
 100a104  100a104        0     1 .option_setting_ofs0.endof
 100a104  100a104        0     1         __ddsc_OPTION_SETTING_OFS0_END = .
 100a120  100a120        0     1 .option_setting_osis.startof
 100a120  100a120        0     1         __ddsc_OPTION_SETTING_OSIS_START = .
 100a120  100a120        0     1 __option_setting_osis_reg$$
 100a120  100a120        0     1         __option_setting_osis_reg$$Base = .
 100a120  100a120        0     1         __option_setting_osis_reg$$Limit = .
 100a120  100a120        0     1 .option_setting_osis.endof
 100a120  100a120        0     1         __ddsc_OPTION_SETTING_OSIS_END = .
 100a200  100a200        0     1 .option_setting_ofs1_sec.startof
 100a200  100a200        0     1         __ddsc_OPTION_SETTING_OFS1_SEC_START = .
 100a200  100a200        4     4 __option_setting_ofs1_sec_reg$$
 100a200  100a200        0     1         __option_setting_ofs1_sec_reg$$Base = .
 100a200  100a200        4     4         ./ra/fsp/src/bsp/mcu/ra6e2/bsp_linker.o:(.option_setting_ofs1_sec)
 100a200  100a200        4     1                 g_bsp_cfg_option_setting_ofs1_sec
 100a204  100a204        0     1         __option_setting_ofs1_sec_reg$$Limit = .
 100a204  100a204        0     1 .option_setting_ofs1_sec.endof
 100a204  100a204        0     1         __ddsc_OPTION_SETTING_OFS1_SEC_END = .
 100a240  100a240        0     1 .option_setting_bps_sec.startof
 100a240  100a240        0     1         __ddsc_OPTION_SETTING_BPS_SEC_START = .
 100a240  100a240        0     1 __option_setting_bps_sec_reg$$
 100a240  100a240        0     1         __option_setting_bps_sec_reg$$Base = .
 100a240  100a240        0     1         __option_setting_bps_sec_reg$$Limit = .
 100a240  100a240        0     1 .option_setting_bps_sec.endof
 100a240  100a240        0     1         __ddsc_OPTION_SETTING_BPS_SEC_END = .
 100a260  100a260        0     1 .option_setting_pbps_sec.startof
 100a260  100a260        0     1         __ddsc_OPTION_SETTING_PBPS_SEC_START = .
 100a260  100a260        0     1 __option_setting_pbps_sec_reg$$
 100a260  100a260        0     1         __option_setting_pbps_sec_reg$$Base = .
 100a260  100a260        0     1         __option_setting_pbps_sec_reg$$Limit = .
 100a260  100a260        0     1 .option_setting_pbps_sec.endof
 100a260  100a260        0     1         __ddsc_OPTION_SETTING_PBPS_SEC_END = .
 100a260  100a260        0     1 PROVIDE ( __tls_base = ADDR ( __ram_tdata$$ ) )
 100a260  100a260        0     1 PROVIDE ( __tdata_source = LOADADDR ( __ram_tdata$$ ) )
 100a260  100a260        0     1 PROVIDE ( __tdata_size = SIZEOF ( __ram_tdata$$ ) )
 100a260  100a260        0     1 PROVIDE ( __tbss_offset = ADDR ( __ram_tbss$$ ) - ADDR ( __ram_tdata$$ ) )
 100a260  100a260        0     1 PROVIDE ( __tbss_size = SIZEOF ( __ram_tbss$$ ) )
 100a260  100a260        0     1 PROVIDE ( __arm32_tls_tcb_offset = 8 )
       0        0     2118     1 .debug_abbrev
       0        0      14a     1         ./src/hal_entry.o:(.debug_abbrev)
     14a      14a      106     1         ./src/hal_warmstart.o:(.debug_abbrev)
     250      250      10d     1         ./ra_gen/common_data.o:(.debug_abbrev)
     35d      35d      235     1         ./ra_gen/hal_data.o:(.debug_abbrev)
     592      592       3c     1         ./ra_gen/main.o:(.debug_abbrev)
     5ce      5ce       e6     1         ./ra_gen/pin_data.o:(.debug_abbrev)
     6b4      6b4       92     1         ./ra_gen/vector_data.o:(.debug_abbrev)
     746      746      435     1         ./ra/fsp/src/r_sci_i2c/r_sci_i2c.o:(.debug_abbrev)
     b7b      b7b      30d     1         ./ra/fsp/src/r_ioport/r_ioport.o:(.debug_abbrev)
     e88      e88       a2     1         ./ra/fsp/src/bsp/mcu/ra6e2/bsp_linker.o:(.debug_abbrev)
     f2a      f2a      2de     1         ./ra/fsp/src/bsp/mcu/all/bsp_clocks.o:(.debug_abbrev)
    1208     1208      149     1         ./ra/fsp/src/bsp/mcu/all/bsp_common.o:(.debug_abbrev)
    1351     1351       ad     1         ./ra/fsp/src/bsp/mcu/all/bsp_delay.o:(.debug_abbrev)
    13fe     13fe      1ff     1         ./ra/fsp/src/bsp/mcu/all/bsp_group_irq.o:(.debug_abbrev)
    15fd     15fd       44     1         ./ra/fsp/src/bsp/mcu/all/bsp_io.o:(.debug_abbrev)
    1641     1641      1b2     1         ./ra/fsp/src/bsp/mcu/all/bsp_irq.o:(.debug_abbrev)
    17f3     17f3      221     1         ./ra/fsp/src/bsp/mcu/all/bsp_register_protection.o:(.debug_abbrev)
    1a14     1a14       67     1         ./ra/fsp/src/bsp/mcu/all/bsp_sbrk.o:(.debug_abbrev)
    1a7b     1a7b       a7     1         ./ra/fsp/src/bsp/cmsis/Device/RENESAS/Source/startup.o:(.debug_abbrev)
    1b22     1b22      1fe     1         ./ra/fsp/src/bsp/cmsis/Device/RENESAS/Source/system.o:(.debug_abbrev)
    1d20     1d20      11a     1         ./device/src/dev_ths_driver.o:(.debug_abbrev)
    1e3a     1e3a       2e     1         E:\Renesas\RA\e2studio_v2025-07_fsp_v6.1.0\toolchains\llvm_arm\LLVM-ET-Arm-18.1.3-Windows-x86_64\bin\..\lib\clang-runtimes/arm-none-eabi/armv8m.main_hard_fp_exn_rtti\lib\libc.a(libc_errno_errno.c.o):(.debug_abbrev)
    1e68     1e68       74     1         E:\Renesas\RA\e2studio_v2025-07_fsp_v6.1.0\toolchains\llvm_arm\LLVM-ET-Arm-18.1.3-Windows-x86_64\bin\..\lib\clang-runtimes/arm-none-eabi/armv8m.main_hard_fp_exn_rtti\lib\libc.a(libc_picolib_inittls.c.o):(.debug_abbrev)
    1edc     1edc       62     1         E:\Renesas\RA\e2studio_v2025-07_fsp_v6.1.0\toolchains\llvm_arm\LLVM-ET-Arm-18.1.3-Windows-x86_64\bin\..\lib\clang-runtimes/arm-none-eabi/armv8m.main_hard_fp_exn_rtti\lib\libc.a(libc_picolib_machine_arm_tls.c.o):(.debug_abbrev)
    1f3e     1f3e       21     1         E:\Renesas\RA\e2studio_v2025-07_fsp_v6.1.0\toolchains\llvm_arm\LLVM-ET-Arm-18.1.3-Windows-x86_64\bin\..\lib\clang-runtimes/arm-none-eabi/armv8m.main_hard_fp_exn_rtti\lib\libc.a(libc_picolib_machine_arm_read_tp.S.o):(.debug_abbrev)
    1f5f     1f5f       94     1         E:\Renesas\RA\e2studio_v2025-07_fsp_v6.1.0\toolchains\llvm_arm\LLVM-ET-Arm-18.1.3-Windows-x86_64\bin\..\lib\clang-runtimes/arm-none-eabi/armv8m.main_hard_fp_exn_rtti\lib\libc.a(bzero.c.o):(.debug_abbrev)
    1ff3     1ff3       a0     1         E:\Renesas\RA\e2studio_v2025-07_fsp_v6.1.0\toolchains\llvm_arm\LLVM-ET-Arm-18.1.3-Windows-x86_64\bin\..\lib\clang-runtimes/arm-none-eabi/armv8m.main_hard_fp_exn_rtti\lib\libc.a(memcpy.c.o):(.debug_abbrev)
    2093     2093       85     1         E:\Renesas\RA\e2studio_v2025-07_fsp_v6.1.0\toolchains\llvm_arm\LLVM-ET-Arm-18.1.3-Windows-x86_64\bin\..\lib\clang-runtimes/arm-none-eabi/armv8m.main_hard_fp_exn_rtti\lib\libc.a(memset.c.o):(.debug_abbrev)
       0        0    16c85     1 .debug_info
       0        0      6cd     1         ./src/hal_entry.o:(.debug_info)
     6cd      6cd      9e9     1         ./src/hal_warmstart.o:(.debug_info)
    10b6     10b6      be2     1         ./ra_gen/common_data.o:(.debug_info)
    1c98     1c98     2293     1         ./ra_gen/hal_data.o:(.debug_info)
    3f2b     3f2b       37     1         ./ra_gen/main.o:(.debug_info)
    3f62     3f62      49b     1         ./ra_gen/pin_data.o:(.debug_info)
    43fd     43fd      34d     1         ./ra_gen/vector_data.o:(.debug_info)
    474a     474a     3dbf     1         ./ra/fsp/src/r_sci_i2c/r_sci_i2c.o:(.debug_info)
    8509     8509     3024     1         ./ra/fsp/src/r_ioport/r_ioport.o:(.debug_info)
    b52d     b52d      1df     1         ./ra/fsp/src/bsp/mcu/ra6e2/bsp_linker.o:(.debug_info)
    b70c     b70c     470b     1         ./ra/fsp/src/bsp/mcu/all/bsp_clocks.o:(.debug_info)
    fe17     fe17      58a     1         ./ra/fsp/src/bsp/mcu/all/bsp_common.o:(.debug_info)
   103a1    103a1      104     1         ./ra/fsp/src/bsp/mcu/all/bsp_delay.o:(.debug_info)
   104a5    104a5      da8     1         ./ra/fsp/src/bsp/mcu/all/bsp_group_irq.o:(.debug_info)
   1124d    1124d       43     1         ./ra/fsp/src/bsp/mcu/all/bsp_io.o:(.debug_info)
   11290    11290     15a7     1         ./ra/fsp/src/bsp/mcu/all/bsp_irq.o:(.debug_info)
   12837    12837     2ec3     1         ./ra/fsp/src/bsp/mcu/all/bsp_register_protection.o:(.debug_info)
   156fa    156fa       5f     1         ./ra/fsp/src/bsp/mcu/all/bsp_sbrk.o:(.debug_info)
   15759    15759       b1     1         ./ra/fsp/src/bsp/cmsis/Device/RENESAS/Source/startup.o:(.debug_info)
   1580a    1580a      b0f     1         ./ra/fsp/src/bsp/cmsis/Device/RENESAS/Source/system.o:(.debug_info)
   16319    16319      5cc     1         ./device/src/dev_ths_driver.o:(.debug_info)
   168e5    168e5       2e     1         E:\Renesas\RA\e2studio_v2025-07_fsp_v6.1.0\toolchains\llvm_arm\LLVM-ET-Arm-18.1.3-Windows-x86_64\bin\..\lib\clang-runtimes/arm-none-eabi/armv8m.main_hard_fp_exn_rtti\lib\libc.a(libc_errno_errno.c.o):(.debug_info)
   16913    16913       64     1         E:\Renesas\RA\e2studio_v2025-07_fsp_v6.1.0\toolchains\llvm_arm\LLVM-ET-Arm-18.1.3-Windows-x86_64\bin\..\lib\clang-runtimes/arm-none-eabi/armv8m.main_hard_fp_exn_rtti\lib\libc.a(libc_picolib_inittls.c.o):(.debug_info)
   16977    16977       60     1         E:\Renesas\RA\e2studio_v2025-07_fsp_v6.1.0\toolchains\llvm_arm\LLVM-ET-Arm-18.1.3-Windows-x86_64\bin\..\lib\clang-runtimes/arm-none-eabi/armv8m.main_hard_fp_exn_rtti\lib\libc.a(libc_picolib_machine_arm_tls.c.o):(.debug_info)
   169d7    169d7      129     1         E:\Renesas\RA\e2studio_v2025-07_fsp_v6.1.0\toolchains\llvm_arm\LLVM-ET-Arm-18.1.3-Windows-x86_64\bin\..\lib\clang-runtimes/arm-none-eabi/armv8m.main_hard_fp_exn_rtti\lib\libc.a(libc_picolib_machine_arm_read_tp.S.o):(.debug_info)
   16b00    16b00       76     1         E:\Renesas\RA\e2studio_v2025-07_fsp_v6.1.0\toolchains\llvm_arm\LLVM-ET-Arm-18.1.3-Windows-x86_64\bin\..\lib\clang-runtimes/arm-none-eabi/armv8m.main_hard_fp_exn_rtti\lib\libc.a(bzero.c.o):(.debug_info)
   16b76    16b76       97     1         E:\Renesas\RA\e2studio_v2025-07_fsp_v6.1.0\toolchains\llvm_arm\LLVM-ET-Arm-18.1.3-Windows-x86_64\bin\..\lib\clang-runtimes/arm-none-eabi/armv8m.main_hard_fp_exn_rtti\lib\libc.a(memcpy.c.o):(.debug_info)
   16c0d    16c0d       78     1         E:\Renesas\RA\e2studio_v2025-07_fsp_v6.1.0\toolchains\llvm_arm\LLVM-ET-Arm-18.1.3-Windows-x86_64\bin\..\lib\clang-runtimes/arm-none-eabi/armv8m.main_hard_fp_exn_rtti\lib\libc.a(memset.c.o):(.debug_info)
       0        0      2c9     1 .debug_rnglists
       0        0       17     1         ./src/hal_entry.o:(.debug_rnglists)
      17       17      12a     1         ./ra/fsp/src/r_sci_i2c/r_sci_i2c.o:(.debug_rnglists)
     141      141       76     1         ./ra/fsp/src/r_ioport/r_ioport.o:(.debug_rnglists)
     1b7      1b7       5b     1         ./ra/fsp/src/bsp/mcu/all/bsp_clocks.o:(.debug_rnglists)
     212      212       1a     1         ./ra/fsp/src/bsp/mcu/all/bsp_common.o:(.debug_rnglists)
     22c      22c       18     1         ./ra/fsp/src/bsp/mcu/all/bsp_delay.o:(.debug_rnglists)
     244      244       17     1         ./ra/fsp/src/bsp/mcu/all/bsp_group_irq.o:(.debug_rnglists)
     25b      25b       24     1         ./ra/fsp/src/bsp/mcu/all/bsp_register_protection.o:(.debug_rnglists)
     27f      27f       17     1         ./ra/fsp/src/bsp/cmsis/Device/RENESAS/Source/startup.o:(.debug_rnglists)
     296      296       18     1         ./ra/fsp/src/bsp/cmsis/Device/RENESAS/Source/system.o:(.debug_rnglists)
     2ae      2ae       1b     1         ./device/src/dev_ths_driver.o:(.debug_rnglists)
       0        0     82cc     1 .debug_str_offsets
       0        0      550     1         ./src/hal_entry.o:(.debug_str_offsets)
     550      550      814     1         ./src/hal_warmstart.o:(.debug_str_offsets)
     d64      d64      8b4     1         ./ra_gen/common_data.o:(.debug_str_offsets)
    1618     1618      b70     1         ./ra_gen/hal_data.o:(.debug_str_offsets)
    2188     2188       1c     1         ./ra_gen/main.o:(.debug_str_offsets)
    21a4     21a4      428     1         ./ra_gen/pin_data.o:(.debug_str_offsets)
    25cc     25cc      330     1         ./ra_gen/vector_data.o:(.debug_str_offsets)
    28fc     28fc     1160     1         ./ra/fsp/src/r_sci_i2c/r_sci_i2c.o:(.debug_str_offsets)
    3a5c     3a5c      fe4     1         ./ra/fsp/src/r_ioport/r_ioport.o:(.debug_str_offsets)
    4a40     4a40       9c     1         ./ra/fsp/src/bsp/mcu/ra6e2/bsp_linker.o:(.debug_str_offsets)
    4adc     4adc     1004     1         ./ra/fsp/src/bsp/mcu/all/bsp_clocks.o:(.debug_str_offsets)
    5ae0     5ae0      45c     1         ./ra/fsp/src/bsp/mcu/all/bsp_common.o:(.debug_str_offsets)
    5f3c     5f3c       74     1         ./ra/fsp/src/bsp/mcu/all/bsp_delay.o:(.debug_str_offsets)
    5fb0     5fb0      68c     1         ./ra/fsp/src/bsp/mcu/all/bsp_group_irq.o:(.debug_str_offsets)
    663c     663c       24     1         ./ra/fsp/src/bsp/mcu/all/bsp_io.o:(.debug_str_offsets)
    6660     6660      78c     1         ./ra/fsp/src/bsp/mcu/all/bsp_irq.o:(.debug_str_offsets)
    6dec     6dec      bac     1         ./ra/fsp/src/bsp/mcu/all/bsp_register_protection.o:(.debug_str_offsets)
    7998     7998       2c     1         ./ra/fsp/src/bsp/mcu/all/bsp_sbrk.o:(.debug_str_offsets)
    79c4     79c4       3c     1         ./ra/fsp/src/bsp/cmsis/Device/RENESAS/Source/startup.o:(.debug_str_offsets)
    7a00     7a00      344     1         ./ra/fsp/src/bsp/cmsis/Device/RENESAS/Source/system.o:(.debug_str_offsets)
    7d44     7d44      468     1         ./device/src/dev_ths_driver.o:(.debug_str_offsets)
    81ac     81ac       1c     1         E:\Renesas\RA\e2studio_v2025-07_fsp_v6.1.0\toolchains\llvm_arm\LLVM-ET-Arm-18.1.3-Windows-x86_64\bin\..\lib\clang-runtimes/arm-none-eabi/armv8m.main_hard_fp_exn_rtti\lib\libc.a(libc_errno_errno.c.o):(.debug_str_offsets)
    81c8     81c8       30     1         E:\Renesas\RA\e2studio_v2025-07_fsp_v6.1.0\toolchains\llvm_arm\LLVM-ET-Arm-18.1.3-Windows-x86_64\bin\..\lib\clang-runtimes/arm-none-eabi/armv8m.main_hard_fp_exn_rtti\lib\libc.a(libc_picolib_inittls.c.o):(.debug_str_offsets)
    81f8     81f8       30     1         E:\Renesas\RA\e2studio_v2025-07_fsp_v6.1.0\toolchains\llvm_arm\LLVM-ET-Arm-18.1.3-Windows-x86_64\bin\..\lib\clang-runtimes/arm-none-eabi/armv8m.main_hard_fp_exn_rtti\lib\libc.a(libc_picolib_machine_arm_tls.c.o):(.debug_str_offsets)
    8228     8228       30     1         E:\Renesas\RA\e2studio_v2025-07_fsp_v6.1.0\toolchains\llvm_arm\LLVM-ET-Arm-18.1.3-Windows-x86_64\bin\..\lib\clang-runtimes/arm-none-eabi/armv8m.main_hard_fp_exn_rtti\lib\libc.a(bzero.c.o):(.debug_str_offsets)
    8258     8258       3c     1         E:\Renesas\RA\e2studio_v2025-07_fsp_v6.1.0\toolchains\llvm_arm\LLVM-ET-Arm-18.1.3-Windows-x86_64\bin\..\lib\clang-runtimes/arm-none-eabi/armv8m.main_hard_fp_exn_rtti\lib\libc.a(memcpy.c.o):(.debug_str_offsets)
    8294     8294       38     1         E:\Renesas\RA\e2studio_v2025-07_fsp_v6.1.0\toolchains\llvm_arm\LLVM-ET-Arm-18.1.3-Windows-x86_64\bin\..\lib\clang-runtimes/arm-none-eabi/armv8m.main_hard_fp_exn_rtti\lib\libc.a(memset.c.o):(.debug_str_offsets)
       0        0     ab9d     1 .debug_str
       0        0     ab9d     1         <internal>:(.debug_str)
       0        0      3b0     1 .debug_addr
       0        0       24     1         ./src/hal_entry.o:(.debug_addr)
      24       24       10     1         ./src/hal_warmstart.o:(.debug_addr)
      34       34       14     1         ./ra_gen/common_data.o:(.debug_addr)
      48       48       1c     1         ./ra_gen/hal_data.o:(.debug_addr)
      64       64        c     1         ./ra_gen/main.o:(.debug_addr)
      70       70       10     1         ./ra_gen/pin_data.o:(.debug_addr)
      80       80       10     1         ./ra_gen/vector_data.o:(.debug_addr)
      90       90       a0     1         ./ra/fsp/src/r_sci_i2c/r_sci_i2c.o:(.debug_addr)
     130      130       8c     1         ./ra/fsp/src/r_ioport/r_ioport.o:(.debug_addr)
     1bc      1bc       20     1         ./ra/fsp/src/bsp/mcu/ra6e2/bsp_linker.o:(.debug_addr)
     1dc      1dc       64     1         ./ra/fsp/src/bsp/mcu/all/bsp_clocks.o:(.debug_addr)
     240      240       20     1         ./ra/fsp/src/bsp/mcu/all/bsp_common.o:(.debug_addr)
     260      260       20     1         ./ra/fsp/src/bsp/mcu/all/bsp_delay.o:(.debug_addr)
     280      280       1c     1         ./ra/fsp/src/bsp/mcu/all/bsp_group_irq.o:(.debug_addr)
     29c      29c        c     1         ./ra/fsp/src/bsp/mcu/all/bsp_io.o:(.debug_addr)
     2a8      2a8       24     1         ./ra/fsp/src/bsp/mcu/all/bsp_irq.o:(.debug_addr)
     2cc      2cc       2c     1         ./ra/fsp/src/bsp/mcu/all/bsp_register_protection.o:(.debug_addr)
     2f8      2f8        c     1         ./ra/fsp/src/bsp/mcu/all/bsp_sbrk.o:(.debug_addr)
     304      304       1c     1         ./ra/fsp/src/bsp/cmsis/Device/RENESAS/Source/startup.o:(.debug_addr)
     320      320       34     1         ./ra/fsp/src/bsp/cmsis/Device/RENESAS/Source/system.o:(.debug_addr)
     354      354       1c     1         ./device/src/dev_ths_driver.o:(.debug_addr)
     370      370        c     1         E:\Renesas\RA\e2studio_v2025-07_fsp_v6.1.0\toolchains\llvm_arm\LLVM-ET-Arm-18.1.3-Windows-x86_64\bin\..\lib\clang-runtimes/arm-none-eabi/armv8m.main_hard_fp_exn_rtti\lib\libc.a(libc_picolib_inittls.c.o):(.debug_addr)
     37c      37c        c     1         E:\Renesas\RA\e2studio_v2025-07_fsp_v6.1.0\toolchains\llvm_arm\LLVM-ET-Arm-18.1.3-Windows-x86_64\bin\..\lib\clang-runtimes/arm-none-eabi/armv8m.main_hard_fp_exn_rtti\lib\libc.a(libc_picolib_machine_arm_tls.c.o):(.debug_addr)
     388      388       10     1         E:\Renesas\RA\e2studio_v2025-07_fsp_v6.1.0\toolchains\llvm_arm\LLVM-ET-Arm-18.1.3-Windows-x86_64\bin\..\lib\clang-runtimes/arm-none-eabi/armv8m.main_hard_fp_exn_rtti\lib\libc.a(bzero.c.o):(.debug_addr)
     398      398        c     1         E:\Renesas\RA\e2studio_v2025-07_fsp_v6.1.0\toolchains\llvm_arm\LLVM-ET-Arm-18.1.3-Windows-x86_64\bin\..\lib\clang-runtimes/arm-none-eabi/armv8m.main_hard_fp_exn_rtti\lib\libc.a(memcpy.c.o):(.debug_addr)
     3a4      3a4        c     1         E:\Renesas\RA\e2studio_v2025-07_fsp_v6.1.0\toolchains\llvm_arm\LLVM-ET-Arm-18.1.3-Windows-x86_64\bin\..\lib\clang-runtimes/arm-none-eabi/armv8m.main_hard_fp_exn_rtti\lib\libc.a(memset.c.o):(.debug_addr)
       0        0       29     1 .comment
       0        0       29     1         <internal>:(.comment)
       0        0       4c     1 .ARM.attributes
       0        0       4c     1         ./src/hal_entry.o:(.ARM.attributes)
       0        0      784     4 .debug_frame
       0        0       40     4         ./src/hal_entry.o:(.debug_frame)
      40       40       24     4         ./src/hal_warmstart.o:(.debug_frame)
      64       64       24     4         ./ra_gen/common_data.o:(.debug_frame)
      88       88       24     4         ./ra_gen/hal_data.o:(.debug_frame)
      ac       ac       30     4         ./ra_gen/main.o:(.debug_frame)
      dc       dc      108     4         ./ra/fsp/src/r_sci_i2c/r_sci_i2c.o:(.debug_frame)
     1e4      1e4      154     4         ./ra/fsp/src/r_ioport/r_ioport.o:(.debug_frame)
     338      338      104     4         ./ra/fsp/src/bsp/mcu/all/bsp_clocks.o:(.debug_frame)
     43c      43c       44     4         ./ra/fsp/src/bsp/mcu/all/bsp_common.o:(.debug_frame)
     480      480       34     4         ./ra/fsp/src/bsp/mcu/all/bsp_delay.o:(.debug_frame)
     4b4      4b4       4c     4         ./ra/fsp/src/bsp/mcu/all/bsp_group_irq.o:(.debug_frame)
     500      500       38     4         ./ra/fsp/src/bsp/mcu/all/bsp_irq.o:(.debug_frame)
     538      538       40     4         ./ra/fsp/src/bsp/mcu/all/bsp_register_protection.o:(.debug_frame)
     578      578       30     4         ./ra/fsp/src/bsp/mcu/all/bsp_sbrk.o:(.debug_frame)
     5a8      5a8       40     4         ./ra/fsp/src/bsp/cmsis/Device/RENESAS/Source/startup.o:(.debug_frame)
     5e8      5e8       4c     4         ./ra/fsp/src/bsp/cmsis/Device/RENESAS/Source/system.o:(.debug_frame)
     634      634       58     4         ./device/src/dev_ths_driver.o:(.debug_frame)
     68c      68c       34     4         E:\Renesas\RA\e2studio_v2025-07_fsp_v6.1.0\toolchains\llvm_arm\LLVM-ET-Arm-18.1.3-Windows-x86_64\bin\..\lib\clang-runtimes/arm-none-eabi/armv8m.main_hard_fp_exn_rtti\lib\libc.a(libc_picolib_inittls.c.o):(.debug_frame)
     6c0      6c0       24     4         E:\Renesas\RA\e2studio_v2025-07_fsp_v6.1.0\toolchains\llvm_arm\LLVM-ET-Arm-18.1.3-Windows-x86_64\bin\..\lib\clang-runtimes/arm-none-eabi/armv8m.main_hard_fp_exn_rtti\lib\libc.a(libc_picolib_machine_arm_tls.c.o):(.debug_frame)
     6e4      6e4       24     4         E:\Renesas\RA\e2studio_v2025-07_fsp_v6.1.0\toolchains\llvm_arm\LLVM-ET-Arm-18.1.3-Windows-x86_64\bin\..\lib\clang-runtimes/arm-none-eabi/armv8m.main_hard_fp_exn_rtti\lib\libc.a(libc_picolib_machine_arm_read_tp.S.o):(.debug_frame)
     708      708       24     4         E:\Renesas\RA\e2studio_v2025-07_fsp_v6.1.0\toolchains\llvm_arm\LLVM-ET-Arm-18.1.3-Windows-x86_64\bin\..\lib\clang-runtimes/arm-none-eabi/armv8m.main_hard_fp_exn_rtti\lib\libc.a(bzero.c.o):(.debug_frame)
     72c      72c       34     4         E:\Renesas\RA\e2studio_v2025-07_fsp_v6.1.0\toolchains\llvm_arm\LLVM-ET-Arm-18.1.3-Windows-x86_64\bin\..\lib\clang-runtimes/arm-none-eabi/armv8m.main_hard_fp_exn_rtti\lib\libc.a(memcpy.c.o):(.debug_frame)
     760      760       24     4         E:\Renesas\RA\e2studio_v2025-07_fsp_v6.1.0\toolchains\llvm_arm\LLVM-ET-Arm-18.1.3-Windows-x86_64\bin\..\lib\clang-runtimes/arm-none-eabi/armv8m.main_hard_fp_exn_rtti\lib\libc.a(memset.c.o):(.debug_frame)
       0        0     26dd     1 .debug_line
       0        0      156     1         ./src/hal_entry.o:(.debug_line)
     156      156      119     1         ./src/hal_warmstart.o:(.debug_line)
     26f      26f       f8     1         ./ra_gen/common_data.o:(.debug_line)
     367      367      139     1         ./ra_gen/hal_data.o:(.debug_line)
     4a0      4a0       71     1         ./ra_gen/main.o:(.debug_line)
     511      511       bc     1         ./ra_gen/pin_data.o:(.debug_line)
     5cd      5cd       9f     1         ./ra_gen/vector_data.o:(.debug_line)
     66c      66c      78c     1         ./ra/fsp/src/r_sci_i2c/r_sci_i2c.o:(.debug_line)
     df8      df8      546     1         ./ra/fsp/src/r_ioport/r_ioport.o:(.debug_line)
    133e     133e       a7     1         ./ra/fsp/src/bsp/mcu/ra6e2/bsp_linker.o:(.debug_line)
    13e5     13e5      439     1         ./ra/fsp/src/bsp/mcu/all/bsp_clocks.o:(.debug_line)
    181e     181e      105     1         ./ra/fsp/src/bsp/mcu/all/bsp_common.o:(.debug_line)
    1923     1923      151     1         ./ra/fsp/src/bsp/mcu/all/bsp_delay.o:(.debug_line)
    1a74     1a74      137     1         ./ra/fsp/src/bsp/mcu/all/bsp_group_irq.o:(.debug_line)
    1bab     1bab       8e     1         ./ra/fsp/src/bsp/mcu/all/bsp_io.o:(.debug_line)
    1c39     1c39       f2     1         ./ra/fsp/src/bsp/mcu/all/bsp_irq.o:(.debug_line)
    1d2b     1d2b      128     1         ./ra/fsp/src/bsp/mcu/all/bsp_register_protection.o:(.debug_line)
    1e53     1e53       b3     1         ./ra/fsp/src/bsp/mcu/all/bsp_sbrk.o:(.debug_line)
    1f06     1f06       b9     1         ./ra/fsp/src/bsp/cmsis/Device/RENESAS/Source/startup.o:(.debug_line)
    1fbf     1fbf      1ce     1         ./ra/fsp/src/bsp/cmsis/Device/RENESAS/Source/system.o:(.debug_line)
    218d     218d      1a3     1         ./device/src/dev_ths_driver.o:(.debug_line)
    2330     2330       43     1         E:\Renesas\RA\e2studio_v2025-07_fsp_v6.1.0\toolchains\llvm_arm\LLVM-ET-Arm-18.1.3-Windows-x86_64\bin\..\lib\clang-runtimes/arm-none-eabi/armv8m.main_hard_fp_exn_rtti\lib\libc.a(libc_errno_errno.c.o):(.debug_line)
    2373     2373       a2     1         E:\Renesas\RA\e2studio_v2025-07_fsp_v6.1.0\toolchains\llvm_arm\LLVM-ET-Arm-18.1.3-Windows-x86_64\bin\..\lib\clang-runtimes/arm-none-eabi/armv8m.main_hard_fp_exn_rtti\lib\libc.a(libc_picolib_inittls.c.o):(.debug_line)
    2415     2415       ad     1         E:\Renesas\RA\e2studio_v2025-07_fsp_v6.1.0\toolchains\llvm_arm\LLVM-ET-Arm-18.1.3-Windows-x86_64\bin\..\lib\clang-runtimes/arm-none-eabi/armv8m.main_hard_fp_exn_rtti\lib\libc.a(libc_picolib_machine_arm_tls.c.o):(.debug_line)
    24c2     24c2       45     1         E:\Renesas\RA\e2studio_v2025-07_fsp_v6.1.0\toolchains\llvm_arm\LLVM-ET-Arm-18.1.3-Windows-x86_64\bin\..\lib\clang-runtimes/arm-none-eabi/armv8m.main_hard_fp_exn_rtti\lib\libc.a(libc_picolib_machine_arm_read_tp.S.o):(.debug_line)
    2507     2507       a1     1         E:\Renesas\RA\e2studio_v2025-07_fsp_v6.1.0\toolchains\llvm_arm\LLVM-ET-Arm-18.1.3-Windows-x86_64\bin\..\lib\clang-runtimes/arm-none-eabi/armv8m.main_hard_fp_exn_rtti\lib\libc.a(bzero.c.o):(.debug_line)
    25a8     25a8       9f     1         E:\Renesas\RA\e2studio_v2025-07_fsp_v6.1.0\toolchains\llvm_arm\LLVM-ET-Arm-18.1.3-Windows-x86_64\bin\..\lib\clang-runtimes/arm-none-eabi/armv8m.main_hard_fp_exn_rtti\lib\libc.a(memcpy.c.o):(.debug_line)
    2647     2647       96     1         E:\Renesas\RA\e2studio_v2025-07_fsp_v6.1.0\toolchains\llvm_arm\LLVM-ET-Arm-18.1.3-Windows-x86_64\bin\..\lib\clang-runtimes/arm-none-eabi/armv8m.main_hard_fp_exn_rtti\lib\libc.a(memset.c.o):(.debug_line)
       0        0      ed6     1 .debug_line_str
       0        0      ed6     1         <internal>:(.debug_line_str)
       0        0      ff5     1 .debug_loclists
       0        0       1e     1         ./src/hal_warmstart.o:(.debug_loclists)
      1e       1e      504     1         ./ra/fsp/src/r_sci_i2c/r_sci_i2c.o:(.debug_loclists)
     522      522      526     1         ./ra/fsp/src/r_ioport/r_ioport.o:(.debug_loclists)
     a48      a48      18c     1         ./ra/fsp/src/bsp/mcu/all/bsp_clocks.o:(.debug_loclists)
     bd4      bd4       1d     1         ./ra/fsp/src/bsp/mcu/all/bsp_common.o:(.debug_loclists)
     bf1      bf1      107     1         ./ra/fsp/src/bsp/mcu/all/bsp_delay.o:(.debug_loclists)
     cf8      cf8       35     1         ./ra/fsp/src/bsp/mcu/all/bsp_group_irq.o:(.debug_loclists)
     d2d      d2d       5d     1         ./ra/fsp/src/bsp/mcu/all/bsp_irq.o:(.debug_loclists)
     d8a      d8a       55     1         ./ra/fsp/src/bsp/mcu/all/bsp_register_protection.o:(.debug_loclists)
     ddf      ddf       1e     1         ./ra/fsp/src/bsp/mcu/all/bsp_sbrk.o:(.debug_loclists)
     dfd      dfd       96     1         ./ra/fsp/src/bsp/cmsis/Device/RENESAS/Source/system.o:(.debug_loclists)
     e93      e93       65     1         ./device/src/dev_ths_driver.o:(.debug_loclists)
     ef8      ef8       2a     1         E:\Renesas\RA\e2studio_v2025-07_fsp_v6.1.0\toolchains\llvm_arm\LLVM-ET-Arm-18.1.3-Windows-x86_64\bin\..\lib\clang-runtimes/arm-none-eabi/armv8m.main_hard_fp_exn_rtti\lib\libc.a(libc_picolib_inittls.c.o):(.debug_loclists)
     f22      f22       1b     1         E:\Renesas\RA\e2studio_v2025-07_fsp_v6.1.0\toolchains\llvm_arm\LLVM-ET-Arm-18.1.3-Windows-x86_64\bin\..\lib\clang-runtimes/arm-none-eabi/armv8m.main_hard_fp_exn_rtti\lib\libc.a(bzero.c.o):(.debug_loclists)
     f3d      f3d       7a     1         E:\Renesas\RA\e2studio_v2025-07_fsp_v6.1.0\toolchains\llvm_arm\LLVM-ET-Arm-18.1.3-Windows-x86_64\bin\..\lib\clang-runtimes/arm-none-eabi/armv8m.main_hard_fp_exn_rtti\lib\libc.a(memcpy.c.o):(.debug_loclists)
     fb7      fb7       3e     1         E:\Renesas\RA\e2studio_v2025-07_fsp_v6.1.0\toolchains\llvm_arm\LLVM-ET-Arm-18.1.3-Windows-x86_64\bin\..\lib\clang-runtimes/arm-none-eabi/armv8m.main_hard_fp_exn_rtti\lib\libc.a(memset.c.o):(.debug_loclists)
       0        0       20     1 .debug_aranges
       0        0       20     1         E:\Renesas\RA\e2studio_v2025-07_fsp_v6.1.0\toolchains\llvm_arm\LLVM-ET-Arm-18.1.3-Windows-x86_64\bin\..\lib\clang-runtimes/arm-none-eabi/armv8m.main_hard_fp_exn_rtti\lib\libc.a(libc_picolib_machine_arm_read_tp.S.o):(.debug_aranges)
       0        0     11f0     4 .symtab
       0        0     11f0     4         <internal>:(.symtab)
       0        0      4e9     1 .shstrtab
       0        0      4e9     1         <internal>:(.shstrtab)
       0        0     124d     1 .strtab
       0        0     124d     1         <internal>:(.strtab)

Cross Reference Table

Symbol                                            File
sci_i2c_master_callback                           ./src/hal_entry.o
                                                  ./ra_gen/hal_data.o
hal_entry                                         ./src/hal_entry.o
                                                  ./ra_gen/main.o
g_i2c0_ctrl                                       ./ra_gen/hal_data.o
                                                  ./src/hal_entry.o
                                                  ./device/src/dev_ths_driver.o
g_i2c0_cfg                                        ./ra_gen/hal_data.o
                                                  ./src/hal_entry.o
R_SCI_I2C_Open                                    ./ra/fsp/src/r_sci_i2c/r_sci_i2c.o
                                                  ./src/hal_entry.o
g_ths_cmd                                         ./src/hal_entry.o
THS_PeriodicModeStart                             ./device/src/dev_ths_driver.o
                                                  ./src/hal_entry.o
g_ths_data                                        ./src/hal_entry.o
g_ths_temp                                        ./src/hal_entry.o
g_ths_rh                                          ./src/hal_entry.o
R_BSP_SoftwareDelay                               ./ra/fsp/src/bsp/mcu/all/bsp_delay.o
                                                  ./src/hal_entry.o
                                                  ./ra/fsp/src/r_ioport/r_ioport.o
                                                  ./ra/fsp/src/bsp/mcu/all/bsp_clocks.o
THS_PeriodicDataRead                              ./device/src/dev_ths_driver.o
                                                  ./src/hal_entry.o
R_BSP_WarmStart                                   ./src/hal_warmstart.o
                                                  ./ra/fsp/src/bsp/cmsis/Device/RENESAS/Source/system.o
g_ioport_ctrl                                     ./ra_gen/common_data.o
                                                  ./src/hal_warmstart.o
g_bsp_pin_cfg                                     ./ra_gen/pin_data.o
                                                  ./src/hal_warmstart.o
                                                  ./ra_gen/common_data.o
R_IOPORT_Open                                     ./ra/fsp/src/r_ioport/r_ioport.o
                                                  ./src/hal_warmstart.o
g_i2c0_cfg_extend                                 ./ra_gen/hal_data.o
main                                              ./ra_gen/main.o
                                                  ./ra/fsp/src/bsp/cmsis/Device/RENESAS/Source/startup.o
g_bsp_pin_cfg_data                                ./ra_gen/pin_data.o
g_vector_table                                    ./ra_gen/vector_data.o
sci_i2c_txi_isr                                   ./ra/fsp/src/r_sci_i2c/r_sci_i2c.o
                                                  ./ra_gen/vector_data.o
sci_i2c_tei_isr                                   ./ra/fsp/src/r_sci_i2c/r_sci_i2c.o
                                                  ./ra_gen/vector_data.o
g_interrupt_event_link_select                     ./ra_gen/vector_data.o
                                                  ./ra/fsp/src/bsp/mcu/all/bsp_irq.o
gp_renesas_isr_context                            ./ra/fsp/src/bsp/mcu/all/bsp_irq.o
                                                  ./ra/fsp/src/r_sci_i2c/r_sci_i2c.o
R_SCI_I2C_Read                                    ./ra/fsp/src/r_sci_i2c/r_sci_i2c.o
                                                  ./device/src/dev_ths_driver.o
R_SCI_I2C_Write                                   ./ra/fsp/src/r_sci_i2c/r_sci_i2c.o
                                                  ./device/src/dev_ths_driver.o
g_protect_pfswe_counter                           ./ra/fsp/src/bsp/mcu/all/bsp_io.o
                                                  ./ra/fsp/src/r_ioport/r_ioport.o
__ram_noinit_nocache$$Base                        fsp_gen.lld:147
                                                  ./ra/fsp/src/bsp/mcu/ra6e2/bsp_linker.o
__ram_zero_nocache$$Limit                         fsp_gen.lld:159
                                                  ./ra/fsp/src/bsp/mcu/ra6e2/bsp_linker.o
g_init_info                                       ./ra/fsp/src/bsp/mcu/ra6e2/bsp_linker.o
                                                  ./ra/fsp/src/bsp/cmsis/Device/RENESAS/Source/system.o
__ram_zero_nocache$$Base                          fsp_gen.lld:155
                                                  ./ra/fsp/src/bsp/mcu/ra6e2/bsp_linker.o
__ram_zero$$Base                                  fsp_gen.lld:175
                                                  ./ra/fsp/src/bsp/mcu/ra6e2/bsp_linker.o
__ram_zero$$Limit                                 fsp_gen.lld:179
                                                  ./ra/fsp/src/bsp/mcu/ra6e2/bsp_linker.o
__ram_tbss$$Base                                  fsp_gen.lld:193
                                                  ./ra/fsp/src/bsp/mcu/ra6e2/bsp_linker.o
__ram_tbss$$Limit                                 fsp_gen.lld:198
                                                  ./ra/fsp/src/bsp/mcu/ra6e2/bsp_linker.o
__ram_from_qspi_flash$$Base                       fsp_gen.lld:40
                                                  ./ra/fsp/src/bsp/mcu/ra6e2/bsp_linker.o
__ram_from_qspi_flash$$Limit                      fsp_gen.lld:45
                                                  ./ra/fsp/src/bsp/mcu/ra6e2/bsp_linker.o
__ram_from_qspi_flash$$Load                       fsp_gen.lld:40
                                                  ./ra/fsp/src/bsp/mcu/ra6e2/bsp_linker.o
__ram_from_data_flash$$Base                       fsp_gen.lld:80
                                                  ./ra/fsp/src/bsp/mcu/ra6e2/bsp_linker.o
__ram_from_data_flash$$Limit                      fsp_gen.lld:85
                                                  ./ra/fsp/src/bsp/mcu/ra6e2/bsp_linker.o
__ram_from_data_flash$$Load                       fsp_gen.lld:80
                                                  ./ra/fsp/src/bsp/mcu/ra6e2/bsp_linker.o
__ram_from_flash$$Base                            fsp_gen.lld:135
                                                  ./ra/fsp/src/bsp/mcu/ra6e2/bsp_linker.o
__ram_from_flash$$Limit                           fsp_gen.lld:142
                                                  ./ra/fsp/src/bsp/mcu/ra6e2/bsp_linker.o
__ram_from_flash$$Load                            fsp_gen.lld:135
                                                  ./ra/fsp/src/bsp/mcu/ra6e2/bsp_linker.o
__ram_tdata$$Base                                 fsp_gen.lld:184
                                                  ./ra/fsp/src/bsp/mcu/ra6e2/bsp_linker.o
__ram_tdata$$Limit                                fsp_gen.lld:188
                                                  ./ra/fsp/src/bsp/mcu/ra6e2/bsp_linker.o
__ram_tdata$$Load                                 fsp_gen.lld:184
                                                  ./ra/fsp/src/bsp/mcu/ra6e2/bsp_linker.o
SystemCoreClockUpdate                             ./ra/fsp/src/bsp/mcu/all/bsp_clocks.o
                                                  ./ra/fsp/src/bsp/cmsis/Device/RENESAS/Source/system.o
SystemCoreClock                                   ./ra/fsp/src/bsp/cmsis/Device/RENESAS/Source/system.o
                                                  ./ra/fsp/src/bsp/mcu/all/bsp_clocks.o
                                                  ./ra/fsp/src/bsp/mcu/all/bsp_delay.o
bsp_clock_init                                    ./ra/fsp/src/bsp/mcu/all/bsp_clocks.o
                                                  ./ra/fsp/src/bsp/cmsis/Device/RENESAS/Source/system.o
R_BSP_SubClockStabilizeWaitAfterReset             ./ra/fsp/src/bsp/mcu/all/bsp_clocks.o
R_BSP_Init_RTC                                    ./ra/fsp/src/bsp/mcu/all/bsp_clocks.o
                                                  ./ra/fsp/src/bsp/cmsis/Device/RENESAS/Source/system.o
bsp_init_internal                                 ./ra/fsp/src/bsp/mcu/all/bsp_common.o
bsp_init                                          ./ra/fsp/src/bsp/mcu/all/bsp_common.o
                                                  ./ra/fsp/src/bsp/cmsis/Device/RENESAS/Source/system.o
bsp_prv_software_delay_loop                       ./ra/fsp/src/bsp/mcu/all/bsp_delay.o
g_bsp_group_irq_sources                           ./ra/fsp/src/bsp/mcu/all/bsp_group_irq.o
NMI_Handler                                       ./ra/fsp/src/bsp/mcu/all/bsp_group_irq.o
                                                  ./ra/fsp/src/bsp/cmsis/Device/RENESAS/Source/startup.o
bsp_irq_cfg                                       ./ra/fsp/src/bsp/mcu/all/bsp_irq.o
                                                  ./ra/fsp/src/bsp/cmsis/Device/RENESAS/Source/system.o
R_BSP_RegisterProtectDisable                      ./ra/fsp/src/bsp/mcu/all/bsp_register_protection.o
                                                  ./ra/fsp/src/bsp/mcu/all/bsp_irq.o
                                                  ./ra/fsp/src/bsp/cmsis/Device/RENESAS/Source/system.o
R_BSP_RegisterProtectEnable                       ./ra/fsp/src/bsp/mcu/all/bsp_register_protection.o
                                                  ./ra/fsp/src/bsp/mcu/all/bsp_irq.o
                                                  ./ra/fsp/src/bsp/cmsis/Device/RENESAS/Source/system.o
g_protect_counters                                ./ra/fsp/src/bsp/mcu/all/bsp_register_protection.o
Reset_Handler                                     ./ra/fsp/src/bsp/cmsis/Device/RENESAS/Source/startup.o
SystemInit                                        ./ra/fsp/src/bsp/cmsis/Device/RENESAS/Source/system.o
                                                  ./ra/fsp/src/bsp/cmsis/Device/RENESAS/Source/startup.o
Default_Handler                                   ./ra/fsp/src/bsp/cmsis/Device/RENESAS/Source/startup.o
g_main_stack                                      ./ra/fsp/src/bsp/cmsis/Device/RENESAS/Source/startup.o
                                                  ./ra/fsp/src/bsp/cmsis/Device/RENESAS/Source/system.o
__Vectors                                         ./ra/fsp/src/bsp/cmsis/Device/RENESAS/Source/startup.o
                                                  ./ra/fsp/src/bsp/cmsis/Device/RENESAS/Source/system.o
HardFault_Handler                                 ./ra/fsp/src/bsp/cmsis/Device/RENESAS/Source/startup.o
MemManage_Handler                                 ./ra/fsp/src/bsp/cmsis/Device/RENESAS/Source/startup.o
BusFault_Handler                                  ./ra/fsp/src/bsp/cmsis/Device/RENESAS/Source/startup.o
UsageFault_Handler                                ./ra/fsp/src/bsp/cmsis/Device/RENESAS/Source/startup.o
SecureFault_Handler                               ./ra/fsp/src/bsp/cmsis/Device/RENESAS/Source/startup.o
SVC_Handler                                       ./ra/fsp/src/bsp/cmsis/Device/RENESAS/Source/startup.o
DebugMon_Handler                                  ./ra/fsp/src/bsp/cmsis/Device/RENESAS/Source/startup.o
PendSV_Handler                                    ./ra/fsp/src/bsp/cmsis/Device/RENESAS/Source/startup.o
SysTick_Handler                                   ./ra/fsp/src/bsp/cmsis/Device/RENESAS/Source/startup.o
__aeabi_memclr4                                   E:\Renesas\RA\e2studio_v2025-07_fsp_v6.1.0\toolchains\llvm_arm\LLVM-ET-Arm-18.1.3-Windows-x86_64\bin\..\lib\clang-runtimes/arm-none-eabi/armv8m.main_hard_fp_exn_rtti\lib\libc.a(bzero.c.o)
                                                  ./ra/fsp/src/bsp/cmsis/Device/RENESAS/Source/system.o
__aeabi_memcpy4                                   E:\Renesas\RA\e2studio_v2025-07_fsp_v6.1.0\toolchains\llvm_arm\LLVM-ET-Arm-18.1.3-Windows-x86_64\bin\..\lib\clang-runtimes/arm-none-eabi/armv8m.main_hard_fp_exn_rtti\lib\libc.a(memcpy.c.o)
                                                  ./ra/fsp/src/bsp/cmsis/Device/RENESAS/Source/system.o
__tls_base                                        fsp_gen.lld:397
                                                  ./ra/fsp/src/bsp/cmsis/Device/RENESAS/Source/system.o
_init_tls                                         E:\Renesas\RA\e2studio_v2025-07_fsp_v6.1.0\toolchains\llvm_arm\LLVM-ET-Arm-18.1.3-Windows-x86_64\bin\..\lib\clang-runtimes/arm-none-eabi/armv8m.main_hard_fp_exn_rtti\lib\libc.a(libc_picolib_inittls.c.o)
                                                  ./ra/fsp/src/bsp/cmsis/Device/RENESAS/Source/system.o
_set_tls                                          E:\Renesas\RA\e2studio_v2025-07_fsp_v6.1.0\toolchains\llvm_arm\LLVM-ET-Arm-18.1.3-Windows-x86_64\bin\..\lib\clang-runtimes/arm-none-eabi/armv8m.main_hard_fp_exn_rtti\lib\libc.a(libc_picolib_machine_arm_tls.c.o)
                                                  ./ra/fsp/src/bsp/cmsis/Device/RENESAS/Source/system.o
__init_array_start                                fsp_gen.lld:261
                                                  ./ra/fsp/src/bsp/cmsis/Device/RENESAS/Source/system.o
__init_array_end                                  fsp_gen.lld:264
                                                  ./ra/fsp/src/bsp/cmsis/Device/RENESAS/Source/system.o
__aeabi_memcpy                                    E:\Renesas\RA\e2studio_v2025-07_fsp_v6.1.0\toolchains\llvm_arm\LLVM-ET-Arm-18.1.3-Windows-x86_64\bin\..\lib\clang-runtimes/arm-none-eabi/armv8m.main_hard_fp_exn_rtti\lib\libc.a(memcpy.c.o)
                                                  E:\Renesas\RA\e2studio_v2025-07_fsp_v6.1.0\toolchains\llvm_arm\LLVM-ET-Arm-18.1.3-Windows-x86_64\bin\..\lib\clang-runtimes/arm-none-eabi/armv8m.main_hard_fp_exn_rtti\lib\libc.a(libc_picolib_inittls.c.o)
__aeabi_memclr                                    E:\Renesas\RA\e2studio_v2025-07_fsp_v6.1.0\toolchains\llvm_arm\LLVM-ET-Arm-18.1.3-Windows-x86_64\bin\..\lib\clang-runtimes/arm-none-eabi/armv8m.main_hard_fp_exn_rtti\lib\libc.a(bzero.c.o)
                                                  E:\Renesas\RA\e2studio_v2025-07_fsp_v6.1.0\toolchains\llvm_arm\LLVM-ET-Arm-18.1.3-Windows-x86_64\bin\..\lib\clang-runtimes/arm-none-eabi/armv8m.main_hard_fp_exn_rtti\lib\libc.a(libc_picolib_inittls.c.o)
__tdata_source                                    fsp_gen.lld:398
                                                  E:\Renesas\RA\e2studio_v2025-07_fsp_v6.1.0\toolchains\llvm_arm\LLVM-ET-Arm-18.1.3-Windows-x86_64\bin\..\lib\clang-runtimes/arm-none-eabi/armv8m.main_hard_fp_exn_rtti\lib\libc.a(libc_picolib_inittls.c.o)
__tdata_size                                      fsp_gen.lld:399
                                                  E:\Renesas\RA\e2studio_v2025-07_fsp_v6.1.0\toolchains\llvm_arm\LLVM-ET-Arm-18.1.3-Windows-x86_64\bin\..\lib\clang-runtimes/arm-none-eabi/armv8m.main_hard_fp_exn_rtti\lib\libc.a(libc_picolib_inittls.c.o)
__tbss_offset                                     fsp_gen.lld:400
                                                  E:\Renesas\RA\e2studio_v2025-07_fsp_v6.1.0\toolchains\llvm_arm\LLVM-ET-Arm-18.1.3-Windows-x86_64\bin\..\lib\clang-runtimes/arm-none-eabi/armv8m.main_hard_fp_exn_rtti\lib\libc.a(libc_picolib_inittls.c.o)
__tbss_size                                       fsp_gen.lld:401
                                                  E:\Renesas\RA\e2studio_v2025-07_fsp_v6.1.0\toolchains\llvm_arm\LLVM-ET-Arm-18.1.3-Windows-x86_64\bin\..\lib\clang-runtimes/arm-none-eabi/armv8m.main_hard_fp_exn_rtti\lib\libc.a(libc_picolib_inittls.c.o)
__arm32_tls_tcb_offset                            fsp_gen.lld:402
                                                  E:\Renesas\RA\e2studio_v2025-07_fsp_v6.1.0\toolchains\llvm_arm\LLVM-ET-Arm-18.1.3-Windows-x86_64\bin\..\lib\clang-runtimes/arm-none-eabi/armv8m.main_hard_fp_exn_rtti\lib\libc.a(libc_picolib_machine_arm_tls.c.o)
__tls                                             E:\Renesas\RA\e2studio_v2025-07_fsp_v6.1.0\toolchains\llvm_arm\LLVM-ET-Arm-18.1.3-Windows-x86_64\bin\..\lib\clang-runtimes/arm-none-eabi/armv8m.main_hard_fp_exn_rtti\lib\libc.a(libc_picolib_machine_arm_read_tp.S.o)
                                                  E:\Renesas\RA\e2studio_v2025-07_fsp_v6.1.0\toolchains\llvm_arm\LLVM-ET-Arm-18.1.3-Windows-x86_64\bin\..\lib\clang-runtimes/arm-none-eabi/armv8m.main_hard_fp_exn_rtti\lib\libc.a(libc_picolib_machine_arm_tls.c.o)
bzero                                             E:\Renesas\RA\e2studio_v2025-07_fsp_v6.1.0\toolchains\llvm_arm\LLVM-ET-Arm-18.1.3-Windows-x86_64\bin\..\lib\clang-runtimes/arm-none-eabi/armv8m.main_hard_fp_exn_rtti\lib\libc.a(bzero.c.o)
memset                                            E:\Renesas\RA\e2studio_v2025-07_fsp_v6.1.0\toolchains\llvm_arm\LLVM-ET-Arm-18.1.3-Windows-x86_64\bin\..\lib\clang-runtimes/arm-none-eabi/armv8m.main_hard_fp_exn_rtti\lib\libc.a(memset.c.o)
                                                  E:\Renesas\RA\e2studio_v2025-07_fsp_v6.1.0\toolchains\llvm_arm\LLVM-ET-Arm-18.1.3-Windows-x86_64\bin\..\lib\clang-runtimes/arm-none-eabi/armv8m.main_hard_fp_exn_rtti\lib\libc.a(bzero.c.o)
__aeabi_memclr8                                   E:\Renesas\RA\e2studio_v2025-07_fsp_v6.1.0\toolchains\llvm_arm\LLVM-ET-Arm-18.1.3-Windows-x86_64\bin\..\lib\clang-runtimes/arm-none-eabi/armv8m.main_hard_fp_exn_rtti\lib\libc.a(bzero.c.o)
memcpy                                            E:\Renesas\RA\e2studio_v2025-07_fsp_v6.1.0\toolchains\llvm_arm\LLVM-ET-Arm-18.1.3-Windows-x86_64\bin\..\lib\clang-runtimes/arm-none-eabi/armv8m.main_hard_fp_exn_rtti\lib\libc.a(memcpy.c.o)
__aeabi_memcpy8                                   E:\Renesas\RA\e2studio_v2025-07_fsp_v6.1.0\toolchains\llvm_arm\LLVM-ET-Arm-18.1.3-Windows-x86_64\bin\..\lib\clang-runtimes/arm-none-eabi/armv8m.main_hard_fp_exn_rtti\lib\libc.a(memcpy.c.o)
