T0FC0 000:000.508   SEGGER J-Link V8.58 Log File
T0FC0 000:000.639   DLL Compiled: Aug  6 2025 12:29:52
T0FC0 000:000.644   Logging started @ 2025-11-10 16:53
T0FC0 000:000.649   Process: C:\Users\davidwang\.eclipse\com.renesas.platform_2071132055\DebugComp\RA\e2-server-gdb.exe
T0FC0 000:000.659 - 0.654ms 
T0FC0 000:000.672 JLINK_GetDLLVersion()
T0FC0 000:000.679 - 0.007ms returns 85800
T0FC0 000:002.937 JLINK_OpenEx(...)
T0FC0 000:011.176   Firmware: J-Link V9 compiled May  7 2021 16:26:12
T0FC0 000:013.818   Firmware: J-Link V9 compiled May  7 2021 16:26:12
T0FC0 000:013.958   Decompressing FW timestamp took 114 us
T0FC0 000:022.621   Hardware: V9.70
T0FC0 000:022.639   S/N: 602712543
T0FC0 000:022.644   OEM: SEGGER
T0FC0 000:022.650   Feature(s): GDB, RDI, FlashBP, FlashDL, JFlash
T0FC0 000:024.414   Bootloader: (FW returned invalid version)
T0FC0 000:026.453   TELNET listener socket opened on port 19021
T0FC0 000:026.555   WEBSRV WEBSRV_Init(): Starting webserver thread(s)
T0FC0 000:026.690   WEBSRV Webserver running on local port 19080
T0FC0 000:026.780   Looking for J-Link GUI Server exe at: C:\Users\davidwang\.eclipse\com.renesas.platform_2071132055\DebugComp\RA\ARM\Segger_v8.58.0\JLinkGUIServer.exe
T0FC0 000:026.861   Looking for J-Link GUI Server exe at: E:\Segger\jlink\JLink_V860\JLinkGUIServer.exe
T0FC0 000:026.886   Forking J-Link GUI Server: E:\Segger\jlink\JLink_V860\JLinkGUIServer.exe
T0FC0 000:043.892   J-Link GUI Server info: "J-Link GUI server V8.60 "
T0FC0 000:046.091 - 43.151ms returns "O.K."
T0FC0 000:046.183 JLINK_ExecCommand("ProjectFile=G:\AquaGarden\hardware\demo\pressure_sensor/pressure_sensor Debug_Flat.jlink", ...). 
T0FC0 000:059.229 - 13.047ms returns 0x00
T0FC0 000:059.540 JLINK_ExecCommand("device=R7FA6E2BB", ...). 
T0FC0 000:060.254   Flash bank @ 0x0100A100: SFL: Parsing sectorization info from ELF file
T0FC0 000:060.269     FlashDevice.SectorInfo[0]: .SectorSize = 0x00000010, .SectorStartAddr = 0x00000000
T0FC0 000:060.275   FlashBank @0x0100A100: Sectorization info from SFL ELF file ignored because sectorization override from DLL / XML file is active.
T0FC0 000:060.422   Flash bank @ 0x60000000: SFL: Parsing sectorization info from ELF file
T0FC0 000:060.431     FlashDevice.SectorInfo[0]: .SectorSize = 0x00010000, .SectorStartAddr = 0x00000000
T0FC0 000:062.830   Device "R7FA6E2BB" selected.
T0FC0 000:068.148 - 8.598ms returns 0x00
T0FC0 000:068.166 JLINK_TIF_GetAvailable(...)
T0FC0 000:068.878 - 0.711ms 
T0FC0 000:068.902 JLINK_TIF_Select(JLINKARM_TIF_SWD)
T0FC0 000:071.557 - 2.659ms returns 0x00
T0FC0 000:071.586 JLINK_SetSpeed(4000)
T0FC0 000:072.197 - 0.614ms 
T0FC0 000:072.271 JLINK_ExecCommand("SetCPUConnectIDCODE = FFFFFFFFFFFFFFFFFFFFFFFFFFFFFFFF", ...). 
T0FC0 000:072.282 - 0.003ms returns 0x00
T0FC0 000:072.301 JLINK_SetEndian(ARM_ENDIAN_LITTLE)
T0FC0 000:072.305 - 0.004ms returns 0
T0FC0 000:072.311 JLINK_SetInitRegsOnReset(OFF)
T0FC0 000:072.315 - 0.006ms returns 1
T0FC0 000:072.320 JLINK_SetResetType(JLINKARM_RESET_TYPE_NO_RESET)
T0FC0 000:072.324 - 0.004ms returns JLINKARM_RESET_TYPE_NORMAL
T0FC0 000:072.329 JLINK_ExecCommand("EnableFlashBPs", ...). 
T0FC0 000:072.335 - 0.000ms returns 0x00
T0FC0 000:072.340 JLINK_ExecCommand("SetAllowFlashCache = 1", ...). 
T0FC0 000:072.346 - 0.001ms returns 0x01
T0FC0 000:072.351 JLINK_ExecCommand("SetRestartOnClose = 0", ...). 
T0FC0 000:072.357 - 0.001ms returns 0x01
T0FC0 000:072.363 JLINK_ExecCommand("SetAllowSimulation = 0", ...). 
T0FC0 000:072.370 - 0.002ms returns 0x00
T0FC0 000:072.375 JLINK_EnableSoftBPs(ON)
T0FC0 000:072.378 - 0.003ms 
T0FC0 000:072.384 JLINK_Connect()
T0FC0 000:073.094   ConfigTargetSettings() start
T0FC0 000:073.109    J-Link Script File: Executing ConfigTargetSettings()
T0FC0 000:073.121   Configuring FlashDLNoRMWThreshold=0x200 in order to make sure that option bytes programming is done via read-modify-write
T0FC0 000:076.934   ConfigTargetSettings() end - Took 3.82ms
T0FC0 000:076.944   InitTarget() start
T0FC0 000:076.950    J-Link Script File: Executing InitTarget()
T0FC0 000:076.970   SWD selected. Executing JTAG -> SWD switching sequence.
T0FC0 000:081.205   DAP initialized successfully.
T0FC0 000:083.640   Authentication not required. Skipping authentication process.
T0FC0 000:083.654   Determining TrustZone configuration...
T0FC0 000:086.002     Secure Debug: Enabled (SSD)
T0FC0 000:086.010   Determining currently configured transfer type by reading the AHB-AP CSW register.
T0FC0 000:087.649     --> Correct transfer type configured. Done.
T0FC0 000:087.657   InitTarget() end - Took 10.7ms
T0FC0 000:088.904   Found SW-DP with ID 0x6BA02477
T0FC0 000:092.857   DPIDR: 0x6BA02477
T0FC0 000:092.870   CoreSight SoC-400 or earlier
T0FC0 000:092.876   Scanning AP map to find all available APs
T0FC0 000:094.786   AP[2]: Stopped AP scan as end of AP map has been reached
T0FC0 000:094.800   AP[0]: AHB-AP (IDR: 0x84770001, ADDR: 0x00000000)
T0FC0 000:094.805   AP[1]: APB-AP (IDR: 0x54770002, ADDR: 0x01000000)
T0FC0 000:094.811   Iterating through AP map to find AHB-AP to use
T0FC0 000:096.395   AP[0]: Core found
T0FC0 000:096.401   AP[0]: AHB-AP ROM base: 0xE00FE000
T0FC0 000:097.231   CPUID register: 0x410FD214. Implementer code: 0x41 (ARM)
T0FC0 000:097.238   Feature set: Mainline
T0FC0 000:098.028   Cache: No cache
T0FC0 000:098.039   Found Cortex-M33 r0p4, Little endian.
T0FC0 000:099.069   -- Max. mem block: 0x00010C40
T0FC0 000:100.634   
  ***** Warning: 
T0FC0 000:100.641   Cortex-M (ARMv8-M and later): The connected J-Link (S/N 602712543) uses an old firmware module that does not handle I/D-cache correctly. Proper debugging functionality cannot be guaranteed if cache is enabled
T0FC0 000:100.654   CPU_ReadMem(4 bytes @ 0xE000EDF0)
T0FC0 000:101.389   CPU_ReadMem(4 bytes @ 0xE0002000)
T0FC0 000:102.023   FPUnit: 8 code (BP) slots and 0 literal slots
T0FC0 000:102.030   CPU_ReadMem(4 bytes @ 0xE000EDFC)
T0FC0 000:102.652   CPU_ReadMem(4 bytes @ 0xE0001000)
T0FC0 000:103.210   CPU_ReadMem(4 bytes @ 0xE0001000)
T0FC0 000:103.785   CPU_ReadMem(4 bytes @ 0xE0001028)
T0FC0 000:104.524   CPU_ReadMem(4 bytes @ 0xE0001038)
T0FC0 000:105.205   CPU_ReadMem(4 bytes @ 0xE0001048)
T0FC0 000:105.802   CPU_ReadMem(4 bytes @ 0xE0001058)
T0FC0 000:106.396   CPU_WriteMem(4 bytes @ 0xE0001000)
T0FC0 000:107.097   CPU_ReadMem(4 bytes @ 0xE000ED88)
T0FC0 000:107.757   CPU_WriteMem(4 bytes @ 0xE000ED88)
T0FC0 000:108.351   CPU_ReadMem(4 bytes @ 0xE000ED88)
T0FC0 000:108.963   CPU_WriteMem(4 bytes @ 0xE000ED88)
T0FC0 000:109.528   CPU_ReadMem(4 bytes @ 0xE000EFB8)
T0FC0 000:110.257   Security extension: implemented
T0FC0 000:110.266   Secure debug: enabled
T0FC0 000:110.271   CoreSight components:
T0FC0 000:110.277   ROMTbl[0] @ E00FE000
T0FC0 000:110.282   CPU_ReadMem(64 bytes @ 0xE00FE000)
T0FC0 000:111.185   CPU_ReadMem(32 bytes @ 0xE0044FE0)
T0FC0 000:111.908   CPU_ReadMem(4 bytes @ 0xE0044FBC)
T0FC0 000:112.571   CPU_ReadMem(4 bytes @ 0xE0044FCC)
T0FC0 000:113.206   [0][0]: E0044000 CID B105900D PID 005BB906 DEVARCH 00000000 DEVTYPE 14 CTI (?)
T0FC0 000:113.213   CPU_ReadMem(32 bytes @ 0xE0047FE0)
T0FC0 000:114.028   CPU_ReadMem(4 bytes @ 0xE0047FBC)
T0FC0 000:114.703   CPU_ReadMem(4 bytes @ 0xE0047FCC)
T0FC0 000:115.356   [0][1]: E0047000 CID B105900D PID 003BB908 DEVARCH 00000000 DEVTYPE 12 CSTF
T0FC0 000:115.363   CPU_ReadMem(32 bytes @ 0xE0048FE0)
T0FC0 000:116.057   CPU_ReadMem(4 bytes @ 0xE0048FBC)
T0FC0 000:116.649   CPU_ReadMem(4 bytes @ 0xE0048FCC)
T0FC0 000:117.235   [0][2]: E0048000 CID B105900D PID 001BB961 DEVARCH 00000000 DEVTYPE 21 TMC
T0FC0 000:117.241   CPU_ReadMem(32 bytes @ 0xE0049FE0)
T0FC0 000:117.976   [0][3]: E0049000 CID B105F00D PID 001BB101 TSG
T0FC0 000:117.982   CPU_ReadMem(32 bytes @ 0xE0040FE0)
T0FC0 000:118.759   CPU_ReadMem(4 bytes @ 0xE0040FBC)
T0FC0 000:119.464   CPU_ReadMem(4 bytes @ 0xE0040FCC)
T0FC0 000:120.042   [0][4]: E0040000 CID B105900D PID 000BBD21 DEVARCH 00000000 DEVTYPE 11 TPIU
T0FC0 000:120.049   CPU_ReadMem(32 bytes @ 0xE00FFFE0)
T0FC0 000:120.823   [0][5]: E00FF000 CID B105100D PID 000BB4C9 ROM Table
T0FC0 000:120.833   ROMTbl[1] @ E00FF000
T0FC0 000:120.839   CPU_ReadMem(64 bytes @ 0xE00FF000)
T0FC0 000:121.706   CPU_ReadMem(32 bytes @ 0xE000EFE0)
T0FC0 000:122.436   CPU_ReadMem(4 bytes @ 0xE000EFBC)
T0FC0 000:123.062   CPU_ReadMem(4 bytes @ 0xE000EFCC)
T0FC0 000:123.665   [1][0]: E000E000 CID B105900D PID 000BBD21 DEVARCH 47702A04 DEVTYPE 00 Cortex-M33
T0FC0 000:123.680   CPU_ReadMem(32 bytes @ 0xE0001FE0)
T0FC0 000:124.479   CPU_ReadMem(4 bytes @ 0xE0001FBC)
T0FC0 000:125.168   CPU_ReadMem(4 bytes @ 0xE0001FCC)
T0FC0 000:125.755   [1][1]: E0001000 CID B105900D PID 000BBD21 DEVARCH 47701A02 DEVTYPE 00 DWT
T0FC0 000:125.761   CPU_ReadMem(32 bytes @ 0xE0002FE0)
T0FC0 000:126.556   CPU_ReadMem(4 bytes @ 0xE0002FBC)
T0FC0 000:127.148   CPU_ReadMem(4 bytes @ 0xE0002FCC)
T0FC0 000:127.773   [1][2]: E0002000 CID B105900D PID 000BBD21 DEVARCH 47701A03 DEVTYPE 00 FPB
T0FC0 000:127.778   CPU_ReadMem(32 bytes @ 0xE0000FE0)
T0FC0 000:128.537   CPU_ReadMem(4 bytes @ 0xE0000FBC)
T0FC0 000:129.129   CPU_ReadMem(4 bytes @ 0xE0000FCC)
T0FC0 000:129.788   [1][3]: E0000000 CID B105900D PID 000BBD21 DEVARCH 47701A01 DEVTYPE 43 ITM
T0FC0 000:129.794   CPU_ReadMem(32 bytes @ 0xE0041FE0)
T0FC0 000:130.576   CPU_ReadMem(4 bytes @ 0xE0041FBC)
T0FC0 000:131.258   CPU_ReadMem(4 bytes @ 0xE0041FCC)
T0FC0 000:131.955   [1][5]: E0041000 CID B105900D PID 002BBD21 DEVARCH 47724A13 DEVTYPE 13 ETM
T0FC0 000:131.961   CPU_ReadMem(32 bytes @ 0xE0042FE0)
T0FC0 000:132.703   CPU_ReadMem(4 bytes @ 0xE0042FBC)
T0FC0 000:133.358   CPU_ReadMem(4 bytes @ 0xE0042FCC)
T0FC0 000:133.927   [1][6]: E0042000 CID B105900D PID 000BBD21 DEVARCH 47701A14 DEVTYPE 14 CSS600-CTI
T0FC0 000:133.953 - 61.567ms returns 0x00
T0FC0 000:133.966 JLINK_Halt()
T0FC0 000:137.680 - 3.714ms returns 0x00
T0FC0 000:137.692 JLINK_IsHalted()
T0FC0 000:137.699 - 0.007ms returns TRUE
T0FC0 000:137.706 JLINK_ResetPullsRESET(ON)
T0FC0 000:137.710 - 0.004ms 
T0FC0 000:137.742 JLINK_Reset()
T0FC0 000:137.758   JLINK_GetResetTypeDesc
T0FC0 000:137.762   - 0.004ms 
T0FC0 000:137.766   Reset type: CONNECT UNDER RESET (https://wiki.segger.com/J-Link_Reset_Strategies)
T0FC0 000:137.773   CPU_WriteMem(4 bytes @ 0xE000EDF0)
T0FC0 000:138.461   CPU_ReadMem(4 bytes @ 0xE000ED44)
T0FC0 000:139.085   CPU_ReadMem(4 bytes @ 0xE000EE08)
T0FC0 000:139.767   CPU_WriteMem(4 bytes @ 0xE000EE08)
T0FC0 000:140.368   CPU_ReadMem(4 bytes @ 0xE000EE08)
T0FC0 000:141.022   Reset: ARMv8M core with Security Extension enabled detected. Switch to secure domain.
T0FC0 000:141.029   CPU_WriteMem(4 bytes @ 0xE000EDFC)
T0FC0 000:141.655   Reset: Halt core after reset via DEMCR.VC_CORERESET.
T0FC0 000:142.754   Reset: Reset device via AIRCR.SYSRESETREQ.
T0FC0 000:142.775   CPU_WriteMem(4 bytes @ 0xE000ED0C)
T0FC0 000:198.503   CPU_ReadMem(4 bytes @ 0xE000EDF0)
T0FC0 000:199.178   CPU_ReadMem(4 bytes @ 0xE000EDF0)
T0FC0 000:199.871   CPU_WriteMem(4 bytes @ 0xE000EDFC)
T0FC0 000:206.669   CPU_ReadMem(4 bytes @ 0xE000EDF0)
T0FC0 000:211.825   CPU_WriteMem(4 bytes @ 0xE0002000)
T0FC0 000:212.592   CPU_ReadMem(4 bytes @ 0xE000EDFC)
T0FC0 000:213.376   CPU_ReadMem(4 bytes @ 0xE0001000)
T0FC0 000:214.195   CPU_ReadMem(4 bytes @ 0xE000EE08)
T0FC0 000:214.971 - 77.228ms 
T0FC0 000:215.120 JLINK_ReadMem(0x010080F0, 0x10 Bytes, ...)
T0FC0 000:215.139   CPU_ReadMem(16 bytes @ 0x010080F0)
T0FC0 000:215.958   Data:  52 37 46 41 36 45 32 42 42 33 43 4E 45 20 20 20
T0FC0 000:215.971 - 0.851ms returns 0
T0FC0 000:215.981 JLINK_IsHalted()
T0FC0 000:215.986 - 0.004ms returns TRUE
T0FC0 000:216.319 JLINK_MeasureCPUSpeed(RAMAddr = 0x20000000)
T0FC0 000:216.329   CPU_ReadMem(16 bytes @ 0x20000000)
T0FC0 000:217.096   CPU_ReadMem(4 bytes @ 0xE000EDFC)
T0FC0 000:217.769   CPU_ReadMem(4 bytes @ 0xE0001000)
T0FC0 000:218.458   CPU_ReadMem(6 bytes @ 0x20000000)
T0FC0 000:219.178   CPU_ReadMem(4 bytes @ 0xE000ED90)
T0FC0 000:219.835   CPU_ReadMem(4 bytes @ 0xE000ED94)
T0FC0 000:220.624   CPU_WriteMem(16 bytes @ 0x20000000)
T0FC0 000:221.423   CPU_WriteMem(6 bytes @ 0x20000000)
T0FC0 000:222.150   CPU_ReadMem(6 bytes @ 0x20000000)
T0FC0 000:222.875   CPU_ReadMem(4 bytes @ 0xE000EE08)
T0FC0 000:223.613   CPU_WriteMem(4 bytes @ 0xE0002008)
T0FC0 000:223.623   CPU_WriteMem(4 bytes @ 0xE000200C)
T0FC0 000:223.628   CPU_WriteMem(4 bytes @ 0xE0002010)
T0FC0 000:223.633   CPU_WriteMem(4 bytes @ 0xE0002014)
T0FC0 000:223.640   CPU_WriteMem(4 bytes @ 0xE0002018)
T0FC0 000:223.645   CPU_WriteMem(4 bytes @ 0xE000201C)
T0FC0 000:223.650   CPU_WriteMem(4 bytes @ 0xE0002020)
T0FC0 000:223.656   CPU_WriteMem(4 bytes @ 0xE0002024)
T0FC0 000:225.469   CPU_WriteMem(4 bytes @ 0xE0001004)
T0FC0 000:232.919   CPU_ReadMem(4 bytes @ 0xE0001004)
T0FC0 000:233.666   CPU_ReadMem(4 bytes @ 0xE000EE08)
T0FC0 000:234.409   CPU_WriteMem(4 bytes @ 0xE0002008)
T0FC0 000:235.130   CPU_WriteMem(4 bytes @ 0xE000200C)
T0FC0 000:235.754   CPU_WriteMem(4 bytes @ 0xE0002010)
T0FC0 000:236.362   CPU_WriteMem(4 bytes @ 0xE0002014)
T0FC0 000:236.974   CPU_WriteMem(4 bytes @ 0xE0002018)
T0FC0 000:237.554   CPU_WriteMem(4 bytes @ 0xE000201C)
T0FC0 000:238.167   CPU_WriteMem(4 bytes @ 0xE0002020)
T0FC0 000:238.816   CPU_WriteMem(4 bytes @ 0xE0002024)
T0FC0 000:239.415   CPU_ReadMem(4 bytes @ 0xE000EE08)
T0FC0 000:240.059   CPU_ReadMem(4 bytes @ 0xE000EE08)
T0FC0 000:240.694   CPU_WriteMem(4 bytes @ 0xE0001004)
T0FC0 000:268.167   CPU_ReadMem(4 bytes @ 0xE0001004)
T0FC0 000:269.048   CPU_WriteMem(6 bytes @ 0x20000000)
T0FC0 000:269.903   ClockFreq: 2091600 Hz
T0FC0 000:269.912 - 53.596ms returns 2091600
T0FC0 000:269.936 JLINK_ReadReg(XPSR)
T0FC0 000:269.944   CPU_ReadMem(4 bytes @ 0xE000EE08)
T0FC0 000:270.607 - 0.671ms returns 0xF9000000
T8B78 002:482.595 JLINK_ResetPullsRESET(ON)
T8B78 002:482.619 - 0.024ms 
T8B78 002:482.625 JLINK_Halt()
T8B78 002:483.365 - 0.740ms returns 0x00
T8B78 002:483.372 JLINK_IsHalted()
T8B78 002:483.377 - 0.005ms returns TRUE
T8B78 002:483.382 JLINK_Reset()
T8B78 002:483.394   JLINK_GetResetTypeDesc
T8B78 002:483.398   - 0.004ms 
T8B78 002:483.403   Reset type: CONNECT UNDER RESET (https://wiki.segger.com/J-Link_Reset_Strategies)
T8B78 002:483.410   CPU_WriteMem(4 bytes @ 0xE000EDF0)
T8B78 002:484.087   CPU_ReadMem(4 bytes @ 0xE000ED44)
T8B78 002:484.717   CPU_ReadMem(4 bytes @ 0xE000EE08)
T8B78 002:485.381   CPU_WriteMem(4 bytes @ 0xE000EE08)
T8B78 002:486.002   CPU_ReadMem(4 bytes @ 0xE000EE08)
T8B78 002:486.568   Reset: ARMv8M core with Security Extension enabled detected. Switch to secure domain.
T8B78 002:486.575   CPU_WriteMem(4 bytes @ 0xE000EDFC)
T8B78 002:487.238   Reset: Halt core after reset via DEMCR.VC_CORERESET.
T8B78 002:488.269   Reset: Reset device via AIRCR.SYSRESETREQ.
T8B78 002:488.276   CPU_WriteMem(4 bytes @ 0xE000ED0C)
T8B78 002:544.118   CPU_ReadMem(4 bytes @ 0xE000EDF0)
T8B78 002:544.924   CPU_ReadMem(4 bytes @ 0xE000EDF0)
T8B78 002:545.632   CPU_WriteMem(4 bytes @ 0xE000EDFC)
T8B78 002:552.296   CPU_ReadMem(4 bytes @ 0xE000EDF0)
T8B78 002:557.028   CPU_WriteMem(4 bytes @ 0xE0002000)
T8B78 002:557.770   CPU_ReadMem(4 bytes @ 0xE000EDFC)
T8B78 002:558.604   CPU_ReadMem(4 bytes @ 0xE0001000)
T8B78 002:559.262   CPU_ReadMem(4 bytes @ 0xE000EE08)
T8B78 002:559.853 - 76.470ms 
T8B78 002:559.871 JLINK_SetEndian(ARM_ENDIAN_LITTLE)
T8B78 002:559.876 - 0.005ms returns 0
T8B78 002:560.007 JLINK_BeginDownload(Flags = 0x00000000)
T8B78 002:560.012 - 0.005ms 
T8B78 002:577.842 JLINK_WriteMem(0x00000000, 0x44 Bytes, ...)
T8B78 002:577.861   Data:  00 04 00 20 A1 0A 00 00 2D 09 00 00 B1 0A 00 00 ...
T8B78 002:578.055   completely In flash
T8B78 002:578.065 - 0.223ms returns 0x44
T8B78 002:578.487 JLINK_WriteMem(0x00000044, 0xBDC Bytes, ...)
T8B78 002:578.496   Data:  80 B5 6F 46 00 F0 02 FE 00 F0 16 FE 40 F2 20 44 ...
T8B78 002:578.510   completely In flash
T8B78 002:578.516 - 0.028ms returns 0xBDC
T8B78 002:578.715 JLINK_WriteMem(0x00000C20, 0x24A Bytes, ...)
T8B78 002:578.721   Data:  C0 F2 00 00 C0 F2 00 01 09 1A 8C 10 01 2C 06 DB ...
T8B78 002:578.729   completely In flash
T8B78 002:578.734 - 0.018ms returns 0x24A
T8B78 002:579.242 JLINK_WriteMem(0x0100A100, 0x4 Bytes, ...)
T8B78 002:579.259   Data:  FF FF FF FF
T8B78 002:579.499   completely In flash
T8B78 002:579.512 - 0.269ms returns 0x4
T8B78 002:579.927 JLINK_WriteMem(0x0100A200, 0x4 Bytes, ...)
T8B78 002:579.935   Data:  FF FD FF FF
T8B78 002:579.944   completely In flash
T8B78 002:579.949 - 0.022ms returns 0x4
T8B78 002:592.505 JLINK_EndDownload()
T8B78 002:593.146   CPU_ReadMem(4 bytes @ 0xE000ED90)
T8B78 002:593.935   CPU_ReadMem(4 bytes @ 0xE000ED94)
T8B78 002:594.612    -- --------------------------------------
T8B78 002:594.623    -- Start of determining flash info (Bank @ 0x0100A100)
T8B78 002:594.631    -- End of determining flash info
T8B78 002:594.637    -- Start of determining dirty areas in flash cache
T8B78 002:594.646    -- Filling invalid ranges in sector buffer (flash cache) for sector @ 0x0100A100 if necessary
T8B78 002:594.656    -- Filling invalid ranges in sector buffer (flash cache) for sector @ 0x0100A200 if necessary
T8B78 002:594.663    -- End of determining dirty areas
T8B78 002:594.669    -- Start of preparing flash programming
T8B78 002:594.677    -- Preparing RAMCode
T8B78 002:594.682    -- Calculating RAM usage
T8B78 002:594.690    -- RAM usage = 4384 Bytes
T8B78 002:594.696    -- Preserving CPU registers
T8B78 002:595.569    -- Preparing memory
T8B78 002:595.577    -- Determining CPU clock frequency
T8B78 002:644.367    -- CPU frequency = 2092 kHz
T8B78 002:644.384    -- Preparing target
T8B78 002:644.391    -- Preserving target RAM temporarily used for programming
T8B78 002:665.004    -- Downloading RAMCode
T8B78 002:689.290    -- Initializing RAMCode (InitType: 3 = Verify)
T8B78 002:689.314    -- Executing Init(3)
T8B78 002:703.972    -- End of preparing flash programming
T8B78 002:709.938   
  ***** Warning: 
T8B78 002:709.954   CPU is running at low speed (2092 kHz).
T8B78 002:709.960    -- CPU is running at 2092 kHz.
T8B78 002:709.968    -- Start of comparing flash
T8B78 002:709.974    -- Flash algorithm supports a native verify function which is used to compare the flash content.
T8B78 002:742.373    -- Comparing range 0x100A100 - 0x100A10F (1 Sector, 16 Bytes), using verify function of the RAMCode
T8B78 002:743.856    -- Data matches for sector 0
T8B78 002:745.673    -- Comparing range 0x100A200 - 0x100A20F (1 Sector, 16 Bytes), using verify function of the RAMCode
T8B78 002:747.108    -- Data matches for sector 16
T8B78 002:747.125    -- End of comparing flash
T8B78 002:747.132    -- Start of erasing sectors
T8B78 002:747.138    -- End of erasing sectors
T8B78 002:747.144    -- Start of flash programming
T8B78 002:747.150    -- End of flash programming
T8B78 002:747.156    -- Start of verifying flash
T8B78 002:747.162    -- End of verifying flash
T8B78 002:747.168    -- Start of restoring
T8B78 002:747.175    -- Executing UnInit()
T8B78 002:752.460    -- Restoring target memory
T8B78 002:769.152    -- Restoring CPU registers
T8B78 002:769.976    -- End of restoring
T8B78 002:769.995    -- Bank 0 @ 0x0100A100: Skipped. Contents already match
T8B78 002:770.002    -- Bank 0 @ 0x0100A100: Skipped. Contents already match
T8B78 002:778.356    -- --------------------------------------
T8B78 002:778.384    -- Flash bank @ 0x00000000: Default: L2 verify disabled because algorithm performs L1 verify
T8B78 002:778.390    -- Start of determining dirty areas in flash cache
T8B78 002:778.398    -- Filling invalid ranges in sector buffer (flash cache) for sector @ 0x00000000 if necessary
T8B78 002:778.440    -- End of determining dirty areas
T8B78 002:778.447    -- Start of preparing flash programming
T8B78 002:778.454    -- Calculating RAM usage
T8B78 002:778.568    -- RAM usage = 3492 Bytes
T8B78 002:778.578    -- Preserving CPU registers
T8B78 002:778.643    -- Determining CPU clock frequency
T8B78 002:825.751    -- Preparing target
T8B78 002:825.789    -- Preserving target RAM temporarily used for programming
T8B78 002:842.736    -- Downloading RAMCode
T8B78 002:863.183    -- Preparing RAMCode
T8B78 002:877.944    -- CPU frequency = 100000 kHz
T8B78 002:877.975    -- End of preparing flash programming
T8B78 002:879.370    -- CPU is running at 100000 kHz.
T8B78 002:879.408    -- Start of comparing flash
T8B78 002:879.415    -- CRC check was estimated as fastest method
T8B78 002:896.008    -- Comparing range 0x0000 - 0x1FFF (1 Sector, 8 KB), using multi-block CRC calculation
T8B78 002:906.984    -- CRC does not match for sector 0
T8B78 002:907.014    -- End of comparing flash
T8B78 002:907.023    -- Start of erasing sectors
T8B78 002:907.031    -- Erasing range 0x00000000 - 0x00001FFF (  1 Sector, 8 KB)
T8B78 002:952.237    -- End of erasing sectors
T8B78 002:952.277    -- Start of flash programming
T8B78 002:952.286    -- Programming range 0x00000000 - 0x00001FFF (  1 Sector, 8 KB)
T8B78 002:982.230    -- End of flash programming
T8B78 002:982.268    -- 0x0000 - 0x1FFF (  1 Sector, 8 KB)
T8B78 002:982.277    -- Start of restoring
T8B78 002:982.283    -- Restoring RAMCode
T8B78 002:993.479    -- Restoring target memory
T8B78 003:007.081    -- Restore target
T8B78 003:007.115    -- Restoring CPU registers
T8B78 003:007.840    -- End of restoring
T8B78 003:007.850    -- Bank 1 @ 0x00000000: 1 range affected (8192 bytes)
T8B78 003:007.858    -- Total: 0.229s (Prepare: 0.100s, Compare: 0.027s, Erase: 0.045s, Program & Verify: 0.036s, Restore: 0.019s)
T8B78 003:007.870    -- Program & Verify speed: 222 KB/s
T8B78 003:025.518 - 433.011ms returns 8192 (0x2000)
T8B78 003:025.923 JLINK_WriteReg(R15 (PC), 0x00000AA0)
T8B78 003:025.956 - 0.033ms returns 0
T8B78 003:025.969 JLINK_WriteReg(XPSR, 0x01000000)
T8B78 003:025.980 - 0.011ms returns 0
T8B78 003:026.937 JLINK_ResetPullsRESET(ON)
T8B78 003:026.952 - 0.015ms 
T8B78 003:026.957 JLINK_Halt()
T8B78 003:026.962 - 0.004ms returns 0x00
T8B78 003:026.966 JLINK_IsHalted()
T8B78 003:026.971 - 0.005ms returns TRUE
T8B78 003:026.976 JLINK_Reset()
T8B78 003:026.986   JLINK_GetResetTypeDesc
T8B78 003:026.990   - 0.004ms 
T8B78 003:026.994   Reset type: CONNECT UNDER RESET (https://wiki.segger.com/J-Link_Reset_Strategies)
T8B78 003:027.001   CPU_WriteMem(4 bytes @ 0xE000EDF0)
T8B78 003:027.660   CPU_ReadMem(4 bytes @ 0xE000ED44)
T8B78 003:028.367   CPU_ReadMem(4 bytes @ 0xE000EE08)
T8B78 003:029.050   CPU_WriteMem(4 bytes @ 0xE000EE08)
T8B78 003:029.768   CPU_ReadMem(4 bytes @ 0xE000EE08)
T8B78 003:030.530   Reset: ARMv8M core with Security Extension enabled detected. Switch to secure domain.
T8B78 003:030.537   CPU_WriteMem(4 bytes @ 0xE000EDFC)
T8B78 003:031.197   Reset: Halt core after reset via DEMCR.VC_CORERESET.
T8B78 003:032.243   Reset: Reset device via AIRCR.SYSRESETREQ.
T8B78 003:032.256   CPU_WriteMem(4 bytes @ 0xE000ED0C)
T8B78 003:087.466   CPU_ReadMem(4 bytes @ 0xE000EDF0)
T8B78 003:088.257   CPU_ReadMem(4 bytes @ 0xE000EDF0)
T8B78 003:089.656   CPU_WriteMem(4 bytes @ 0xE000EDFC)
T8B78 003:096.221   CPU_ReadMem(4 bytes @ 0xE000EDF0)
T8B78 003:100.804   CPU_WriteMem(4 bytes @ 0xE0002000)
T8B78 003:101.459   CPU_ReadMem(4 bytes @ 0xE000EDFC)
T8B78 003:102.129   CPU_ReadMem(4 bytes @ 0xE0001000)
T8B78 003:102.766   CPU_ReadMem(4 bytes @ 0xE000EE08)
T8B78 003:103.429 - 76.451ms 
T8B78 003:103.451 JLINK_SetEndian(ARM_ENDIAN_LITTLE)
T8B78 003:103.456 - 0.004ms returns 0
T8B78 003:126.343 JLINK_ReadMem(0x00000AA0, 0x4 Bytes, ...)
T8B78 003:126.394    -- Read from flash cache (4 bytes @ 0x00000AA0)
T8B78 003:126.400   Data:  80 B5 6F 46
T8B78 003:126.409 - 0.066ms returns 0
T8B78 003:138.001 JLINK_ReadMem(0x00000AA0, 0x4 Bytes, ...)
T8B78 003:138.044    -- Read from flash cache (4 bytes @ 0x00000AA0)
T8B78 003:138.053   Data:  80 B5 6F 46
T8B78 003:138.073 - 0.073ms returns 0
T8B78 003:139.988 JLINK_ReadMem(0x00000060, 0x2 Bytes, ...)
T8B78 003:140.016    -- Read from flash cache (2 bytes @ 0x00000060)
T8B78 003:140.024   Data:  00 20
T8B78 003:140.032 - 0.044ms returns 0
T8B78 003:140.262 JLINK_ReadMem(0x00000060, 0x2 Bytes, ...)
T8B78 003:140.271    -- Read from flash cache (2 bytes @ 0x00000060)
T8B78 003:140.289   Data:  00 20
T8B78 003:140.295 - 0.033ms returns 0
T8B78 003:140.565 JLINK_GetNumBPUnits(Type = 0xFFFFFF00)
T8B78 003:140.575 - 0.010ms returns 0x08
T8B78 003:140.580 JLINK_GetNumWPUnits()
T8B78 003:140.584 - 0.003ms returns 4
T8B78 003:140.588 JLINK_GetNumWPUnits()
T8B78 003:140.592 - 0.003ms returns 4
T8B78 003:140.600 JLINK_GetNumBPUnits(Type = 0xFFFFFF00)
T8B78 003:140.604 - 0.003ms returns 0x08
T8B78 003:140.608 JLINK_GetNumWPUnits()
T8B78 003:140.612 - 0.003ms returns 4
T8B78 003:140.616 JLINK_GetNumWPUnits()
T8B78 003:140.620 - 0.003ms returns 4
T8B78 003:140.626 JLINK_GetNumBPUnits(Type = 0xFFFFFF00)
T8B78 003:140.630 - 0.003ms returns 0x08
T8B78 003:140.635 JLINK_GetNumWPUnits()
T8B78 003:140.639 - 0.003ms returns 4
T8B78 003:140.643 JLINK_GetNumWPUnits()
T8B78 003:140.647 - 0.003ms returns 4
T8B78 003:140.688 JLINK_SetBPEx(Addr = 0x00000060, Type = 0xFFFFFF00)
T8B78 003:140.697 - 0.009ms returns 0x00000001
T8B78 003:578.961 JLINK_ClrBPEx(BPHandle = 0x00000001)
T8B78 003:578.992 - 0.031ms returns 0x00
T8B78 003:579.003 JLINK_SetBPEx(Addr = 0x00000060, Type = 0xFFFFFF00)
T8B78 003:579.014 - 0.010ms returns 0x00000002
T8B78 003:579.020 JLINK_SetBPEx(Addr = 0x0000008C, Type = 0xFFFFFF00)
T8B78 003:579.026 - 0.006ms returns 0x00000003
T8B78 003:579.035 JLINK_ClrBPEx(BPHandle = 0x00000002)
T8B78 003:579.042 - 0.006ms returns 0x00
T8B78 003:579.047 JLINK_ClrBPEx(BPHandle = 0x00000003)
T8B78 003:579.052 - 0.004ms returns 0x00
T8B78 003:579.057 JLINK_SetBPEx(Addr = 0x00000060, Type = 0xFFFFFF00)
T8B78 003:579.061 - 0.004ms returns 0x00000004
T8B78 003:593.300 JLINK_ReadMem(0x00000090, 0x2 Bytes, ...)
T8B78 003:593.326    -- Read from flash cache (2 bytes @ 0x00000090)
T8B78 003:593.334   Data:  FF F7
T8B78 003:593.340 - 0.041ms returns 0
T8B78 003:593.658 JLINK_ClrBPEx(BPHandle = 0x00000004)
T8B78 003:593.680 - 0.022ms returns 0x00
T8B78 003:593.689 JLINK_SetBPEx(Addr = 0x00000060, Type = 0xFFFFFF00)
T8B78 003:593.695 - 0.006ms returns 0x00000005
T8B78 003:593.700 JLINK_SetBPEx(Addr = 0x00000090, Type = 0xFFFFFF00)
T8B78 003:593.704 - 0.004ms returns 0x00000006
T8B78 003:671.322 JLINK_ReadRegs(NumRegs = 22)
T8B78 003:671.371   CPU_ReadMem(4 bytes @ 0xE000EE08)
T8B78 003:672.048   
  R0 (0)        = 0x00                 R1 (1)        = 0x00                 R2 (2)        = 0x00                 R3 (3)        = 0x00              
  R4 (4)        = 0x00                 R5 (5)        = 0x00                 R6 (6)        = 0x00                 R7 (7)        = 0x00              
  R8 (8)        = 0xD50                R9 (9)        = 0x04                 R10 (10)      = 0x9EBDD744           R11 (11)      = 0xA4222581        
  R12 (12)      = 0x20007898           R13 (SP) (13) = 0x20000400           R14 (14)      = 0xFFFFFFFF           R15 (PC) (15) = 0xAA0             
  XPSR (16)     = 0xF9000000           MSP (17)      = 0x20000400           PSP (18)      = 0x00                 MSPLIM (86)   = 0x00              
  PSPLIM (87)   = 0x00                 CFBP (20)     = 0x00              
T8B78 003:672.075 - 0.753ms returns 0x00
T8B78 003:672.940 JLINK_ReadMem(0x00000AA0, 0x4 Bytes, ...)
T8B78 003:672.966    -- Read from flash cache (4 bytes @ 0x00000AA0)
T8B78 003:672.973   Data:  80 B5 6F 46
T8B78 003:672.980 - 0.039ms returns 0
T4E6C 003:709.821 JLINK_GetNumBPUnits(Type = 0xFFFFFF00)
T4E6C 003:709.851 - 0.030ms returns 0x08
T4E6C 003:709.856 JLINK_GetNumWPUnits()
T4E6C 003:709.860 - 0.004ms returns 4
T4E6C 003:709.865 JLINK_GetNumWPUnits()
T4E6C 003:709.869 - 0.004ms returns 4
T4E6C 003:710.088 JLINK_GetNumBPUnits(Type = 0xFFFFFF00)
T4E6C 003:710.105 - 0.017ms returns 0x08
T4E6C 003:710.112 JLINK_GetNumWPUnits()
T4E6C 003:710.118 - 0.005ms returns 4
T4E6C 003:710.125 JLINK_GetNumWPUnits()
T4E6C 003:710.131 - 0.005ms returns 4
T4E6C 003:710.455 JLINK_GetNumBPUnits(Type = 0xFFFFFF00)
T4E6C 003:710.468 - 0.013ms returns 0x08
T4E6C 003:710.475 JLINK_GetNumWPUnits()
T4E6C 003:710.480 - 0.005ms returns 4
T4E6C 003:710.485 JLINK_GetNumWPUnits()
T4E6C 003:710.495 - 0.010ms returns 4
T4E6C 003:711.058 JLINK_GetNumBPUnits(Type = 0xFFFFFF00)
T4E6C 003:711.071 - 0.012ms returns 0x08
T4E6C 003:711.076 JLINK_GetNumWPUnits()
T4E6C 003:711.080 - 0.004ms returns 4
T4E6C 003:711.085 JLINK_GetNumWPUnits()
T4E6C 003:711.089 - 0.003ms returns 4
T4E6C 003:711.786 JLINK_ReadReg(XPSR)
T4E6C 003:712.565 - 0.778ms returns 0xF9000000
T4E6C 003:712.601 JLINK_ReadReg(R15 (PC))
T4E6C 003:712.616 - 0.015ms returns 0x00000AA0
T4E6C 003:712.915 JLINK_GetNumBPUnits(Type = 0xFFFFFF00)
T4E6C 003:712.926 - 0.011ms returns 0x08
T4E6C 003:712.931 JLINK_GetNumWPUnits()
T4E6C 003:712.935 - 0.003ms returns 4
T4E6C 003:712.940 JLINK_GetNumWPUnits()
T4E6C 003:712.943 - 0.003ms returns 4
T4E6C 003:713.135 JLINK_GetNumBPUnits(Type = 0xFFFFFF00)
T4E6C 003:713.146 - 0.010ms returns 0x08
T4E6C 003:713.153 JLINK_GetNumWPUnits()
T4E6C 003:713.159 - 0.006ms returns 4
T4E6C 003:713.165 JLINK_GetNumWPUnits()
T4E6C 003:713.171 - 0.005ms returns 4
T4E6C 003:713.332 JLINK_GetNumBPUnits(Type = 0xFFFFFF00)
T4E6C 003:713.340 - 0.008ms returns 0x08
T4E6C 003:713.344 JLINK_GetNumWPUnits()
T4E6C 003:713.348 - 0.003ms returns 4
T4E6C 003:713.352 JLINK_GetNumWPUnits()
T4E6C 003:713.356 - 0.003ms returns 4
T4E6C 003:713.504 JLINK_GetNumBPUnits(Type = 0xFFFFFF00)
T4E6C 003:713.516 - 0.011ms returns 0x08
T4E6C 003:713.521 JLINK_GetNumWPUnits()
T4E6C 003:713.525 - 0.003ms returns 4
T4E6C 003:713.529 JLINK_GetNumWPUnits()
T4E6C 003:713.533 - 0.003ms returns 4
T8B78 004:326.619 JLINK_ReadMem(0x00000AA0, 0x4 Bytes, ...)
T8B78 004:326.671    -- Read from flash cache (4 bytes @ 0x00000AA0)
T8B78 004:326.678   Data:  80 B5 6F 46
T8B78 004:326.685 - 0.067ms returns 0
T0FC0 006:939.913 JLINK_ClrBPEx(BPHandle = 0x00000005)
T0FC0 006:940.544 - 0.630ms returns 0x00
T0FC0 006:940.569 JLINK_ClrBPEx(BPHandle = 0x00000006)
T0FC0 006:940.576 - 0.007ms returns 0x00
T0FC0 006:940.589 JLINK_Halt()
T0FC0 006:940.593 - 0.004ms returns 0x00
T0FC0 006:940.600 JLINK_ReadReg(XPSR)
T0FC0 006:940.611 - 0.011ms returns 0xF9000000
T0FC0 006:950.811 JLINK_Close()
T0FC0 006:951.490   CPU_WriteMem(4 bytes @ 0xE0002008)
T0FC0 006:951.499   CPU_WriteMem(4 bytes @ 0xE000200C)
T0FC0 006:951.505   CPU_WriteMem(4 bytes @ 0xE0002010)
T0FC0 006:951.510   CPU_WriteMem(4 bytes @ 0xE0002014)
T0FC0 006:951.516   CPU_WriteMem(4 bytes @ 0xE0002018)
T0FC0 006:951.521   CPU_WriteMem(4 bytes @ 0xE000201C)
T0FC0 006:951.527   CPU_WriteMem(4 bytes @ 0xE0002020)
T0FC0 006:951.533   CPU_WriteMem(4 bytes @ 0xE0002024)
T0FC0 006:964.329 - 13.517ms
T0FC0 006:964.354   
T0FC0 006:964.358   Closed
