<html>
<body>
<pre>
<h1>µVision Build Log</h1>
<h2>Tool Versions:</h2>
IDE-Version: ¦ÌVision V5.25.3.0
Copyright (C) 2018 ARM Ltd and ARM Germany GmbH. All rights reserved.
License Information: 1 Administrator, 11, LIC=KRMW3-AV2YU-BSMYX-HL4X6-FG89A-H77DN
 
Tool Versions:
Toolchain:       MDK-ARM Plus  Version: 5.27.0.0
Toolchain Path:  D:\Program Files\Keil_v5\ARM\ARMCC\Bin
C Compiler:      Armcc.exe V5.06 update 6 (build 750)
Assembler:       Armasm.exe V5.06 update 6 (build 750)
Linker/Locator:  ArmLink.exe V5.06 update 6 (build 750)
Library Manager: ArmAr.exe V5.06 update 6 (build 750)
Hex Converter:   FromElf.exe V5.06 update 6 (build 750)
CPU DLL:         SARMCM3.DLL V5.27.0.0
Dialog DLL:      DCM.DLL V1.17.2.0
Target DLL:      STLink\ST-LINKIII-KEIL_SWO.dll V3.0.5.0
Dialog DLL:      TCM.DLL V1.36.1.0
 
<h2>Project:</h2>
C:\Users\Administrator\Desktop\PHÖµ²É¼¯OLED\1.CODE\Project\RVMDK£¨uv5£©\BH-F103.uvprojx
Project File Date:  01/15/2025

<h2>Output:</h2>
*** Using Compiler 'V5.06 update 6 (build 750)', folder: 'D:\Program Files\Keil_v5\ARM\ARMCC\Bin'
Rebuild target 'USART'
compiling stm32f10x_bkp.c...
compiling system_stm32f10x.c...
compiling stm32f10x_gpio.c...
compiling misc.c...
compiling stm32f10x_iwdg.c...
compiling stm32f10x_pwr.c...
compiling stm32f10x_rcc.c...
compiling stm32f10x_can.c...
compiling stm32f10x_rtc.c...
compiling stm32f10x_sdio.c...
compiling stm32f10x_spi.c...
compiling stm32f10x_dac.c...
compiling stm32f10x_usart.c...
compiling stm32f10x_wwdg.c...
compiling stm32f10x_tim.c...
compiling main.c...
..\..\User\timer.h(6): warning:  #1-D: last line of file ends without a newline
  extern void MKB0803_Data(void);
..\..\User\main.c(73): warning:  #177-D: variable "GPIO_InitStructure"  was declared but never referenced
  	GPIO_InitTypeDef GPIO_InitStructure;
..\..\User\main.c: 2 warnings, 0 errors
compiling stm32f10x_crc.c...
compiling delay.c...
compiling bsp_usart1.c...
compiling bsp_usart2.c...
compiling stm32f10x_it.c...
compiling ds18b20.c...
compiling stm32f10x_cec.c...
compiling bsp_adc.c...
compiling OLED_I2C.c...
compiling bsp_SysTick.c...
compiling timer.c...
..\..\User\timer.h(6): warning:  #1-D: last line of file ends without a newline
  extern void MKB0803_Data(void);
..\..\User\timer.c: 1 warning, 0 errors
compiling common.c...
compiling ringbuffer.c...
compiling dataPointTools.c...
compiling stm32f10x_dbgmcu.c...
compiling stm32f10x_exti.c...
compiling stm32f10x_adc.c...
compiling stm32f10x_flash.c...
compiling stm32f10x_fsmc.c...
assembling startup_stm32f10x_md.s...
compiling stm32f10x_dma.c...
compiling core_cm3.c...
compiling stm32f10x_i2c.c...
compiling sys.c...
linking...
Program Size: Code=15736 RO-data=2340 RW-data=436 ZI-data=1300  
FromELF: creating hex file...
"..\..\Output\USART.axf" - 0 Error(s), 3 Warning(s).

<h2>Software Packages used:</h2>

Package Vendor: Keil
                http://www.keil.com/pack/Keil.STM32F1xx_DFP.2.1.0.pack
                Keil.STM32F1xx_DFP.2.1.0
                STMicroelectronics STM32F1 Series Device Support, Drivers and Examples

<h2>Collection of Component include folders:</h2>
  .\RTE\_USART
  D:\Program Files\Keil_v5\ARM\PACK\Keil\STM32F1xx_DFP\2.1.0\Device\Include

<h2>Collection of Component Files used:</h2>
Build Time Elapsed:  00:00:03
</pre>
</body>
</html>
