Component: Arm Compiler for Embedded 6.22 Tool: armlink [5ee90200]

==============================================================================

Section Cross References

    hal_entry.o(.text.hal_entry) refers to hal_data.o(.bss.g_serial_servo_uart_ctrl) for g_serial_servo_uart_ctrl
    hal_entry.o(.text.hal_entry) refers to hal_data.o(.rodata.g_serial_servo_uart_cfg) for g_serial_servo_uart_cfg
    hal_entry.o(.text.hal_entry) refers to r_sci_uart.o(.text.R_SCI_UART_Open) for R_SCI_UART_Open
    hal_entry.o(.text.hal_entry) refers to hal_entry.o(.bss.g_arm_ctrl) for g_arm_ctrl
    hal_entry.o(.text.hal_entry) refers to arm_control.o(.text.ArmControl_Init) for ArmControl_Init
    hal_entry.o(.text.hal_entry) refers to hal_entry.o(.bss.g_kin_status) for g_kin_status
    hal_entry.o(.text.hal_entry) refers to bsp_delay.o(.text.R_BSP_SoftwareDelay) for R_BSP_SoftwareDelay
    hal_entry.o(.text.hal_entry) refers to arm_control.o(.text.ArmControl_Reset) for ArmControl_Reset
    hal_entry.o(.text.hal_entry) refers to arm_control.o(.text.ArmControl_EndPositionSet) for ArmControl_EndPositionSet
    hal_entry.o(.ARM.exidx.text.hal_entry) refers to hal_entry.o(.text.hal_entry) for [Anonymous Symbol]
    hal_warmstart.o(.text.R_BSP_WarmStart) refers to common_data.o(.bss.g_ioport_ctrl) for g_ioport_ctrl
    hal_warmstart.o(.text.R_BSP_WarmStart) refers to pin_data.o(.rodata.g_bsp_pin_cfg) for g_bsp_pin_cfg
    hal_warmstart.o(.text.R_BSP_WarmStart) refers to r_ioport.o(.text.R_IOPORT_Open) for R_IOPORT_Open
    hal_warmstart.o(.ARM.exidx.text.R_BSP_WarmStart) refers to hal_warmstart.o(.text.R_BSP_WarmStart) for [Anonymous Symbol]
    serial_servo.o(.text.Servo_Init) refers to memseta.o(.text) for __aeabi_memclr
    serial_servo.o(.ARM.exidx.text.Servo_Init) refers to serial_servo.o(.text.Servo_Init) for [Anonymous Symbol]
    serial_servo.o(.ARM.exidx.text.Servo_CmdFrameFill) refers to serial_servo.o(.text.Servo_CmdFrameFill) for [Anonymous Symbol]
    serial_servo.o(.ARM.exidx.text.Servo_ChecksumCalc) refers to serial_servo.o(.text.Servo_ChecksumCalc) for [Anonymous Symbol]
    serial_servo.o(.text.Servo_CmdFrameSend) refers to serial_servo.o(.bss.servo_frame_buf) for servo_frame_buf
    serial_servo.o(.text.Servo_CmdFrameSend) refers to hal_data.o(.bss.g_serial_servo_uart_ctrl) for g_serial_servo_uart_ctrl
    serial_servo.o(.text.Servo_CmdFrameSend) refers to r_sci_uart.o(.text.R_SCI_UART_Write) for R_SCI_UART_Write
    serial_servo.o(.ARM.exidx.text.Servo_CmdFrameSend) refers to serial_servo.o(.text.Servo_CmdFrameSend) for [Anonymous Symbol]
    serial_servo.o(.text.Servo_PositionSet) refers to serial_servo.o(.text.Servo_CmdFrameSend) for Servo_CmdFrameSend
    serial_servo.o(.ARM.exidx.text.Servo_PositionSet) refers to serial_servo.o(.text.Servo_PositionSet) for [Anonymous Symbol]
    stepper_slideway.o(.text.Stepper_Init) refers to bsp_delay.o(.text.R_BSP_SoftwareDelay) for R_BSP_SoftwareDelay
    stepper_slideway.o(.text.Stepper_Init) refers to hal_data.o(.bss.g_stepper_i2c_ctrl) for g_stepper_i2c_ctrl
    stepper_slideway.o(.text.Stepper_Init) refers to hal_data.o(.rodata.g_stepper_i2c_cfg) for g_stepper_i2c_cfg
    stepper_slideway.o(.text.Stepper_Init) refers to r_sci_i2c.o(.text.R_SCI_I2C_Open) for R_SCI_I2C_Open
    stepper_slideway.o(.text.Stepper_Init) refers to stepper_slideway.o(.text.Stepper_RepositionRead) for Stepper_RepositionRead
    stepper_slideway.o(.text.Stepper_Init) refers to stepper_slideway.o(.text.Stepper_RepositionSet) for Stepper_RepositionSet
    stepper_slideway.o(.text.Stepper_Init) refers to stepper_slideway.o(.text.Stepper_SubdivisionSet) for Stepper_SubdivisionSet
    stepper_slideway.o(.ARM.exidx.text.Stepper_Init) refers to stepper_slideway.o(.text.Stepper_Init) for [Anonymous Symbol]
    stepper_slideway.o(.text.Stepper_RepositionRead) refers to hal_data.o(.bss.g_stepper_i2c_ctrl) for g_stepper_i2c_ctrl
    stepper_slideway.o(.text.Stepper_RepositionRead) refers to r_sci_i2c.o(.text.R_SCI_I2C_SlaveAddressSet) for R_SCI_I2C_SlaveAddressSet
    stepper_slideway.o(.text.Stepper_RepositionRead) refers to r_sci_i2c.o(.text.R_SCI_I2C_Write) for R_SCI_I2C_Write
    stepper_slideway.o(.text.Stepper_RepositionRead) refers to r_sci_i2c.o(.text.R_SCI_I2C_Read) for R_SCI_I2C_Read
    stepper_slideway.o(.ARM.exidx.text.Stepper_RepositionRead) refers to stepper_slideway.o(.text.Stepper_RepositionRead) for [Anonymous Symbol]
    stepper_slideway.o(.text.Stepper_RepositionSet) refers to hal_data.o(.bss.g_stepper_i2c_ctrl) for g_stepper_i2c_ctrl
    stepper_slideway.o(.text.Stepper_RepositionSet) refers to r_sci_i2c.o(.text.R_SCI_I2C_SlaveAddressSet) for R_SCI_I2C_SlaveAddressSet
    stepper_slideway.o(.text.Stepper_RepositionSet) refers to r_sci_i2c.o(.text.R_SCI_I2C_Write) for R_SCI_I2C_Write
    stepper_slideway.o(.ARM.exidx.text.Stepper_RepositionSet) refers to stepper_slideway.o(.text.Stepper_RepositionSet) for [Anonymous Symbol]
[...]
    gp_ddsc_OPTION_SETTING_OFS1_START        0x00001bc0   Data           4  bsp_linker.o(.rodata.gp_ddsc_OPTION_SETTING_OFS1_START)
    gp_ddsc_OPTION_SETTING_PBPS_END          0x00001bc4   Data           4  bsp_linker.o(.rodata.gp_ddsc_OPTION_SETTING_PBPS_END)
    gp_ddsc_OPTION_SETTING_PBPS_SEC_END      0x00001bc8   Data           4  bsp_linker.o(.rodata.gp_ddsc_OPTION_SETTING_PBPS_SEC_END)
    gp_ddsc_OPTION_SETTING_PBPS_SEC_START    0x00001bcc   Data           4  bsp_linker.o(.rodata.gp_ddsc_OPTION_SETTING_PBPS_SEC_START)
    gp_ddsc_OPTION_SETTING_PBPS_START        0x00001bd0   Data           4  bsp_linker.o(.rodata.gp_ddsc_OPTION_SETTING_PBPS_START)
    gp_ddsc_OSPI0_CS0_END                    0x00001bd4   Data           4  bsp_linker.o(.rodata.gp_ddsc_OSPI0_CS0_END)
    gp_ddsc_OSPI0_CS0_START                  0x00001bd8   Data           4  bsp_linker.o(.rodata.gp_ddsc_OSPI0_CS0_START)
    gp_ddsc_OSPI0_CS1_END                    0x00001bdc   Data           4  bsp_linker.o(.rodata.gp_ddsc_OSPI0_CS1_END)
    gp_ddsc_OSPI0_CS1_START                  0x00001be0   Data           4  bsp_linker.o(.rodata.gp_ddsc_OSPI0_CS1_START)
    gp_ddsc_QSPI_FLASH_END                   0x00001be4   Data           4  bsp_linker.o(.rodata.gp_ddsc_QSPI_FLASH_END)
    gp_ddsc_QSPI_FLASH_START                 0x00001be8   Data           4  bsp_linker.o(.rodata.gp_ddsc_QSPI_FLASH_START)
    gp_ddsc_RAM_END                          0x00001bec   Data           4  bsp_linker.o(.rodata.gp_ddsc_RAM_END)
    gp_ddsc_RAM_NSC                          0x00001bf0   Data           4  bsp_linker.o(.rodata.gp_ddsc_RAM_NSC)
    gp_ddsc_RAM_START                        0x00001bf4   Data           4  bsp_linker.o(.rodata.gp_ddsc_RAM_START)
    Image$$__ddsc_FLASH_END$$Base            0x00008000   Number         0  anon$$obj.o ABSOLUTE
    Image$$__ddsc_FLASH_NSC$$Base            0x00008000   Number         0  anon$$obj.o ABSOLUTE
    Image$$__ddsc_OPTION_SETTING_OFS0_START$$Base 0x0100a100   Number         0  anon$$obj.o ABSOLUTE
    Image$$__ddsc_OPTION_SETTING_OFS0_END$$Base 0x0100a104   Number         0  anon$$obj.o ABSOLUTE
    Image$$__ddsc_OPTION_SETTING_DUALSEL_END$$Base 0x0100a110   Number         0  anon$$obj.o ABSOLUTE
    Image$$__ddsc_OPTION_SETTING_DUALSEL_START$$Base 0x0100a110   Number         0  anon$$obj.o ABSOLUTE
    Image$$__ddsc_OPTION_SETTING_OFS1_END$$Base 0x0100a180   Number         0  anon$$obj.o ABSOLUTE
    Image$$__ddsc_OPTION_SETTING_OFS1_START$$Base 0x0100a180   Number         0  anon$$obj.o ABSOLUTE
    Image$$__ddsc_OPTION_SETTING_BANKSEL_END$$Base 0x0100a190   Number         0  anon$$obj.o ABSOLUTE
    Image$$__ddsc_OPTION_SETTING_BANKSEL_START$$Base 0x0100a190   Number         0  anon$$obj.o ABSOLUTE
    Image$$__ddsc_OPTION_SETTING_BPS_END$$Base 0x0100a1c0   Number         0  anon$$obj.o ABSOLUTE
    Image$$__ddsc_OPTION_SETTING_BPS_START$$Base 0x0100a1c0   Number         0  anon$$obj.o ABSOLUTE
    Image$$__ddsc_OPTION_SETTING_PBPS_END$$Base 0x0100a1e0   Number         0  anon$$obj.o ABSOLUTE
    Image$$__ddsc_OPTION_SETTING_PBPS_START$$Base 0x0100a1e0   Number         0  anon$$obj.o ABSOLUTE
    Image$$__ddsc_OPTION_SETTING_OFS1_SEC_START$$Base 0x0100a200   Number         0  anon$$obj.o ABSOLUTE
    Image$$__ddsc_OPTION_SETTING_OFS1_SEC_END$$Base 0x0100a204   Number         0  anon$$obj.o ABSOLUTE
    Image$$__ddsc_OPTION_SETTING_BANKSEL_SEC_END$$Base 0x0100a210   Number         0  anon$$obj.o ABSOLUTE
    Image$$__ddsc_OPTION_SETTING_BANKSEL_SEC_START$$Base 0x0100a210   Number         0  anon$$obj.o ABSOLUTE
    Image$$__ddsc_OPTION_SETTING_BPS_SEC_END$$Base 0x0100a240   Number         0  anon$$obj.o ABSOLUTE
    Image$$__ddsc_OPTION_SETTING_BPS_SEC_START$$Base 0x0100a240   Number         0  anon$$obj.o ABSOLUTE
    Image$$__ddsc_OPTION_SETTING_PBPS_SEC_END$$Base 0x0100a260   Number         0  anon$$obj.o ABSOLUTE
    Image$$__ddsc_OPTION_SETTING_PBPS_SEC_START$$Base 0x0100a260   Number         0  anon$$obj.o ABSOLUTE
    Image$$__ddsc_OPTION_SETTING_OFS1_SEL_START$$Base 0x0100a280   Number         0  anon$$obj.o ABSOLUTE
    Image$$__ddsc_OPTION_SETTING_OFS1_SEL_END$$Base 0x0100a284   Number         0  anon$$obj.o ABSOLUTE
    Image$$__ddsc_OPTION_SETTING_BANKSEL_SEL_END$$Base 0x0100a290   Number         0  anon$$obj.o ABSOLUTE
    Image$$__ddsc_OPTION_SETTING_BANKSEL_SEL_START$$Base 0x0100a290   Number         0  anon$$obj.o ABSOLUTE
    Image$$__ddsc_OPTION_SETTING_BPS_SEL_END$$Base 0x0100a2c0   Number         0  anon$$obj.o ABSOLUTE
    Image$$__ddsc_OPTION_SETTING_BPS_SEL_START$$Base 0x0100a2c0   Number         0  anon$$obj.o ABSOLUTE
    Image$$__ddsc_DATA_FLASH_END$$Base       0x08000000   Number         0  anon$$obj.o ABSOLUTE
    Image$$__ddsc_DATA_FLASH_START$$Base     0x08000000   Number         0  anon$$obj.o ABSOLUTE
    Load$$__ospi0_cs0_from_data_flash$$Base  0x08000000   Number         0  anon$$obj.o ABSOLUTE
    Load$$__ram_from_data_flash$$Base        0x08000000   Number         0  anon$$obj.o ABSOLUTE
    Image$$__ddsc_RAM_START$$Base            0x20000000   Number         0  anon$$obj.o ABSOLUTE
    Image$$__ram_from_data_flash$$Base       0x20000000   Number         0  anon$$obj.o ABSOLUTE
    Image$$__ram_from_data_flash$$Limit      0x20000000   Number         0  anon$$obj.o ABSOLUTE
    Image$$__ram_from_flash$$Base            0x20000000   Number         0  anon$$obj.o ABSOLUTE
    Image$$__ram_from_ospi0_cs1$$Base        0x20000000   Number         0  anon$$obj.o ABSOLUTE
    Image$$__ram_from_ospi0_cs1$$Limit       0x20000000   Number         0  anon$$obj.o ABSOLUTE
    Image$$__ram_from_qspi_flash$$Base       0x20000000   Number         0  anon$$obj.o ABSOLUTE
    Image$$__ram_from_qspi_flash$$Limit      0x20000000   Number         0  anon$$obj.o ABSOLUTE
    debug_limit_fail_joint                   0x20000004   Data           4  hal_entry.o(.data.debug_limit_fail_joint)
    g_serial_servo_uart_baud_setting         0x20000008   Data           4  hal_data.o(.data.g_serial_servo_uart_baud_setting)
    Image$$__ram_from_flash$$Limit           0x2000000c   Number         0  anon$$obj.o ABSOLUTE
    Image$$__ram_noinit_nocache$$ZI$$Base    0x20000020   Number         0  anon$$obj.o ABSOLUTE
    Image$$__ram_zero_nocache$$ZI$$Base      0x20000020   Number         0  anon$$obj.o ABSOLUTE
    Image$$__ram_zero_nocache_pad$$ZI$$Limit 0x20000020   Number         0  anon$$obj.o ABSOLUTE
    g_heap                                   0x20000020   Data           0  startup.o(.bss.g_heap)
    g_main_stack                             0x20000020   Data        1024  startup.o(.bss.g_main_stack)
    Image$$__ram_zero$$ZI$$Base              0x2000043c   Number         0  anon$$obj.o ABSOLUTE
    SystemCoreClock                          0x2000043c   Data           4  system.o(.bss.SystemCoreClock)
    debug_cos_beta                           0x20000440   Data           4  hal_entry.o(.bss.debug_cos_beta)
    debug_cos_theta2                         0x20000444   Data           4  hal_entry.o(.bss.debug_cos_theta2)
    debug_d                                  0x20000448   Data           4  hal_entry.o(.bss.debug_d)
    debug_joint0_theta                       0x2000044c   Data           4  hal_entry.o(.bss.debug_joint0_theta)
    debug_joint1_theta                       0x20000450   Data           4  hal_entry.o(.bss.debug_joint1_theta)
    debug_joint2_theta                       0x20000454   Data           4  hal_entry.o(.bss.debug_joint2_theta)
    debug_joint3_theta                       0x20000458   Data           4  hal_entry.o(.bss.debug_joint3_theta)
    debug_max_reach                          0x2000045c   Data           4  hal_entry.o(.bss.debug_max_reach)
    debug_min_reach                          0x20000460   Data           4  hal_entry.o(.bss.debug_min_reach)
    g_arm_ctrl                               0x20000464   Data          80  hal_entry.o(.bss.g_arm_ctrl)
    g_bsp_group_irq_sources                  0x200004b4   Data          64  bsp_group_irq.o(.bss.g_bsp_group_irq_sources)
    g_ioport_ctrl                            0x200004f4   Data           8  common_data.o(.bss.g_ioport_ctrl)
    g_kin_status                             0x200004fc   Data           4  hal_entry.o(.bss.g_kin_status)
    g_protect_counters                       0x20000500   Data          10  bsp_register_protection.o(.bss.g_protect_counters)
    g_protect_pfswe_counter                  0x2000050c   Data           4  bsp_io.o(.bss.g_protect_pfswe_counter)
    g_serial_servo_uart_ctrl                 0x20000510   Data          48  hal_data.o(.bss.g_serial_servo_uart_ctrl)
    gp_renesas_isr_context                   0x20000540   Data          24  bsp_irq.o(.bss.gp_renesas_isr_context)
    Image$$__ram_zero$$ZI$$Limit             0x20000568   Number         0  anon$$obj.o ABSOLUTE
    Image$$__ddsc_RAM_END$$Base              0x20002000   Number         0  anon$$obj.o ABSOLUTE
    Image$$__ddsc_RAM_NSC$$Base              0x20002000   Number         0  anon$$obj.o ABSOLUTE
    Image$$__ddsc_QSPI_FLASH_END$$Base       0x60000000   Number         0  anon$$obj.o ABSOLUTE
    Image$$__ddsc_QSPI_FLASH_START$$Base     0x60000000   Number         0  anon$$obj.o ABSOLUTE
    Load$$__ospi0_cs0_from_qspi_flash$$Base  0x60000000   Number         0  anon$$obj.o ABSOLUTE
    Load$$__ram_from_qspi_flash$$Base        0x60000000   Number         0  anon$$obj.o ABSOLUTE
    Image$$__ddsc_OSPI0_CS0_END$$Base        0x68000000   Number         0  anon$$obj.o ABSOLUTE
    Image$$__ddsc_OSPI0_CS0_START$$Base      0x68000000   Number         0  anon$$obj.o ABSOLUTE
    Image$$__ospi0_cs0_from_data_flash$$Base 0x68000000   Number         0  anon$$obj.o ABSOLUTE
    Image$$__ospi0_cs0_from_data_flash$$Limit 0x68000000   Number         0  anon$$obj.o ABSOLUTE
    Image$$__ospi0_cs0_from_flash$$Base      0x68000000   Number         0  anon$$obj.o ABSOLUTE
    Image$$__ospi0_cs0_from_flash$$Limit     0x68000000   Number         0  anon$$obj.o ABSOLUTE
    Image$$__ospi0_cs0_from_ospi0_cs1$$Base  0x68000000   Number         0  anon$$obj.o ABSOLUTE
    Image$$__ospi0_cs0_from_ospi0_cs1$$Limit 0x68000000   Number         0  anon$$obj.o ABSOLUTE
    Image$$__ospi0_cs0_from_qspi_flash$$Base 0x68000000   Number         0  anon$$obj.o ABSOLUTE
    Image$$__ospi0_cs0_from_qspi_flash$$Limit 0x68000000   Number         0  anon$$obj.o ABSOLUTE
    Image$$__ospi0_cs0_noinit_nocache$$ZI$$Base 0x68000000   Number         0  anon$$obj.o ABSOLUTE
    Image$$__ospi0_cs0_zero$$ZI$$Base        0x68000000   Number         0  anon$$obj.o ABSOLUTE
    Image$$__ospi0_cs0_zero$$ZI$$Limit       0x68000000   Number         0  anon$$obj.o ABSOLUTE
    Image$$__ospi0_cs0_zero_nocache$$ZI$$Base 0x68000000   Number         0  anon$$obj.o ABSOLUTE
    Image$$__ospi0_cs0_zero_nocache_pad$$ZI$$Limit 0x68000000   Number         0  anon$$obj.o ABSOLUTE
    Image$$__ddsc_OSPI0_CS1_END$$Base        0x70000000   Number         0  anon$$obj.o ABSOLUTE
    Image$$__ddsc_OSPI0_CS1_START$$Base      0x70000000   Number         0  anon$$obj.o ABSOLUTE
    Load$$__ospi0_cs0_from_ospi0_cs1$$Base   0x70000000   Number         0  anon$$obj.o ABSOLUTE
    Load$$__ram_from_ospi0_cs1$$Base         0x70000000   Number         0  anon$$obj.o ABSOLUTE



==============================================================================

Memory Map of the image

  Image Entry point : 0x00000b31

  Load Region LOAD_REGION_QSPI_FLASH (Base: 0x60000000, Size: 0x00000000, Max: 0x04000000, ABSOLUTE)

    Execution Region __RAM_start (Exec base: 0x20000000, Load base: 0x60000000, Size: 0x00000000, Max: 0x00000000, ABSOLUTE)

    Exec Addr    Load Addr    Size         Type   Attr      Idx    E Section Name        Object

    0x20000000        -       0x00000000   Zero   RW            8    __RAM_start.bss     anon$$obj.o


    Execution Region __ddsc_RAM_START (Exec base: 0x20000000, Load base: 0x60000000, Size: 0x00000000, Max: 0x00000000, ABSOLUTE)

    Exec Addr    Load Addr    Size         Type   Attr      Idx    E Section Name        Object

    0x20000000        -       0x00000000   Zero   RW            9    __ddsc_RAM_START.bss  anon$$obj.o


    Execution Region .ram.startof (Exec base: 0x20000000, Load base: 0x60000000, Size: 0x00000000, Max: 0x00000000, ABSOLUTE)

    Exec Addr    Load Addr    Size         Type   Attr      Idx    E Section Name        Object

    0x20000000        -       0x00000000   Zero   RW           10    .ram.startof.bss    anon$$obj.o


    Execution Region __ram_dtc_vector (Exec base: 0x20000000, Load base: 0x60000000, Size: 0x00000000, Max: 0xffffffff, ABSOLUTE, UNINIT)

    **** No section assigned to this execution region ****


    Execution Region __ram_from_qspi_flash (Exec base: 0x20000000, Load base: 0x60000000, Size: 0x00000000, Max: 0xffffffff, ABSOLUTE)

    **** No section assigned to this execution region ****


    Execution Region __QSPI_FLASH_start (Exec base: 0x60000000, Load base: 0x60000000, Size: 0x00000000, Max: 0x00000000, ABSOLUTE)

    Exec Addr    Load Addr    Size         Type   Attr      Idx    E Section Name        Object

    0x60000000        -       0x00000000   Zero   RW            1    __QSPI_FLASH_start.bss  anon$$obj.o


    Execution Region __QSPI_FLASH_init (Exec base: 0x60000000, Load base: 0x60000000, Size: 0x00000000, Max: 0x00000000, ABSOLUTE)

    Exec Addr    Load Addr    Size         Type   Attr      Idx    E Section Name        Object

    0x60000000        -       0x00000000   Zero   RW            2    __QSPI_FLASH_init.bss  anon$$obj.o


    Execution Region __ddsc_QSPI_FLASH_START (Exec base: 0x60000000, Load base: 0x60000000, Size: 0x00000000, Max: 0x00000000, ABSOLUTE)

    Exec Addr    Load Addr    Size         Type   Attr      Idx    E Section Name        Object

    0x60000000        -       0x00000000   Zero   RW            3    __ddsc_QSPI_FLASH_START.bss  anon$$obj.o


    Execution Region .qspi_flash.startof (Exec base: 0x60000000, Load base: 0x60000000, Size: 0x00000000, Max: 0x00000000, ABSOLUTE)

    Exec Addr    Load Addr    Size         Type   Attr      Idx    E Section Name        Object

    0x60000000        -       0x00000000   Zero   RW            4    .qspi_flash.startof.bss  anon$$obj.o


    Execution Region __OSPI0_CS0_start (Exec base: 0x68000000, Load base: 0x60000000, Size: 0x00000000, Max: 0x00000000, ABSOLUTE)

    Exec Addr    Load Addr    Size         Type   Attr      Idx    E Section Name        Object

    0x68000000        -       0x00000000   Zero   RW            5    __OSPI0_CS0_start.bss  anon$$obj.o


    Execution Region __ddsc_OSPI0_CS0_START (Exec base: 0x68000000, Load base: 0x60000000, Size: 0x00000000, Max: 0x00000000, ABSOLUTE)

    Exec Addr    Load Addr    Size         Type   Attr      Idx    E Section Name        Object

    0x68000000        -       0x00000000   Zero   RW            6    __ddsc_OSPI0_CS0_START.bss  anon$$obj.o


    Execution Region .ospi0_cs0.startof (Exec base: 0x68000000, Load base: 0x60000000, Size: 0x00000000, Max: 0x00000000, ABSOLUTE)

    Exec Addr    Load Addr    Size         Type   Attr      Idx    E Section Name        Object

    0x68000000        -       0x00000000   Zero   RW            7    .ospi0_cs0.startof.bss  anon$$obj.o


    Execution Region __ospi0_cs0_from_qspi_flash (Exec base: 0x68000000, Load base: 0x60000000, Size: 0x00000000, Max: 0xffffffff, ABSOLUTE)

    **** No section assigned to this execution region ****



  Load Region LOAD_REGION_QSPI_FLASH_JUMP (Base: 0x60000000, Size: 0x00000000, Max: 0xffffffff, ABSOLUTE)

    Execution Region __qspi_flash_readonly (Exec base: 0x60000000, Load base: 0x60000000, Size: 0x00000000, Max: 0xffffffff, ABSOLUTE, FIXED)

    **** No section assigned to this execution region ****


    Execution Region __qspi_flash_noinit (Exec base: 0x60000000, Load base: 0x60000000, Size: 0x00000000, Max: 0xffffffff, ABSOLUTE, UNINIT, FIXED)

    **** No section assigned to this execution region ****


    Execution Region __ddsc_QSPI_FLASH_END (Exec base: 0x60000000, Load base: 0x60000000, Size: 0x00000000, Max: 0x00000000, ABSOLUTE)

    Exec Addr    Load Addr    Size         Type   Attr      Idx    E Section Name        Object

    0x60000000        -       0x00000000   Zero   RW           11    __ddsc_QSPI_FLASH_END.bss  anon$$obj.o


    Execution Region .qspi_flash.endof (Exec base: 0x60000000, Load base: 0x60000000, Size: 0x00000000, Max: 0x00000000, ABSOLUTE)

    Exec Addr    Load Addr    Size         Type   Attr      Idx    E Section Name        Object

    0x60000000        -       0x00000000   Zero   RW           12    .qspi_flash.endof.bss  anon$$obj.o


    Execution Region __QSPI_FLASH_end (Exec base: 0x60000000, Load base: 0x60000000, Size: 0x00000000, Max: 0x00000000, ABSOLUTE)

    Exec Addr    Load Addr    Size         Type   Attr      Idx    E Section Name        Object

    0x60000000        -       0x00000000   Zero   RW           13    __QSPI_FLASH_end.bss  anon$$obj.o



  Load Region LOAD_REGION_OSPI0_CS1 (Base: 0x70000000, Size: 0x00000000, Max: 0x10000000, ABSOLUTE)

    Execution Region __ram_from_qspi_flash_jump (Exec base: 0x20000000, Load base: 0x70000000, Size: 0x00000000, Max: 0x00000000, ABSOLUTE)

    Exec Addr    Load Addr    Size         Type   Attr      Idx    E Section Name        Object

    0x20000000        -       0x00000000   Zero   RW           19    __ram_from_qspi_flash_jump.bss  anon$$obj.o


    Execution Region __ram_from_ospi0_cs1 (Exec base: 0x20000000, Load base: 0x70000000, Size: 0x00000000, Max: 0xffffffff, ABSOLUTE)

    **** No section assigned to this execution region ****


    Execution Region __ospi0_cs0_from_qspi_flash_jump (Exec base: 0x68000000, Load base: 0x70000000, Size: 0x00000000, Max: 0x00000000, ABSOLUTE)

    Exec Addr    Load Addr    Size         Type   Attr      Idx    E Section Name        Object

    0x68000000        -       0x00000000   Zero   RW           18    __ospi0_cs0_from_qspi_flash_jump.bss  anon$$obj.o


    Execution Region __ospi0_cs0_from_ospi0_cs1 (Exec base: 0x68000000, Load base: 0x70000000, Size: 0x00000000, Max: 0xffffffff, ABSOLUTE)

    **** No section assigned to this execution region ****


    Execution Region __OSPI0_CS1_start (Exec base: 0x70000000, Load base: 0x70000000, Size: 0x00000000, Max: 0x00000000, ABSOLUTE)

    Exec Addr    Load Addr    Size         Type   Attr      Idx    E Section Name        Object

    0x70000000        -       0x00000000   Zero   RW           14    __OSPI0_CS1_start.bss  anon$$obj.o


    Execution Region __OSPI0_CS1_init (Exec base: 0x70000000, Load base: 0x70000000, Size: 0x00000000, Max: 0x00000000, ABSOLUTE)

    Exec Addr    Load Addr    Size         Type   Attr      Idx    E Section Name        Object

    0x70000000        -       0x00000000   Zero   RW           15    __OSPI0_CS1_init.bss  anon$$obj.o


    Execution Region __ddsc_OSPI0_CS1_START (Exec base: 0x70000000, Load base: 0x70000000, Size: 0x00000000, Max: 0x00000000, ABSOLUTE)

    Exec Addr    Load Addr    Size         Type   Attr      Idx    E Section Name        Object

    0x70000000        -       0x00000000   Zero   RW           16    __ddsc_OSPI0_CS1_START.bss  anon$$obj.o


    Execution Region .ospi0_cs1.startof (Exec base: 0x70000000, Load base: 0x70000000, Size: 0x00000000, Max: 0x00000000, ABSOLUTE)

    Exec Addr    Load Addr    Size         Type   Attr      Idx    E Section Name        Object

    0x70000000        -       0x00000000   Zero   RW           17    .ospi0_cs1.startof.bss  anon$$obj.o



  Load Region LOAD_REGION_OSPI0_CS1_JUMP (Base: 0x70000000, Size: 0x00000000, Max: 0xffffffff, ABSOLUTE)

    Execution Region __ospi0_cs1_readonly (Exec base: 0x70000000, Load base: 0x70000000, Size: 0x00000000, Max: 0xffffffff, ABSOLUTE, FIXED)

    **** No section assigned to this execution region ****


    Execution Region __ospi0_cs1_noinit (Exec base: 0x70000000, Load base: 0x70000000, Size: 0x00000000, Max: 0xffffffff, ABSOLUTE, UNINIT, FIXED)

    **** No section assigned to this execution region ****


    Execution Region __ddsc_OSPI0_CS1_END (Exec base: 0x70000000, Load base: 0x70000000, Size: 0x00000000, Max: 0x00000000, ABSOLUTE)

    Exec Addr    Load Addr    Size         Type   Attr      Idx    E Section Name        Object

    0x70000000        -       0x00000000   Zero   RW           20    __ddsc_OSPI0_CS1_END.bss  anon$$obj.o


    Execution Region .ospi0_cs1.endof (Exec base: 0x70000000, Load base: 0x70000000, Size: 0x00000000, Max: 0x00000000, ABSOLUTE)

    Exec Addr    Load Addr    Size         Type   Attr      Idx    E Section Name        Object

    0x70000000        -       0x00000000   Zero   RW           21    .ospi0_cs1.endof.bss  anon$$obj.o


    Execution Region __OSPI0_CS1_end (Exec base: 0x70000000, Load base: 0x70000000, Size: 0x00000000, Max: 0x00000000, ABSOLUTE)

    Exec Addr    Load Addr    Size         Type   Attr      Idx    E Section Name        Object

    0x70000000        -       0x00000000   Zero   RW           22    __OSPI0_CS1_end.bss  anon$$obj.o



  Load Region LOAD_REGION_DATA_FLASH (Base: 0x08000000, Size: 0x00000000, Max: 0x00002000, ABSOLUTE)

    Execution Region __DATA_FLASH_start (Exec base: 0x08000000, Load base: 0x08000000, Size: 0x00000000, Max: 0x00000000, ABSOLUTE)

    Exec Addr    Load Addr    Size         Type   Attr      Idx    E Section Name        Object

    0x08000000        -       0x00000000   Zero   RW           23    __DATA_FLASH_start.bss  anon$$obj.o


    Execution Region __DATA_FLASH_init (Exec base: 0x08000000, Load base: 0x08000000, Size: 0x00000000, Max: 0x00000000, ABSOLUTE)

    Exec Addr    Load Addr    Size         Type   Attr      Idx    E Section Name        Object

    0x08000000        -       0x00000000   Zero   RW           24    __DATA_FLASH_init.bss  anon$$obj.o


    Execution Region __ddsc_DATA_FLASH_START (Exec base: 0x08000000, Load base: 0x08000000, Size: 0x00000000, Max: 0x00000000, ABSOLUTE)

    Exec Addr    Load Addr    Size         Type   Attr      Idx    E Section Name        Object

    0x08000000        -       0x00000000   Zero   RW           25    __ddsc_DATA_FLASH_START.bss  anon$$obj.o


    Execution Region .data_flash.startof (Exec base: 0x08000000, Load base: 0x08000000, Size: 0x00000000, Max: 0x00000000, ABSOLUTE)

    Exec Addr    Load Addr    Size         Type   Attr      Idx    E Section Name        Object

    0x08000000        -       0x00000000   Zero   RW           26    .data_flash.startof.bss  anon$$obj.o


    Execution Region __ram_from_ospi0_cs1_jump (Exec base: 0x20000000, Load base: 0x08000000, Size: 0x00000000, Max: 0x00000000, ABSOLUTE)

    Exec Addr    Load Addr    Size         Type   Attr      Idx    E Section Name        Object

    0x20000000        -       0x00000000   Zero   RW           28    __ram_from_ospi0_cs1_jump.bss  anon$$obj.o


    Execution Region __ram_from_data_flash (Exec base: 0x20000000, Load base: 0x08000000, Size: 0x00000000, Max: 0xffffffff, ABSOLUTE)

    **** No section assigned to this execution region ****


    Execution Region __ospi0_cs0_from_ospi0_cs1_jump (Exec base: 0x68000000, Load base: 0x08000000, Size: 0x00000000, Max: 0x00000000, ABSOLUTE)

    Exec Addr    Load Addr    Size         Type   Attr      Idx    E Section Name        Object

    0x68000000        -       0x00000000   Zero   RW           27    __ospi0_cs0_from_ospi0_cs1_jump.bss  anon$$obj.o


    Execution Region __ospi0_cs0_from_data_flash (Exec base: 0x68000000, Load base: 0x08000000, Size: 0x00000000, Max: 0xffffffff, ABSOLUTE)

    **** No section assigned to this execution region ****



  Load Region LOAD_REGION_DATA_FLASH_JUMP (Base: 0x08000000, Size: 0x00000000, Max: 0xffffffff, ABSOLUTE)

    Execution Region __data_flash_readonly (Exec base: 0x08000000, Load base: 0x08000000, Size: 0x00000000, Max: 0xffffffff, ABSOLUTE, FIXED)

    **** No section assigned to this execution region ****


    Execution Region __data_flash_noinit (Exec base: 0x08000000, Load base: 0x08000000, Size: 0x00000000, Max: 0xffffffff, ABSOLUTE, UNINIT, FIXED)

    **** No section assigned to this execution region ****


    Execution Region __ddsc_DATA_FLASH_END (Exec base: 0x08000000, Load base: 0x08000000, Size: 0x00000000, Max: 0x00000000, ABSOLUTE)

    Exec Addr    Load Addr    Size         Type   Attr      Idx    E Section Name        Object

    0x08000000        -       0x00000000   Zero   RW           29    __ddsc_DATA_FLASH_END.bss  anon$$obj.o


    Execution Region .data_flash.endof (Exec base: 0x08000000, Load base: 0x08000000, Size: 0x00000000, Max: 0x00000000, ABSOLUTE)

    Exec Addr    Load Addr    Size         Type   Attr      Idx    E Section Name        Object

    0x08000000        -       0x00000000   Zero   RW           30    .data_flash.endof.bss  anon$$obj.o


    Execution Region __DATA_FLASH_end (Exec base: 0x08000000, Load base: 0x08000000, Size: 0x00000000, Max: 0x00000000, ABSOLUTE)

    Exec Addr    Load Addr    Size         Type   Attr      Idx    E Section Name        Object

    0x08000000        -       0x00000000   Zero   RW           31    __DATA_FLASH_end.bss  anon$$obj.o



  Load Region LOAD_REGION_FLASH (Base: 0x00000000, Size: 0x00000064, Max: 0x00100000, ABSOLUTE)

    Execution Region __FLASH_start (Exec base: 0x00000000, Load base: 0x00000000, Size: 0x00000000, Max: 0x00000000, ABSOLUTE)

    Exec Addr    Load Addr    Size         Type   Attr      Idx    E Section Name        Object

    0x00000000        -       0x00000000   Zero   RW           32    __FLASH_start.bss   anon$$obj.o


    Execution Region __FLASH_init (Exec base: 0x00000000, Load base: 0x00000000, Size: 0x00000000, Max: 0x00000000, ABSOLUTE)

    Exec Addr    Load Addr    Size         Type   Attr      Idx    E Section Name        Object

    0x00000000        -       0x00000000   Zero   RW           33    __FLASH_init.bss    anon$$obj.o


    Execution Region __ddsc_FLASH_START (Exec base: 0x00000000, Load base: 0x00000000, Size: 0x00000000, Max: 0x00000000, ABSOLUTE)

    Exec Addr    Load Addr    Size         Type   Attr      Idx    E Section Name        Object

    0x00000000        -       0x00000000   Zero   RW           34    __ddsc_FLASH_START.bss  anon$$obj.o


    Execution Region .flash.startof (Exec base: 0x00000000, Load base: 0x00000000, Size: 0x00000000, Max: 0x00000000, ABSOLUTE)

    Exec Addr    Load Addr    Size         Type   Attr      Idx    E Section Name        Object

    0x00000000        -       0x00000000   Zero   RW           35    .flash.startof.bss  anon$$obj.o


    Execution Region _VECTORS (Exec base: 0x00000000, Load base: 0x00000000, Size: 0x00000000, Max: 0x00000000, ABSOLUTE)

    Exec Addr    Load Addr    Size         Type   Attr      Idx    E Section Name        Object

    0x00000000        -       0x00000000   Zero   RW           36    _VECTORS.bss        anon$$obj.o


    Execution Region __flash_vectors (Exec base: 0x00000000, Load base: 0x00000000, Size: 0x00000058, Max: 0xffffffff, ABSOLUTE, FIXED)

    Exec Addr    Load Addr    Size         Type   Attr      Idx    E Section Name        Object

    0x00000000   0x00000000   0x00000040   Data   RO          260    .fixed_vectors      startup.o
    0x00000040   0x00000040   0x00000018   Data   RO          606    .application_vectors  vector_data.o


    Execution Region __flash_noinit (Exec base: 0x00000058, Load base: 0x00000058, Size: 0x00000000, Max: 0xffffffff, ABSOLUTE, UNINIT, FIXED)

    **** No section assigned to this execution region ****


    Execution Region __ram_from_data_flash_jump (Exec base: 0x20000000, Load base: 0x00000058, Size: 0x00000000, Max: 0x00000000, ABSOLUTE)

    Exec Addr    Load Addr    Size         Type   Attr      Idx    E Section Name        Object

    0x20000000        -       0x00000000   Zero   RW           42    __ram_from_data_flash_jump.bss  anon$$obj.o


    Execution Region __ram_from_flash (Exec base: 0x20000000, Load base: 0x00000058, Size: 0x0000000c, Max: 0xffffffff, ABSOLUTE)

    Exec Addr    Load Addr    Size         Type   Attr      Idx    E Section Name        Object

    0x20000000   0x00000058   0x00000004   Data   RW          676    .data               mc_w.l(errno.o)
    0x20000004   0x0000005c   0x00000004   Data   RW          160    .data.debug_limit_fail_joint  hal_entry.o
    0x20000008   0x00000060   0x00000004   Data   RW          579    .data.g_serial_servo_uart_baud_setting  hal_data.o


    Execution Region __ram_noinit_nocache (Exec base: 0x20000020, Load base: 0x00000064, Size: 0x00000000, Max: 0xffffffff, ABSOLUTE, UNINIT)

    **** No section assigned to this execution region ****


    Execution Region __ram_zero_nocache (Exec base: 0x20000020, Load base: 0x00000064, Size: 0x00000000, Max: 0xffffffff, ABSOLUTE)

    **** No section assigned to this execution region ****


    Execution Region __ram_zero_nocache_pad (Exec base: 0x20000020, Load base: 0x00000064, Size: 0x00000000, Max: 0x00000000, ABSOLUTE)

    Exec Addr    Load Addr    Size         Type   Attr      Idx    E Section Name        Object

    0x20000020        -       0x00000000   Zero   RW           43    __ram_zero_nocache_pad.bss  anon$$obj.o


    Execution Region __ram_noinit (Exec base: 0x20000020, Load base: 0x00000064, Size: 0x00000000, Max: 0xffffffff, ABSOLUTE, UNINIT)

    **** No section assigned to this execution region ****


    Execution Region ARM_LIB_STACK (Exec base: 0x20000020, Load base: 0x00000064, Size: 0x00000000, Max: 0x00000000, ABSOLUTE, UNINIT)

    Exec Addr    Load Addr    Size         Type   Attr      Idx    E Section Name        Object

    0x20000020        -       0x00000000   Zero   RW           44    ARM_LIB_STACK.bss   anon$$obj.o


    Execution Region ARM_LIB_HEAP (Exec base: 0x20000020, Load base: 0x00000064, Size: 0x00000000, Max: 0xffffffff, ABSOLUTE, UNINIT)

    Exec Addr    Load Addr    Size         Type   Attr      Idx    E Section Name        Object

    0x20000020        -       0x00000000   Zero   RW          261    .bss.g_heap         startup.o


    Execution Region __post_heap (Exec base: 0x20000020, Load base: 0x00000064, Size: 0x0000041c, Max: 0xffffffff, ABSOLUTE, UNINIT)

    Exec Addr    Load Addr    Size         Type   Attr      Idx    E Section Name        Object

    0x20000020        -       0x00000400   Zero   RW          259    .bss.g_main_stack   startup.o
    0x20000420        -       0x0000001c   Zero   RW          306    .bss.ram_noinit     bsp_clocks.o


    Execution Region __ram_zero (Exec base: 0x2000043c, Load base: 0x00000064, Size: 0x0000012c, Max: 0xffffffff, ABSOLUTE)

    Exec Addr    Load Addr    Size         Type   Attr      Idx    E Section Name        Object

    0x2000043c        -       0x00000004   Zero   RW          275    .bss.SystemCoreClock  system.o
    0x20000440        -       0x00000004   Zero   RW          155    .bss.debug_cos_beta  hal_entry.o
    0x20000444        -       0x00000004   Zero   RW          154    .bss.debug_cos_theta2  hal_entry.o
    0x20000448        -       0x00000004   Zero   RW          151    .bss.debug_d        hal_entry.o
    0x2000044c        -       0x00000004   Zero   RW          156    .bss.debug_joint0_theta  hal_entry.o
    0x20000450        -       0x00000004   Zero   RW          157    .bss.debug_joint1_theta  hal_entry.o
    0x20000454        -       0x00000004   Zero   RW          158    .bss.debug_joint2_theta  hal_entry.o
    0x20000458        -       0x00000004   Zero   RW          159    .bss.debug_joint3_theta  hal_entry.o
    0x2000045c        -       0x00000004   Zero   RW          153    .bss.debug_max_reach  hal_entry.o
    0x20000460        -       0x00000004   Zero   RW          152    .bss.debug_min_reach  hal_entry.o
    0x20000464        -       0x00000050   Zero   RW          161    .bss.g_arm_ctrl     hal_entry.o
    0x200004b4        -       0x00000040   Zero   RW          348    .bss.g_bsp_group_irq_sources  bsp_group_irq.o
    0x200004f4        -       0x00000008   Zero   RW          565    .bss.g_ioport_ctrl  common_data.o
    0x200004fc        -       0x00000004   Zero   RW          162    .bss.g_kin_status   hal_entry.o
    0x20000500        -       0x0000000a   Zero   RW          381    .bss.g_protect_counters  bsp_register_protection.o
    0x2000050a   0x00000064   0x00000002   PAD
    0x2000050c        -       0x00000004   Zero   RW          358    .bss.g_protect_pfswe_counter  bsp_io.o
    0x20000510        -       0x00000030   Zero   RW          582    .bss.g_serial_servo_uart_ctrl  hal_data.o
    0x20000540        -       0x00000018   Zero   RW          368    .bss.gp_renesas_isr_context  bsp_irq.o
    0x20000558        -       0x00000010   Zero   RW          188    .bss.servo_frame_buf  serial_servo.o


    Execution Region __ram_thread_stack (Exec base: 0x20000568, Load base: 0x00000064, Size: 0x00000000, Max: 0xffffffff, ABSOLUTE, UNINIT)

    **** No section assigned to this execution region ****


    Execution Region __ddsc_RAM_END (Exec base: 0x20002000, Load base: 0x00000064, Size: 0x00000000, Max: 0x00000000, ABSOLUTE)

    Exec Addr    Load Addr    Size         Type   Attr      Idx    E Section Name        Object

    0x20002000        -       0x00000000   Zero   RW           45    __ddsc_RAM_END.bss  anon$$obj.o


    Execution Region .ram.endof (Exec base: 0x20002000, Load base: 0x00000064, Size: 0x00000000, Max: 0x00000000, ABSOLUTE)

    Exec Addr    Load Addr    Size         Type   Attr      Idx    E Section Name        Object

    0x20002000        -       0x00000000   Zero   RW           46    .ram.endof.bss      anon$$obj.o


    Execution Region __ddsc_RAM_NSC (Exec base: 0x20002000, Load base: 0x00000064, Size: 0x00000000, Max: 0x00000000, ABSOLUTE)

    Exec Addr    Load Addr    Size         Type   Attr      Idx    E Section Name        Object

    0x20002000        -       0x00000000   Zero   RW           47    __ddsc_RAM_NSC.bss  anon$$obj.o


    Execution Region .ram.flat_nsc (Exec base: 0x20002000, Load base: 0x00000064, Size: 0x00000000, Max: 0x00000000, ABSOLUTE)

    Exec Addr    Load Addr    Size         Type   Attr      Idx    E Section Name        Object

    0x20002000        -       0x00000000   Zero   RW           48    .ram.flat_nsc.bss   anon$$obj.o


    Execution Region __RAM_end (Exec base: 0x20002000, Load base: 0x00000064, Size: 0x00000000, Max: 0x00000000, ABSOLUTE)

    Exec Addr    Load Addr    Size         Type   Attr      Idx    E Section Name        Object

    0x20002000        -       0x00000000   Zero   RW           49    __RAM_end.bss       anon$$obj.o


    Execution Region __ospi0_cs0_from_data_flash_jump (Exec base: 0x68000000, Load base: 0x00000058, Size: 0x00000000, Max: 0x00000000, ABSOLUTE)

    Exec Addr    Load Addr    Size         Type   Attr      Idx    E Section Name        Object

    0x68000000        -       0x00000000   Zero   RW           37    __ospi0_cs0_from_data_flash_jump.bss  anon$$obj.o


    Execution Region __ospi0_cs0_from_flash (Exec base: 0x68000000, Load base: 0x00000058, Size: 0x00000000, Max: 0xffffffff, ABSOLUTE)

    **** No section assigned to this execution region ****


    Execution Region __ospi0_cs0_noinit_nocache (Exec base: 0x68000000, Load base: 0x00000058, Size: 0x00000000, Max: 0xffffffff, ABSOLUTE, UNINIT)

    **** No section assigned to this execution region ****


    Execution Region __ospi0_cs0_zero_nocache (Exec base: 0x68000000, Load base: 0x00000058, Size: 0x00000000, Max: 0xffffffff, ABSOLUTE)

    **** No section assigned to this execution region ****


    Execution Region __ospi0_cs0_zero_nocache_pad (Exec base: 0x68000000, Load base: 0x00000058, Size: 0x00000000, Max: 0x00000000, ABSOLUTE)

    Exec Addr    Load Addr    Size         Type   Attr      Idx    E Section Name        Object

    0x68000000        -       0x00000000   Zero   RW           38    __ospi0_cs0_zero_nocache_pad.bss  anon$$obj.o


    Execution Region __ospi0_cs0_noinit (Exec base: 0x68000000, Load base: 0x00000058, Size: 0x00000000, Max: 0xffffffff, ABSOLUTE, UNINIT)

    **** No section assigned to this execution region ****


    Execution Region __ospi0_cs0_zero (Exec base: 0x68000000, Load base: 0x00000058, Size: 0x00000000, Max: 0xffffffff, ABSOLUTE)

    **** No section assigned to this execution region ****


    Execution Region __ddsc_OSPI0_CS0_END (Exec base: 0x68000000, Load base: 0x00000058, Size: 0x00000000, Max: 0x00000000, ABSOLUTE)

    Exec Addr    Load Addr    Size         Type   Attr      Idx    E Section Name        Object

    0x68000000        -       0x00000000   Zero   RW           39    __ddsc_OSPI0_CS0_END.bss  anon$$obj.o


    Execution Region .ospi0_cs0.endof (Exec base: 0x68000000, Load base: 0x00000058, Size: 0x00000000, Max: 0x00000000, ABSOLUTE)

    Exec Addr    Load Addr    Size         Type   Attr      Idx    E Section Name        Object

    0x68000000        -       0x00000000   Zero   RW           40    .ospi0_cs0.endof.bss  anon$$obj.o


    Execution Region __OSPI0_CS0_end (Exec base: 0x68000000, Load base: 0x00000058, Size: 0x00000000, Max: 0x00000000, ABSOLUTE)

    Exec Addr    Load Addr    Size         Type   Attr      Idx    E Section Name        Object

    0x68000000        -       0x00000000   Zero   RW           41    __OSPI0_CS0_end.bss  anon$$obj.o



  Load Region LOAD_REGION_FLASH_JUMP (Base: 0x00000064, Size: 0x00001c24, Max: 0xffffffff, ABSOLUTE)

    Execution Region __flash_readonly (Exec base: 0x00000064, Load base: 0x00000064, Size: 0x00001c24, Max: 0xffffffff, ABSOLUTE, FIXED)

    Exec Addr    Load Addr    Size         Type   Attr      Idx    E Section Name        Object

    0x00000064   0x00000064   0x00000024   Code   RO          640    .text               mc_w.l(memcpya.o)
    0x00000088   0x00000088   0x00000024   Code   RO          642    .text               mc_w.l(memseta.o)
    0x000000ac   0x000000ac   0x00000000   Code   RO          680    .text               mc_w.l(iusefp.o)
    0x000000ac   0x000000ac   0x00000140   Code   RO          237    .text.ArmControl_EndPositionSet  arm_control.o
    0x000001ec   0x000001ec   0x0000001e   Code   RO          231    .text.ArmControl_Init  arm_control.o
    0x0000020a   0x0000020a   0x00000002   PAD
    0x0000020c   0x0000020c   0x00000060   Code   RO          243    .text.ArmControl_Reset  arm_control.o
    0x0000026c   0x0000026c   0x00000074   Code   RO          233    .text.ArmControl_ServoPositionFromAngle  arm_control.o
    0x000002e0   0x000002e0   0x00000004   Code   RO          257    .text.Default_Handler  startup.o
    0x000002e4   0x000002e4   0x00000028   Code   RO          215    .text.Kinematics_Init  kinematics.o
    0x0000030c   0x0000030c   0x00000288   Code   RO          219    .text.Kinematics_InverseKinematicsCalc  kinematics.o
    0x00000594   0x00000594   0x00000044   Code   RO          346    .text.NMI_Handler   bsp_group_irq.o
    0x000005d8   0x000005d8   0x0000007a   Code   RO          304    .text.R_BSP_Init_RTC  bsp_clocks.o
    0x00000652   0x00000652   0x0000004e   Code   RO          379    .text.R_BSP_RegisterProtectDisable  bsp_register_protection.o
    0x000006a0   0x000006a0   0x00000052   Code   RO          377    .text.R_BSP_RegisterProtectEnable  bsp_register_protection.o
    0x000006f2   0x000006f2   0x00000084   Code   RO          332    .text.R_BSP_SoftwareDelay  bsp_delay.o
    0x00000776   0x00000776   0x00000002   Code   RO          298    .text.R_BSP_SubClockStabilizeWaitAfterReset  bsp_clocks.o
    0x00000778   0x00000778   0x0000001a   Code   RO          169    .text.R_BSP_WarmStart  hal_warmstart.o
    0x00000792   0x00000792   0x00000016   Code   RO          446    .text.R_IOPORT_Open  r_ioport.o
    0x000007a8   0x000007a8   0x0000033c   Code   RO          518    .text.R_SCI_UART_Open  r_sci_uart.o
    0x00000ae4   0x00000ae4   0x0000004c   Code   RO          522    .text.R_SCI_UART_Write  r_sci_uart.o
    0x00000b30   0x00000b30   0x0000000a   Code   RO          255  * .text.Reset_Handler  startup.o
    0x00000b3a   0x00000b3a   0x00000002   PAD
    0x00000b3c   0x00000b3c   0x00000056   Code   RO          184    .text.Servo_CmdFrameSend  serial_servo.o
    0x00000b92   0x00000b92   0x0000000a   Code   RO          178    .text.Servo_Init    serial_servo.o
    0x00000b9c   0x00000b9c   0x0000003e   Code   RO          186    .text.Servo_PositionSet  serial_servo.o
    0x00000bda   0x00000bda   0x0000002c   Code   RO          288    .text.SystemCoreClockUpdate  bsp_clocks.o
    0x00000c06   0x00000c06   0x00000002   PAD
    0x00000c08   0x00000c08   0x000000a2   Code   RO          269    .text.SystemInit    system.o
    0x00000caa   0x00000caa   0x00000002   PAD
    0x00000cac   0x00000cac   0x0000005a   Code   RO          273    .text.SystemRuntimeInit  system.o
    0x00000d06   0x00000d06   0x00000002   PAD
    0x00000d08   0x00000d08   0x0000013c   Code   RO          294    .text.bsp_clock_init  bsp_clocks.o
    0x00000e44   0x00000e44   0x00000002   Code   RO          315    .text.bsp_init_internal  bsp_common.o
    0x00000e46   0x00000e46   0x00000002   PAD
    0x00000e48   0x00000e48   0x0000008a   Code   RO          365    .text.bsp_irq_cfg   bsp_irq.o
    0x00000ed2   0x00000ed2   0x00000008   Code   RO          334    .text.bsp_prv_software_delay_loop  bsp_delay.o
    0x00000eda   0x00000eda   0x00000002   PAD
    0x00000edc   0x00000edc   0x000000d8   Code   RO          474    .text.bsp_vbatt_init  r_ioport.o
    0x00000fb4   0x00000fb4   0x000000d0   Code   RO          149    .text.hal_entry     hal_entry.o
    0x00001084   0x00001084   0x0000000a   Code   RO          590    .text.main          main.o
    0x0000108e   0x0000108e   0x00000002   PAD
    0x00001090   0x00001090   0x000000c0   Code   RO          472    .text.r_ioport_pins_config  r_ioport.o
    0x00001150   0x00001150   0x00000040   Code   RO          544    .text.r_sci_uart_call_callback  r_sci_uart.o
    0x00001190   0x00001190   0x00000116   Code   RO          507    .text.sci_i2c_tei_isr  r_sci_i2c.o
    0x000012a6   0x000012a6   0x00000122   Code   RO          505    .text.sci_i2c_txi_isr  r_sci_i2c.o
    0x000013c8   0x000013c8   0x0000006a   Code   RO          550    .text.sci_uart_eri_isr  r_sci_uart.o
    0x00001432   0x00001432   0x00000088   Code   RO          546    .text.sci_uart_rxi_isr  r_sci_uart.o
    0x000014ba   0x000014ba   0x0000004a   Code   RO          548    .text.sci_uart_tei_isr  r_sci_uart.o
    0x00001504   0x00001504   0x00000088   Code   RO          542    .text.sci_uart_txi_isr  r_sci_uart.o
    0x0000158c   0x0000158c   0x00000026   Code   RO          646    i.__ARM_fpclassifyf  m_wm.l(fpclassifyf.o)
    0x000015b2   0x000015b2   0x00000002   PAD
    0x000015b4   0x000015b4   0x00000118   Code   RO          612    i.__hardfp_acosf    m_wm.l(acosf.o)
    0x000016cc   0x000016cc   0x000002ac   Code   RO          618    i.__hardfp_atan2f   m_wm.l(atan2f.o)
    0x00001978   0x00001978   0x00000006   Code   RO          649    i.__mathlib_flt_infnan  m_wm.l(funder.o)
    0x0000197e   0x0000197e   0x00000006   Code   RO          650    i.__mathlib_flt_infnan2  m_wm.l(funder.o)
    0x00001984   0x00001984   0x00000010   Code   RO          651    i.__mathlib_flt_invalid  m_wm.l(funder.o)
    0x00001994   0x00001994   0x00000010   Code   RO          654    i.__mathlib_flt_underflow  m_wm.l(funder.o)
    0x000019a4   0x000019a4   0x0000000c   Code   RO          675    i.__set_errno       mc_w.l(errno.o)
    0x000019b0   0x000019b0   0x0000003e   Code   RO          667    i.sqrtf             m_wm.l(sqrtf.o)
    0x000019ee   0x000019ee   0x00000002   PAD
    0x000019f0   0x000019f0   0x00000080   Data   RO          438    .rodata.copy_list   bsp_linker.o
    0x00001a70   0x00001a70   0x0000000c   Data   RO          600    .rodata.g_bsp_pin_cfg  pin_data.o
    0x00001a7c   0x00001a7c   0x00000030   Data   RO          599    .rodata.g_bsp_pin_cfg_data  pin_data.o
    0x00001aac   0x00001aac   0x00000018   Data   RO          440    .rodata.g_init_info  bsp_linker.o
    0x00001ac4   0x00001ac4   0x00000018   Data   RO          607    .rodata.g_interrupt_event_link_select  vector_data.o
    0x00001adc   0x00001adc   0x0000000a   Data   RO          382    .rodata.g_prcr_masks  bsp_register_protection.o
    0x00001ae6   0x00001ae6   0x00000002   PAD
    0x00001ae8   0x00001ae8   0x00000044   Data   RO          581    .rodata.g_serial_servo_uart_cfg  hal_data.o
    0x00001b2c   0x00001b2c   0x0000002c   Data   RO          580    .rodata.g_serial_servo_uart_cfg_extend  hal_data.o
    0x00001b58   0x00001b58   0x00000004   Data   RO          404    .rodata.gp_ddsc_DATA_FLASH_END  bsp_linker.o
    0x00001b5c   0x00001b5c   0x00000004   Data   RO          403    .rodata.gp_ddsc_DATA_FLASH_START  bsp_linker.o
    0x00001b60   0x00001b60   0x00000004   Data   RO          406    .rodata.gp_ddsc_FLASH_END  bsp_linker.o
    0x00001b64   0x00001b64   0x00000004   Data   RO          407    .rodata.gp_ddsc_FLASH_NSC  bsp_linker.o
    0x00001b68   0x00001b68   0x00000004   Data   RO          405    .rodata.gp_ddsc_FLASH_START  bsp_linker.o
    0x00001b6c   0x00001b6c   0x00000004   Data   RO          418    .rodata.gp_ddsc_OPTION_SETTING_BANKSEL_END  bsp_linker.o
    0x00001b70   0x00001b70   0x00000004   Data   RO          426    .rodata.gp_ddsc_OPTION_SETTING_BANKSEL_SEC_END  bsp_linker.o
    0x00001b74   0x00001b74   0x00000004   Data   RO          425    .rodata.gp_ddsc_OPTION_SETTING_BANKSEL_SEC_START  bsp_linker.o
    0x00001b78   0x00001b78   0x00000004   Data   RO          434    .rodata.gp_ddsc_OPTION_SETTING_BANKSEL_SEL_END  bsp_linker.o
    0x00001b7c   0x00001b7c   0x00000004   Data   RO          433    .rodata.gp_ddsc_OPTION_SETTING_BANKSEL_SEL_START  bsp_linker.o
    0x00001b80   0x00001b80   0x00000004   Data   RO          417    .rodata.gp_ddsc_OPTION_SETTING_BANKSEL_START  bsp_linker.o
    0x00001b84   0x00001b84   0x00000004   Data   RO          420    .rodata.gp_ddsc_OPTION_SETTING_BPS_END  bsp_linker.o
    0x00001b88   0x00001b88   0x00000004   Data   RO          428    .rodata.gp_ddsc_OPTION_SETTING_BPS_SEC_END  bsp_linker.o
    0x00001b8c   0x00001b8c   0x00000004   Data   RO          427    .rodata.gp_ddsc_OPTION_SETTING_BPS_SEC_START  bsp_linker.o
    0x00001b90   0x00001b90   0x00000004   Data   RO          436    .rodata.gp_ddsc_OPTION_SETTING_BPS_SEL_END  bsp_linker.o
    0x00001b94   0x00001b94   0x00000004   Data   RO          435    .rodata.gp_ddsc_OPTION_SETTING_BPS_SEL_START  bsp_linker.o
    0x00001b98   0x00001b98   0x00000004   Data   RO          419    .rodata.gp_ddsc_OPTION_SETTING_BPS_START  bsp_linker.o
    0x00001b9c   0x00001b9c   0x00000004   Data   RO          414    .rodata.gp_ddsc_OPTION_SETTING_DUALSEL_END  bsp_linker.o
    0x00001ba0   0x00001ba0   0x00000004   Data   RO          413    .rodata.gp_ddsc_OPTION_SETTING_DUALSEL_START  bsp_linker.o
    0x00001ba4   0x00001ba4   0x00000004   Data   RO          412    .rodata.gp_ddsc_OPTION_SETTING_OFS0_END  bsp_linker.o
    0x00001ba8   0x00001ba8   0x00000004   Data   RO          411    .rodata.gp_ddsc_OPTION_SETTING_OFS0_START  bsp_linker.o
    0x00001bac   0x00001bac   0x00000004   Data   RO          416    .rodata.gp_ddsc_OPTION_SETTING_OFS1_END  bsp_linker.o
    0x00001bb0   0x00001bb0   0x00000004   Data   RO          424    .rodata.gp_ddsc_OPTION_SETTING_OFS1_SEC_END  bsp_linker.o
    0x00001bb4   0x00001bb4   0x00000004   Data   RO          423    .rodata.gp_ddsc_OPTION_SETTING_OFS1_SEC_START  bsp_linker.o
    0x00001bb8   0x00001bb8   0x00000004   Data   RO          432    .rodata.gp_ddsc_OPTION_SETTING_OFS1_SEL_END  bsp_linker.o
    0x00001bbc   0x00001bbc   0x00000004   Data   RO          431    .rodata.gp_ddsc_OPTION_SETTING_OFS1_SEL_START  bsp_linker.o
    0x00001bc0   0x00001bc0   0x00000004   Data   RO          415    .rodata.gp_ddsc_OPTION_SETTING_OFS1_START  bsp_linker.o
    0x00001bc4   0x00001bc4   0x00000004   Data   RO          422    .rodata.gp_ddsc_OPTION_SETTING_PBPS_END  bsp_linker.o
    0x00001bc8   0x00001bc8   0x00000004   Data   RO          430    .rodata.gp_ddsc_OPTION_SETTING_PBPS_SEC_END  bsp_linker.o
    0x00001bcc   0x00001bcc   0x00000004   Data   RO          429    .rodata.gp_ddsc_OPTION_SETTING_PBPS_SEC_START  bsp_linker.o
    0x00001bd0   0x00001bd0   0x00000004   Data   RO          421    .rodata.gp_ddsc_OPTION_SETTING_PBPS_START  bsp_linker.o
    0x00001bd4   0x00001bd4   0x00000004   Data   RO          402    .rodata.gp_ddsc_OSPI0_CS0_END  bsp_linker.o
    0x00001bd8   0x00001bd8   0x00000004   Data   RO          401    .rodata.gp_ddsc_OSPI0_CS0_START  bsp_linker.o
    0x00001bdc   0x00001bdc   0x00000004   Data   RO          400    .rodata.gp_ddsc_OSPI0_CS1_END  bsp_linker.o
    0x00001be0   0x00001be0   0x00000004   Data   RO          399    .rodata.gp_ddsc_OSPI0_CS1_START  bsp_linker.o
    0x00001be4   0x00001be4   0x00000004   Data   RO          398    .rodata.gp_ddsc_QSPI_FLASH_END  bsp_linker.o
    0x00001be8   0x00001be8   0x00000004   Data   RO          397    .rodata.gp_ddsc_QSPI_FLASH_START  bsp_linker.o
    0x00001bec   0x00001bec   0x00000004   Data   RO          409    .rodata.gp_ddsc_RAM_END  bsp_linker.o
    0x00001bf0   0x00001bf0   0x00000004   Data   RO          410    .rodata.gp_ddsc_RAM_NSC  bsp_linker.o
    0x00001bf4   0x00001bf4   0x00000004   Data   RO          408    .rodata.gp_ddsc_RAM_START  bsp_linker.o
    0x00001bf8   0x00001bf8   0x00000010   Data   RO          439    .rodata.nocache_list  bsp_linker.o
    0x00001c08   0x00001c08   0x00000030   Data   RO          437    .rodata.zero_list   bsp_linker.o
    0x00001c38   0x00001c38   0x00000004   Data   RO          321    .version            bsp_common.o
    0x00001c3c   0x00001c3c   0x00000006   Data   RO          322    .version            bsp_common.o
    0x00001c42   0x00001c42   0x00000044   Data   RO          323    .version            bsp_common.o


    Execution Region __init_array_start (Exec base: 0x00001c88, Load base: 0x00001c88, Size: 0x00000000, Max: 0x00000000, ABSOLUTE)

    Exec Addr    Load Addr    Size         Type   Attr      Idx    E Section Name        Object

    0x00001c88        -       0x00000000   Zero   RW           50    __init_array_start.bss  anon$$obj.o


    Execution Region __flash_init_array (Exec base: 0x00001c88, Load base: 0x00001c88, Size: 0x00000000, Max: 0xffffffff, ABSOLUTE, FIXED)

    **** No section assigned to this execution region ****


    Execution Region __init_array_end (Exec base: 0x00001c88, Load base: 0x00001c88, Size: 0x00000000, Max: 0x00000000, ABSOLUTE)

    Exec Addr    Load Addr    Size         Type   Attr      Idx    E Section Name        Object

    0x00001c88        -       0x00000000   Zero   RW           51    __init_array_end.bss  anon$$obj.o


    Execution Region __ddsc_FLASH_END (Exec base: 0x00008000, Load base: 0x00001c88, Size: 0x00000000, Max: 0x00000000, ABSOLUTE)

    Exec Addr    Load Addr    Size         Type   Attr      Idx    E Section Name        Object

    0x00008000        -       0x00000000   Zero   RW           52    __ddsc_FLASH_END.bss  anon$$obj.o


    Execution Region .flash.endof (Exec base: 0x00008000, Load base: 0x00001c88, Size: 0x00000000, Max: 0x00000000, ABSOLUTE)

    Exec Addr    Load Addr    Size         Type   Attr      Idx    E Section Name        Object

    0x00008000        -       0x00000000   Zero   RW           53    .flash.endof.bss    anon$$obj.o


    Execution Region __ddsc_FLASH_NSC (Exec base: 0x00008000, Load base: 0x00001c88, Size: 0x00000000, Max: 0x00000000, ABSOLUTE)

    Exec Addr    Load Addr    Size         Type   Attr      Idx    E Section Name        Object

    0x00008000        -       0x00000000   Zero   RW           54    __ddsc_FLASH_NSC.bss  anon$$obj.o


    Execution Region .flash.flat_nsc (Exec base: 0x00008000, Load base: 0x00001c88, Size: 0x00000000, Max: 0x00000000, ABSOLUTE)

    Exec Addr    Load Addr    Size         Type   Attr      Idx    E Section Name        Object

    0x00008000        -       0x00000000   Zero   RW           55    .flash.flat_nsc.bss  anon$$obj.o


    Execution Region __FLASH_end (Exec base: 0x00008000, Load base: 0x00001c88, Size: 0x00000000, Max: 0x00000000, ABSOLUTE)

    Exec Addr    Load Addr    Size         Type   Attr      Idx    E Section Name        Object

    0x00008000        -       0x00000000   Zero   RW           56    __FLASH_end.bss     anon$$obj.o



  Load Region LOAD_REGION_OPTION_SETTING_OFS0 (Base: 0x0100a100, Size: 0x00000004, Max: 0x00000004, ABSOLUTE)

    Execution Region __OPTION_SETTING_OFS0_start (Exec base: 0x0100a100, Load base: 0x0100a100, Size: 0x00000000, Max: 0x00000000, ABSOLUTE)

    Exec Addr    Load Addr    Size         Type   Attr      Idx    E Section Name        Object

    0x0100a100        -       0x00000000   Zero   RW           57    __OPTION_SETTING_OFS0_start.bss  anon$$obj.o


    Execution Region __OPTION_SETTING_OFS0_init (Exec base: 0x0100a100, Load base: 0x0100a100, Size: 0x00000000, Max: 0x00000000, ABSOLUTE)

    Exec Addr    Load Addr    Size         Type   Attr      Idx    E Section Name        Object

    0x0100a100        -       0x00000000   Zero   RW           58    __OPTION_SETTING_OFS0_init.bss  anon$$obj.o


    Execution Region __ddsc_OPTION_SETTING_OFS0_START (Exec base: 0x0100a100, Load base: 0x0100a100, Size: 0x00000000, Max: 0x00000000, ABSOLUTE)

    Exec Addr    Load Addr    Size         Type   Attr      Idx    E Section Name        Object

    0x0100a100        -       0x00000000   Zero   RW           59    __ddsc_OPTION_SETTING_OFS0_START.bss  anon$$obj.o


    Execution Region .option_setting_ofs0.startof (Exec base: 0x0100a100, Load base: 0x0100a100, Size: 0x00000000, Max: 0x00000000, ABSOLUTE)

    Exec Addr    Load Addr    Size         Type   Attr      Idx    E Section Name        Object

    0x0100a100        -       0x00000000   Zero   RW           60    .option_setting_ofs0.startof.bss  anon$$obj.o


    Execution Region __option_setting_ofs0_reg (Exec base: 0x0100a100, Load base: 0x0100a100, Size: 0x00000004, Max: 0xffffffff, ABSOLUTE, FIXED)

    Exec Addr    Load Addr    Size         Type   Attr      Idx    E Section Name        Object

    0x0100a100   0x0100a100   0x00000004   Data   RO          394    .option_setting_ofs0  bsp_linker.o


    Execution Region __ddsc_OPTION_SETTING_OFS0_END (Exec base: 0x0100a104, Load base: 0x0100a104, Size: 0x00000000, Max: 0x00000000, ABSOLUTE)

    Exec Addr    Load Addr    Size         Type   Attr      Idx    E Section Name        Object

    0x0100a104        -       0x00000000   Zero   RW           61    __ddsc_OPTION_SETTING_OFS0_END.bss  anon$$obj.o


    Execution Region .option_setting_ofs0.endof (Exec base: 0x0100a104, Load base: 0x0100a104, Size: 0x00000000, Max: 0x00000000, ABSOLUTE)

    Exec Addr    Load Addr    Size         Type   Attr      Idx    E Section Name        Object

    0x0100a104        -       0x00000000   Zero   RW           62    .option_setting_ofs0.endof.bss  anon$$obj.o


    Execution Region __OPTION_SETTING_OFS0_end (Exec base: 0x0100a104, Load base: 0x0100a104, Size: 0x00000000, Max: 0x00000000, ABSOLUTE)

    Exec Addr    Load Addr    Size         Type   Attr      Idx    E Section Name        Object

    0x0100a104        -       0x00000000   Zero   RW           63    __OPTION_SETTING_OFS0_end.bss  anon$$obj.o



  Load Region LOAD_REGION_OPTION_SETTING_DUALSEL (Base: 0x0100a110, Size: 0x00000000, Max: 0x00000004, ABSOLUTE)

    Execution Region __OPTION_SETTING_DUALSEL_start (Exec base: 0x0100a110, Load base: 0x0100a110, Size: 0x00000000, Max: 0x00000000, ABSOLUTE)

    Exec Addr    Load Addr    Size         Type   Attr      Idx    E Section Name        Object

    0x0100a110        -       0x00000000   Zero   RW           64    __OPTION_SETTING_DUALSEL_start.bss  anon$$obj.o


    Execution Region __OPTION_SETTING_DUALSEL_init (Exec base: 0x0100a110, Load base: 0x0100a110, Size: 0x00000000, Max: 0x00000000, ABSOLUTE)

    Exec Addr    Load Addr    Size         Type   Attr      Idx    E Section Name        Object

    0x0100a110        -       0x00000000   Zero   RW           65    __OPTION_SETTING_DUALSEL_init.bss  anon$$obj.o


    Execution Region __ddsc_OPTION_SETTING_DUALSEL_START (Exec base: 0x0100a110, Load base: 0x0100a110, Size: 0x00000000, Max: 0x00000000, ABSOLUTE)

    Exec Addr    Load Addr    Size         Type   Attr      Idx    E Section Name        Object

    0x0100a110        -       0x00000000   Zero   RW           66    __ddsc_OPTION_SETTING_DUALSEL_START.bss  anon$$obj.o


    Execution Region .option_setting_dualsel.startof (Exec base: 0x0100a110, Load base: 0x0100a110, Size: 0x00000000, Max: 0x00000000, ABSOLUTE)

    Exec Addr    Load Addr    Size         Type   Attr      Idx    E Section Name        Object

    0x0100a110        -       0x00000000   Zero   RW           67    .option_setting_dualsel.startof.bss  anon$$obj.o


    Execution Region __option_setting_dualsel_reg (Exec base: 0x0100a110, Load base: 0x0100a110, Size: 0x00000000, Max: 0xffffffff, ABSOLUTE, FIXED)

    **** No section assigned to this execution region ****


    Execution Region __ddsc_OPTION_SETTING_DUALSEL_END (Exec base: 0x0100a110, Load base: 0x0100a110, Size: 0x00000000, Max: 0x00000000, ABSOLUTE)

    Exec Addr    Load Addr    Size         Type   Attr      Idx    E Section Name        Object

    0x0100a110        -       0x00000000   Zero   RW           68    __ddsc_OPTION_SETTING_DUALSEL_END.bss  anon$$obj.o


    Execution Region .option_setting_dualsel.endof (Exec base: 0x0100a110, Load base: 0x0100a110, Size: 0x00000000, Max: 0x00000000, ABSOLUTE)

    Exec Addr    Load Addr    Size         Type   Attr      Idx    E Section Name        Object

    0x0100a110        -       0x00000000   Zero   RW           69    .option_setting_dualsel.endof.bss  anon$$obj.o


    Execution Region __OPTION_SETTING_DUALSEL_end (Exec base: 0x0100a110, Load base: 0x0100a110, Size: 0x00000000, Max: 0x00000000, ABSOLUTE)

    Exec Addr    Load Addr    Size         Type   Attr      Idx    E Section Name        Object

    0x0100a110        -       0x00000000   Zero   RW           70    __OPTION_SETTING_DUALSEL_end.bss  anon$$obj.o



  Load Region LOAD_REGION_OPTION_SETTING_OFS1 (Base: 0x0100a180, Size: 0x00000000, Max: 0x00000004, ABSOLUTE)

    Execution Region __OPTION_SETTING_OFS1_start (Exec base: 0x0100a180, Load base: 0x0100a180, Size: 0x00000000, Max: 0x00000000, ABSOLUTE)

    Exec Addr    Load Addr    Size         Type   Attr      Idx    E Section Name        Object

    0x0100a180        -       0x00000000   Zero   RW           71    __OPTION_SETTING_OFS1_start.bss  anon$$obj.o


    Execution Region __OPTION_SETTING_OFS1_init (Exec base: 0x0100a180, Load base: 0x0100a180, Size: 0x00000000, Max: 0x00000000, ABSOLUTE)

    Exec Addr    Load Addr    Size         Type   Attr      Idx    E Section Name        Object

    0x0100a180        -       0x00000000   Zero   RW           72    __OPTION_SETTING_OFS1_init.bss  anon$$obj.o


    Execution Region __ddsc_OPTION_SETTING_OFS1_START (Exec base: 0x0100a180, Load base: 0x0100a180, Size: 0x00000000, Max: 0x00000000, ABSOLUTE)

    Exec Addr    Load Addr    Size         Type   Attr      Idx    E Section Name        Object

    0x0100a180        -       0x00000000   Zero   RW           73    __ddsc_OPTION_SETTING_OFS1_START.bss  anon$$obj.o


    Execution Region .option_setting_ofs1.startof (Exec base: 0x0100a180, Load base: 0x0100a180, Size: 0x00000000, Max: 0x00000000, ABSOLUTE)

    Exec Addr    Load Addr    Size         Type   Attr      Idx    E Section Name        Object

    0x0100a180        -       0x00000000   Zero   RW           74    .option_setting_ofs1.startof.bss  anon$$obj.o


    Execution Region __option_setting_ofs1_reg (Exec base: 0x0100a180, Load base: 0x0100a180, Size: 0x00000000, Max: 0xffffffff, ABSOLUTE, FIXED)

    **** No section assigned to this execution region ****


    Execution Region __ddsc_OPTION_SETTING_OFS1_END (Exec base: 0x0100a180, Load base: 0x0100a180, Size: 0x00000000, Max: 0x00000000, ABSOLUTE)

    Exec Addr    Load Addr    Size         Type   Attr      Idx    E Section Name        Object

    0x0100a180        -       0x00000000   Zero   RW           75    __ddsc_OPTION_SETTING_OFS1_END.bss  anon$$obj.o


    Execution Region .option_setting_ofs1.endof (Exec base: 0x0100a180, Load base: 0x0100a180, Size: 0x00000000, Max: 0x00000000, ABSOLUTE)

    Exec Addr    Load Addr    Size         Type   Attr      Idx    E Section Name        Object

    0x0100a180        -       0x00000000   Zero   RW           76    .option_setting_ofs1.endof.bss  anon$$obj.o


    Execution Region __OPTION_SETTING_OFS1_end (Exec base: 0x0100a180, Load base: 0x0100a180, Size: 0x00000000, Max: 0x00000000, ABSOLUTE)

    Exec Addr    Load Addr    Size         Type   Attr      Idx    E Section Name        Object

    0x0100a180        -       0x00000000   Zero   RW           77    __OPTION_SETTING_OFS1_end.bss  anon$$obj.o



  Load Region LOAD_REGION_OPTION_SETTING_BANKSEL (Base: 0x0100a190, Size: 0x00000000, Max: 0x00000004, ABSOLUTE)

    Execution Region __OPTION_SETTING_BANKSEL_start (Exec base: 0x0100a190, Load base: 0x0100a190, Size: 0x00000000, Max: 0x00000000, ABSOLUTE)

    Exec Addr    Load Addr    Size         Type   Attr      Idx    E Section Name        Object

    0x0100a190        -       0x00000000   Zero   RW           78    __OPTION_SETTING_BANKSEL_start.bss  anon$$obj.o


    Execution Region __OPTION_SETTING_BANKSEL_init (Exec base: 0x0100a190, Load base: 0x0100a190, Size: 0x00000000, Max: 0x00000000, ABSOLUTE)

    Exec Addr    Load Addr    Size         Type   Attr      Idx    E Section Name        Object

    0x0100a190        -       0x00000000   Zero   RW           79    __OPTION_SETTING_BANKSEL_init.bss  anon$$obj.o


    Execution Region __ddsc_OPTION_SETTING_BANKSEL_START (Exec base: 0x0100a190, Load base: 0x0100a190, Size: 0x00000000, Max: 0x00000000, ABSOLUTE)

    Exec Addr    Load Addr    Size         Type   Attr      Idx    E Section Name        Object

    0x0100a190        -       0x00000000   Zero   RW           80    __ddsc_OPTION_SETTING_BANKSEL_START.bss  anon$$obj.o


    Execution Region .option_setting_banksel.startof (Exec base: 0x0100a190, Load base: 0x0100a190, Size: 0x00000000, Max: 0x00000000, ABSOLUTE)

    Exec Addr    Load Addr    Size         Type   Attr      Idx    E Section Name        Object

    0x0100a190        -       0x00000000   Zero   RW           81    .option_setting_banksel.startof.bss  anon$$obj.o


    Execution Region __option_setting_banksel_reg (Exec base: 0x0100a190, Load base: 0x0100a190, Size: 0x00000000, Max: 0xffffffff, ABSOLUTE, FIXED)

    **** No section assigned to this execution region ****


    Execution Region __ddsc_OPTION_SETTING_BANKSEL_END (Exec base: 0x0100a190, Load base: 0x0100a190, Size: 0x00000000, Max: 0x00000000, ABSOLUTE)

    Exec Addr    Load Addr    Size         Type   Attr      Idx    E Section Name        Object

    0x0100a190        -       0x00000000   Zero   RW           82    __ddsc_OPTION_SETTING_BANKSEL_END.bss  anon$$obj.o


    Execution Region .option_setting_banksel.endof (Exec base: 0x0100a190, Load base: 0x0100a190, Size: 0x00000000, Max: 0x00000000, ABSOLUTE)

    Exec Addr    Load Addr    Size         Type   Attr      Idx    E Section Name        Object

    0x0100a190        -       0x00000000   Zero   RW           83    .option_setting_banksel.endof.bss  anon$$obj.o


    Execution Region __OPTION_SETTING_BANKSEL_end (Exec base: 0x0100a190, Load base: 0x0100a190, Size: 0x00000000, Max: 0x00000000, ABSOLUTE)

    Exec Addr    Load Addr    Size         Type   Attr      Idx    E Section Name        Object

    0x0100a190        -       0x00000000   Zero   RW           84    __OPTION_SETTING_BANKSEL_end.bss  anon$$obj.o



  Load Region LOAD_REGION_OPTION_SETTING_BPS (Base: 0x0100a1c0, Size: 0x00000000, Max: 0x00000010, ABSOLUTE)

    Execution Region __OPTION_SETTING_BPS_start (Exec base: 0x0100a1c0, Load base: 0x0100a1c0, Size: 0x00000000, Max: 0x00000000, ABSOLUTE)

    Exec Addr    Load Addr    Size         Type   Attr      Idx    E Section Name        Object

    0x0100a1c0        -       0x00000000   Zero   RW           85    __OPTION_SETTING_BPS_start.bss  anon$$obj.o


    Execution Region __OPTION_SETTING_BPS_init (Exec base: 0x0100a1c0, Load base: 0x0100a1c0, Size: 0x00000000, Max: 0x00000000, ABSOLUTE)

    Exec Addr    Load Addr    Size         Type   Attr      Idx    E Section Name        Object

    0x0100a1c0        -       0x00000000   Zero   RW           86    __OPTION_SETTING_BPS_init.bss  anon$$obj.o


    Execution Region __ddsc_OPTION_SETTING_BPS_START (Exec base: 0x0100a1c0, Load base: 0x0100a1c0, Size: 0x00000000, Max: 0x00000000, ABSOLUTE)

    Exec Addr    Load Addr    Size         Type   Attr      Idx    E Section Name        Object

    0x0100a1c0        -       0x00000000   Zero   RW           87    __ddsc_OPTION_SETTING_BPS_START.bss  anon$$obj.o


    Execution Region .option_setting_bps.startof (Exec base: 0x0100a1c0, Load base: 0x0100a1c0, Size: 0x00000000, Max: 0x00000000, ABSOLUTE)

    Exec Addr    Load Addr    Size         Type   Attr      Idx    E Section Name        Object

    0x0100a1c0        -       0x00000000   Zero   RW           88    .option_setting_bps.startof.bss  anon$$obj.o


    Execution Region __option_setting_bps_reg (Exec base: 0x0100a1c0, Load base: 0x0100a1c0, Size: 0x00000000, Max: 0xffffffff, ABSOLUTE, FIXED)

    **** No section assigned to this execution region ****


    Execution Region __ddsc_OPTION_SETTING_BPS_END (Exec base: 0x0100a1c0, Load base: 0x0100a1c0, Size: 0x00000000, Max: 0x00000000, ABSOLUTE)

    Exec Addr    Load Addr    Size         Type   Attr      Idx    E Section Name        Object

    0x0100a1c0        -       0x00000000   Zero   RW           89    __ddsc_OPTION_SETTING_BPS_END.bss  anon$$obj.o


    Execution Region .option_setting_bps.endof (Exec base: 0x0100a1c0, Load base: 0x0100a1c0, Size: 0x00000000, Max: 0x00000000, ABSOLUTE)

    Exec Addr    Load Addr    Size         Type   Attr      Idx    E Section Name        Object

    0x0100a1c0        -       0x00000000   Zero   RW           90    .option_setting_bps.endof.bss  anon$$obj.o


    Execution Region __OPTION_SETTING_BPS_end (Exec base: 0x0100a1c0, Load base: 0x0100a1c0, Size: 0x00000000, Max: 0x00000000, ABSOLUTE)

    Exec Addr    Load Addr    Size         Type   Attr      Idx    E Section Name        Object

    0x0100a1c0        -       0x00000000   Zero   RW           91    __OPTION_SETTING_BPS_end.bss  anon$$obj.o



  Load Region LOAD_REGION_OPTION_SETTING_PBPS (Base: 0x0100a1e0, Size: 0x00000000, Max: 0x00000010, ABSOLUTE)

    Execution Region __OPTION_SETTING_PBPS_start (Exec base: 0x0100a1e0, Load base: 0x0100a1e0, Size: 0x00000000, Max: 0x00000000, ABSOLUTE)

    Exec Addr    Load Addr    Size         Type   Attr      Idx    E Section Name        Object

    0x0100a1e0        -       0x00000000   Zero   RW           92    __OPTION_SETTING_PBPS_start.bss  anon$$obj.o


    Execution Region __OPTION_SETTING_PBPS_init (Exec base: 0x0100a1e0, Load base: 0x0100a1e0, Size: 0x00000000, Max: 0x00000000, ABSOLUTE)

    Exec Addr    Load Addr    Size         Type   Attr      Idx    E Section Name        Object

    0x0100a1e0        -       0x00000000   Zero   RW           93    __OPTION_SETTING_PBPS_init.bss  anon$$obj.o


    Execution Region __ddsc_OPTION_SETTING_PBPS_START (Exec base: 0x0100a1e0, Load base: 0x0100a1e0, Size: 0x00000000, Max: 0x00000000, ABSOLUTE)

    Exec Addr    Load Addr    Size         Type   Attr      Idx    E Section Name        Object

    0x0100a1e0        -       0x00000000   Zero   RW           94    __ddsc_OPTION_SETTING_PBPS_START.bss  anon$$obj.o


    Execution Region .option_setting_pbps.startof (Exec base: 0x0100a1e0, Load base: 0x0100a1e0, Size: 0x00000000, Max: 0x00000000, ABSOLUTE)

    Exec Addr    Load Addr    Size         Type   Attr      Idx    E Section Name        Object

    0x0100a1e0        -       0x00000000   Zero   RW           95    .option_setting_pbps.startof.bss  anon$$obj.o


    Execution Region __option_setting_pbps_reg (Exec base: 0x0100a1e0, Load base: 0x0100a1e0, Size: 0x00000000, Max: 0xffffffff, ABSOLUTE, FIXED)

    **** No section assigned to this execution region ****


    Execution Region __ddsc_OPTION_SETTING_PBPS_END (Exec base: 0x0100a1e0, Load base: 0x0100a1e0, Size: 0x00000000, Max: 0x00000000, ABSOLUTE)

    Exec Addr    Load Addr    Size         Type   Attr      Idx    E Section Name        Object

    0x0100a1e0        -       0x00000000   Zero   RW           96    __ddsc_OPTION_SETTING_PBPS_END.bss  anon$$obj.o


    Execution Region .option_setting_pbps.endof (Exec base: 0x0100a1e0, Load base: 0x0100a1e0, Size: 0x00000000, Max: 0x00000000, ABSOLUTE)

    Exec Addr    Load Addr    Size         Type   Attr      Idx    E Section Name        Object

    0x0100a1e0        -       0x00000000   Zero   RW           97    .option_setting_pbps.endof.bss  anon$$obj.o


    Execution Region __OPTION_SETTING_PBPS_end (Exec base: 0x0100a1e0, Load base: 0x0100a1e0, Size: 0x00000000, Max: 0x00000000, ABSOLUTE)

    Exec Addr    Load Addr    Size         Type   Attr      Idx    E Section Name        Object

    0x0100a1e0        -       0x00000000   Zero   RW           98    __OPTION_SETTING_PBPS_end.bss  anon$$obj.o



  Load Region LOAD_REGION_OPTION_SETTING_OFS1_SEC (Base: 0x0100a200, Size: 0x00000004, Max: 0x00000004, ABSOLUTE)

    Execution Region __OPTION_SETTING_OFS1_SEC_start (Exec base: 0x0100a200, Load base: 0x0100a200, Size: 0x00000000, Max: 0x00000000, ABSOLUTE)

    Exec Addr    Load Addr    Size         Type   Attr      Idx    E Section Name        Object

    0x0100a200        -       0x00000000   Zero   RW           99    __OPTION_SETTING_OFS1_SEC_start.bss  anon$$obj.o


    Execution Region __OPTION_SETTING_OFS1_SEC_init (Exec base: 0x0100a200, Load base: 0x0100a200, Size: 0x00000000, Max: 0x00000000, ABSOLUTE)

    Exec Addr    Load Addr    Size         Type   Attr      Idx    E Section Name        Object

    0x0100a200        -       0x00000000   Zero   RW          100    __OPTION_SETTING_OFS1_SEC_init.bss  anon$$obj.o


    Execution Region __ddsc_OPTION_SETTING_OFS1_SEC_START (Exec base: 0x0100a200, Load base: 0x0100a200, Size: 0x00000000, Max: 0x00000000, ABSOLUTE)

    Exec Addr    Load Addr    Size         Type   Attr      Idx    E Section Name        Object

    0x0100a200        -       0x00000000   Zero   RW          101    __ddsc_OPTION_SETTING_OFS1_SEC_START.bss  anon$$obj.o


    Execution Region .option_setting_ofs1_sec.startof (Exec base: 0x0100a200, Load base: 0x0100a200, Size: 0x00000000, Max: 0x00000000, ABSOLUTE)

    Exec Addr    Load Addr    Size         Type   Attr      Idx    E Section Name        Object

    0x0100a200        -       0x00000000   Zero   RW          102    .option_setting_ofs1_sec.startof.bss  anon$$obj.o


    Execution Region __option_setting_ofs1_sec_reg (Exec base: 0x0100a200, Load base: 0x0100a200, Size: 0x00000004, Max: 0xffffffff, ABSOLUTE, FIXED)

    Exec Addr    Load Addr    Size         Type   Attr      Idx    E Section Name        Object

    0x0100a200   0x0100a200   0x00000004   Data   RO          395    .option_setting_ofs1_sec  bsp_linker.o


    Execution Region __ddsc_OPTION_SETTING_OFS1_SEC_END (Exec base: 0x0100a204, Load base: 0x0100a204, Size: 0x00000000, Max: 0x00000000, ABSOLUTE)

    Exec Addr    Load Addr    Size         Type   Attr      Idx    E Section Name        Object

    0x0100a204        -       0x00000000   Zero   RW          103    __ddsc_OPTION_SETTING_OFS1_SEC_END.bss  anon$$obj.o


    Execution Region .option_setting_ofs1_sec.endof (Exec base: 0x0100a204, Load base: 0x0100a204, Size: 0x00000000, Max: 0x00000000, ABSOLUTE)

    Exec Addr    Load Addr    Size         Type   Attr      Idx    E Section Name        Object

    0x0100a204        -       0x00000000   Zero   RW          104    .option_setting_ofs1_sec.endof.bss  anon$$obj.o


    Execution Region __OPTION_SETTING_OFS1_SEC_end (Exec base: 0x0100a204, Load base: 0x0100a204, Size: 0x00000000, Max: 0x00000000, ABSOLUTE)

    Exec Addr    Load Addr    Size         Type   Attr      Idx    E Section Name        Object

    0x0100a204        -       0x00000000   Zero   RW          105    __OPTION_SETTING_OFS1_SEC_end.bss  anon$$obj.o



  Load Region LOAD_REGION_OPTION_SETTING_BANKSEL_SEC (Base: 0x0100a210, Size: 0x00000000, Max: 0x00000004, ABSOLUTE)

    Execution Region __OPTION_SETTING_BANKSEL_SEC_start (Exec base: 0x0100a210, Load base: 0x0100a210, Size: 0x00000000, Max: 0x00000000, ABSOLUTE)

    Exec Addr    Load Addr    Size         Type   Attr      Idx    E Section Name        Object

    0x0100a210        -       0x00000000   Zero   RW          106    __OPTION_SETTING_BANKSEL_SEC_start.bss  anon$$obj.o


    Execution Region __OPTION_SETTING_BANKSEL_SEC_init (Exec base: 0x0100a210, Load base: 0x0100a210, Size: 0x00000000, Max: 0x00000000, ABSOLUTE)

    Exec Addr    Load Addr    Size         Type   Attr      Idx    E Section Name        Object

    0x0100a210        -       0x00000000   Zero   RW          107    __OPTION_SETTING_BANKSEL_SEC_init.bss  anon$$obj.o


    Execution Region __ddsc_OPTION_SETTING_BANKSEL_SEC_START (Exec base: 0x0100a210, Load base: 0x0100a210, Size: 0x00000000, Max: 0x00000000, ABSOLUTE)

    Exec Addr    Load Addr    Size         Type   Attr      Idx    E Section Name        Object

    0x0100a210        -       0x00000000   Zero   RW          108    __ddsc_OPTION_SETTING_BANKSEL_SEC_START.bss  anon$$obj.o


    Execution Region .option_setting_banksel_sec.startof (Exec base: 0x0100a210, Load base: 0x0100a210, Size: 0x00000000, Max: 0x00000000, ABSOLUTE)

    Exec Addr    Load Addr    Size         Type   Attr      Idx    E Section Name        Object

    0x0100a210        -       0x00000000   Zero   RW          109    .option_setting_banksel_sec.startof.bss  anon$$obj.o


    Execution Region __option_setting_banksel_sec_reg (Exec base: 0x0100a210, Load base: 0x0100a210, Size: 0x00000000, Max: 0xffffffff, ABSOLUTE, FIXED)

    **** No section assigned to this execution region ****


    Execution Region __ddsc_OPTION_SETTING_BANKSEL_SEC_END (Exec base: 0x0100a210, Load base: 0x0100a210, Size: 0x00000000, Max: 0x00000000, ABSOLUTE)

    Exec Addr    Load Addr    Size         Type   Attr      Idx    E Section Name        Object

    0x0100a210        -       0x00000000   Zero   RW          110    __ddsc_OPTION_SETTING_BANKSEL_SEC_END.bss  anon$$obj.o


    Execution Region .option_setting_banksel_sec.endof (Exec base: 0x0100a210, Load base: 0x0100a210, Size: 0x00000000, Max: 0x00000000, ABSOLUTE)

    Exec Addr    Load Addr    Size         Type   Attr      Idx    E Section Name        Object

    0x0100a210        -       0x00000000   Zero   RW          111    .option_setting_banksel_sec.endof.bss  anon$$obj.o


    Execution Region __OPTION_SETTING_BANKSEL_SEC_end (Exec base: 0x0100a210, Load base: 0x0100a210, Size: 0x00000000, Max: 0x00000000, ABSOLUTE)

    Exec Addr    Load Addr    Size         Type   Attr      Idx    E Section Name        Object

    0x0100a210        -       0x00000000   Zero   RW          112    __OPTION_SETTING_BANKSEL_SEC_end.bss  anon$$obj.o



  Load Region LOAD_REGION_OPTION_SETTING_BPS_SEC (Base: 0x0100a240, Size: 0x00000000, Max: 0x00000010, ABSOLUTE)

    Execution Region __OPTION_SETTING_BPS_SEC_start (Exec base: 0x0100a240, Load base: 0x0100a240, Size: 0x00000000, Max: 0x00000000, ABSOLUTE)

    Exec Addr    Load Addr    Size         Type   Attr      Idx    E Section Name        Object

    0x0100a240        -       0x00000000   Zero   RW          113    __OPTION_SETTING_BPS_SEC_start.bss  anon$$obj.o


    Execution Region __OPTION_SETTING_BPS_SEC_init (Exec base: 0x0100a240, Load base: 0x0100a240, Size: 0x00000000, Max: 0x00000000, ABSOLUTE)

    Exec Addr    Load Addr    Size         Type   Attr      Idx    E Section Name        Object

    0x0100a240        -       0x00000000   Zero   RW          114    __OPTION_SETTING_BPS_SEC_init.bss  anon$$obj.o


    Execution Region __ddsc_OPTION_SETTING_BPS_SEC_START (Exec base: 0x0100a240, Load base: 0x0100a240, Size: 0x00000000, Max: 0x00000000, ABSOLUTE)

    Exec Addr    Load Addr    Size         Type   Attr      Idx    E Section Name        Object

    0x0100a240        -       0x00000000   Zero   RW          115    __ddsc_OPTION_SETTING_BPS_SEC_START.bss  anon$$obj.o


    Execution Region .option_setting_bps_sec.startof (Exec base: 0x0100a240, Load base: 0x0100a240, Size: 0x00000000, Max: 0x00000000, ABSOLUTE)

    Exec Addr    Load Addr    Size         Type   Attr      Idx    E Section Name        Object

    0x0100a240        -       0x00000000   Zero   RW          116    .option_setting_bps_sec.startof.bss  anon$$obj.o


    Execution Region __option_setting_bps_sec_reg (Exec base: 0x0100a240, Load base: 0x0100a240, Size: 0x00000000, Max: 0xffffffff, ABSOLUTE, FIXED)

    **** No section assigned to this execution region ****


    Execution Region __ddsc_OPTION_SETTING_BPS_SEC_END (Exec base: 0x0100a240, Load base: 0x0100a240, Size: 0x00000000, Max: 0x00000000, ABSOLUTE)

    Exec Addr    Load Addr    Size         Type   Attr      Idx    E Section Name        Object

    0x0100a240        -       0x00000000   Zero   RW          117    __ddsc_OPTION_SETTING_BPS_SEC_END.bss  anon$$obj.o


    Execution Region .option_setting_bps_sec.endof (Exec base: 0x0100a240, Load base: 0x0100a240, Size: 0x00000000, Max: 0x00000000, ABSOLUTE)

    Exec Addr    Load Addr    Size         Type   Attr      Idx    E Section Name        Object

    0x0100a240        -       0x00000000   Zero   RW          118    .option_setting_bps_sec.endof.bss  anon$$obj.o


    Execution Region __OPTION_SETTING_BPS_SEC_end (Exec base: 0x0100a240, Load base: 0x0100a240, Size: 0x00000000, Max: 0x00000000, ABSOLUTE)

    Exec Addr    Load Addr    Size         Type   Attr      Idx    E Section Name        Object

    0x0100a240        -       0x00000000   Zero   RW          119    __OPTION_SETTING_BPS_SEC_end.bss  anon$$obj.o



  Load Region LOAD_REGION_OPTION_SETTING_PBPS_SEC (Base: 0x0100a260, Size: 0x00000000, Max: 0x00000010, ABSOLUTE)

    Execution Region __OPTION_SETTING_PBPS_SEC_start (Exec base: 0x0100a260, Load base: 0x0100a260, Size: 0x00000000, Max: 0x00000000, ABSOLUTE)

    Exec Addr    Load Addr    Size         Type   Attr      Idx    E Section Name        Object

    0x0100a260        -       0x00000000   Zero   RW          120    __OPTION_SETTING_PBPS_SEC_start.bss  anon$$obj.o


    Execution Region __OPTION_SETTING_PBPS_SEC_init (Exec base: 0x0100a260, Load base: 0x0100a260, Size: 0x00000000, Max: 0x00000000, ABSOLUTE)

    Exec Addr    Load Addr    Size         Type   Attr      Idx    E Section Name        Object

    0x0100a260        -       0x00000000   Zero   RW          121    __OPTION_SETTING_PBPS_SEC_init.bss  anon$$obj.o


    Execution Region __ddsc_OPTION_SETTING_PBPS_SEC_START (Exec base: 0x0100a260, Load base: 0x0100a260, Size: 0x00000000, Max: 0x00000000, ABSOLUTE)

    Exec Addr    Load Addr    Size         Type   Attr      Idx    E Section Name        Object

    0x0100a260        -       0x00000000   Zero   RW          122    __ddsc_OPTION_SETTING_PBPS_SEC_START.bss  anon$$obj.o


    Execution Region .option_setting_pbps_sec.startof (Exec base: 0x0100a260, Load base: 0x0100a260, Size: 0x00000000, Max: 0x00000000, ABSOLUTE)

    Exec Addr    Load Addr    Size         Type   Attr      Idx    E Section Name        Object

    0x0100a260        -       0x00000000   Zero   RW          123    .option_setting_pbps_sec.startof.bss  anon$$obj.o


    Execution Region __option_setting_pbps_sec_reg (Exec base: 0x0100a260, Load base: 0x0100a260, Size: 0x00000000, Max: 0xffffffff, ABSOLUTE, FIXED)

    **** No section assigned to this execution region ****


    Execution Region __ddsc_OPTION_SETTING_PBPS_SEC_END (Exec base: 0x0100a260, Load base: 0x0100a260, Size: 0x00000000, Max: 0x00000000, ABSOLUTE)

    Exec Addr    Load Addr    Size         Type   Attr      Idx    E Section Name        Object

    0x0100a260        -       0x00000000   Zero   RW          124    __ddsc_OPTION_SETTING_PBPS_SEC_END.bss  anon$$obj.o


    Execution Region .option_setting_pbps_sec.endof (Exec base: 0x0100a260, Load base: 0x0100a260, Size: 0x00000000, Max: 0x00000000, ABSOLUTE)

    Exec Addr    Load Addr    Size         Type   Attr      Idx    E Section Name        Object

    0x0100a260        -       0x00000000   Zero   RW          125    .option_setting_pbps_sec.endof.bss  anon$$obj.o


    Execution Region __OPTION_SETTING_PBPS_SEC_end (Exec base: 0x0100a260, Load base: 0x0100a260, Size: 0x00000000, Max: 0x00000000, ABSOLUTE)

    Exec Addr    Load Addr    Size         Type   Attr      Idx    E Section Name        Object

    0x0100a260        -       0x00000000   Zero   RW          126    __OPTION_SETTING_PBPS_SEC_end.bss  anon$$obj.o



  Load Region LOAD_REGION_OPTION_SETTING_OFS1_SEL (Base: 0x0100a280, Size: 0x00000004, Max: 0x00000004, ABSOLUTE)

    Execution Region __OPTION_SETTING_OFS1_SEL_start (Exec base: 0x0100a280, Load base: 0x0100a280, Size: 0x00000000, Max: 0x00000000, ABSOLUTE)

    Exec Addr    Load Addr    Size         Type   Attr      Idx    E Section Name        Object

    0x0100a280        -       0x00000000   Zero   RW          127    __OPTION_SETTING_OFS1_SEL_start.bss  anon$$obj.o


    Execution Region __OPTION_SETTING_OFS1_SEL_init (Exec base: 0x0100a280, Load base: 0x0100a280, Size: 0x00000000, Max: 0x00000000, ABSOLUTE)

    Exec Addr    Load Addr    Size         Type   Attr      Idx    E Section Name        Object

    0x0100a280        -       0x00000000   Zero   RW          128    __OPTION_SETTING_OFS1_SEL_init.bss  anon$$obj.o


    Execution Region __ddsc_OPTION_SETTING_OFS1_SEL_START (Exec base: 0x0100a280, Load base: 0x0100a280, Size: 0x00000000, Max: 0x00000000, ABSOLUTE)

    Exec Addr    Load Addr    Size         Type   Attr      Idx    E Section Name        Object

    0x0100a280        -       0x00000000   Zero   RW          129    __ddsc_OPTION_SETTING_OFS1_SEL_START.bss  anon$$obj.o


    Execution Region .option_setting_ofs1_sel.startof (Exec base: 0x0100a280, Load base: 0x0100a280, Size: 0x00000000, Max: 0x00000000, ABSOLUTE)

    Exec Addr    Load Addr    Size         Type   Attr      Idx    E Section Name        Object

    0x0100a280        -       0x00000000   Zero   RW          130    .option_setting_ofs1_sel.startof.bss  anon$$obj.o


    Execution Region __option_setting_ofs1_sel_reg (Exec base: 0x0100a280, Load base: 0x0100a280, Size: 0x00000004, Max: 0xffffffff, ABSOLUTE, FIXED)

    Exec Addr    Load Addr    Size         Type   Attr      Idx    E Section Name        Object

    0x0100a280   0x0100a280   0x00000004   Data   RO          396    .option_setting_ofs1_sel  bsp_linker.o


    Execution Region __ddsc_OPTION_SETTING_OFS1_SEL_END (Exec base: 0x0100a284, Load base: 0x0100a284, Size: 0x00000000, Max: 0x00000000, ABSOLUTE)

    Exec Addr    Load Addr    Size         Type   Attr      Idx    E Section Name        Object

    0x0100a284        -       0x00000000   Zero   RW          131    __ddsc_OPTION_SETTING_OFS1_SEL_END.bss  anon$$obj.o


    Execution Region .option_setting_ofs1_sel.endof (Exec base: 0x0100a284, Load base: 0x0100a284, Size: 0x00000000, Max: 0x00000000, ABSOLUTE)

    Exec Addr    Load Addr    Size         Type   Attr      Idx    E Section Name        Object

    0x0100a284        -       0x00000000   Zero   RW          132    .option_setting_ofs1_sel.endof.bss  anon$$obj.o


    Execution Region __OPTION_SETTING_OFS1_SEL_end (Exec base: 0x0100a284, Load base: 0x0100a284, Size: 0x00000000, Max: 0x00000000, ABSOLUTE)

    Exec Addr    Load Addr    Size         Type   Attr      Idx    E Section Name        Object

    0x0100a284        -       0x00000000   Zero   RW          133    __OPTION_SETTING_OFS1_SEL_end.bss  anon$$obj.o



  Load Region LOAD_REGION_OPTION_SETTING_BANKSEL_SEL (Base: 0x0100a290, Size: 0x00000000, Max: 0x00000004, ABSOLUTE)

    Execution Region __OPTION_SETTING_BANKSEL_SEL_start (Exec base: 0x0100a290, Load base: 0x0100a290, Size: 0x00000000, Max: 0x00000000, ABSOLUTE)

    Exec Addr    Load Addr    Size         Type   Attr      Idx    E Section Name        Object

    0x0100a290        -       0x00000000   Zero   RW          134    __OPTION_SETTING_BANKSEL_SEL_start.bss  anon$$obj.o


    Execution Region __OPTION_SETTING_BANKSEL_SEL_init (Exec base: 0x0100a290, Load base: 0x0100a290, Size: 0x00000000, Max: 0x00000000, ABSOLUTE)

    Exec Addr    Load Addr    Size         Type   Attr      Idx    E Section Name        Object

    0x0100a290        -       0x00000000   Zero   RW          135    __OPTION_SETTING_BANKSEL_SEL_init.bss  anon$$obj.o


    Execution Region __ddsc_OPTION_SETTING_BANKSEL_SEL_START (Exec base: 0x0100a290, Load base: 0x0100a290, Size: 0x00000000, Max: 0x00000000, ABSOLUTE)

    Exec Addr    Load Addr    Size         Type   Attr      Idx    E Section Name        Object

    0x0100a290        -       0x00000000   Zero   RW          136    __ddsc_OPTION_SETTING_BANKSEL_SEL_START.bss  anon$$obj.o


    Execution Region .option_setting_banksel_sel.startof (Exec base: 0x0100a290, Load base: 0x0100a290, Size: 0x00000000, Max: 0x00000000, ABSOLUTE)

    Exec Addr    Load Addr    Size         Type   Attr      Idx    E Section Name        Object

    0x0100a290        -       0x00000000   Zero   RW          137    .option_setting_banksel_sel.startof.bss  anon$$obj.o


    Execution Region __option_setting_banksel_sel_reg (Exec base: 0x0100a290, Load base: 0x0100a290, Size: 0x00000000, Max: 0xffffffff, ABSOLUTE, FIXED)

    **** No section assigned to this execution region ****


    Execution Region __ddsc_OPTION_SETTING_BANKSEL_SEL_END (Exec base: 0x0100a290, Load base: 0x0100a290, Size: 0x00000000, Max: 0x00000000, ABSOLUTE)

    Exec Addr    Load Addr    Size         Type   Attr      Idx    E Section Name        Object

    0x0100a290        -       0x00000000   Zero   RW          138    __ddsc_OPTION_SETTING_BANKSEL_SEL_END.bss  anon$$obj.o


    Execution Region .option_setting_banksel_sel.endof (Exec base: 0x0100a290, Load base: 0x0100a290, Size: 0x00000000, Max: 0x00000000, ABSOLUTE)

    Exec Addr    Load Addr    Size         Type   Attr      Idx    E Section Name        Object

    0x0100a290        -       0x00000000   Zero   RW          139    .option_setting_banksel_sel.endof.bss  anon$$obj.o


    Execution Region __OPTION_SETTING_BANKSEL_SEL_end (Exec base: 0x0100a290, Load base: 0x0100a290, Size: 0x00000000, Max: 0x00000000, ABSOLUTE)

    Exec Addr    Load Addr    Size         Type   Attr      Idx    E Section Name        Object

    0x0100a290        -       0x00000000   Zero   RW          140    __OPTION_SETTING_BANKSEL_SEL_end.bss  anon$$obj.o



  Load Region LOAD_REGION_OPTION_SETTING_BPS_SEL (Base: 0x0100a2c0, Size: 0x00000000, Max: 0x00000010, ABSOLUTE)

    Execution Region __OPTION_SETTING_BPS_SEL_start (Exec base: 0x0100a2c0, Load base: 0x0100a2c0, Size: 0x00000000, Max: 0x00000000, ABSOLUTE)

    Exec Addr    Load Addr    Size         Type   Attr      Idx    E Section Name        Object

    0x0100a2c0        -       0x00000000   Zero   RW          141    __OPTION_SETTING_BPS_SEL_start.bss  anon$$obj.o


    Execution Region __OPTION_SETTING_BPS_SEL_init (Exec base: 0x0100a2c0, Load base: 0x0100a2c0, Size: 0x00000000, Max: 0x00000000, ABSOLUTE)

    Exec Addr    Load Addr    Size         Type   Attr      Idx    E Section Name        Object

    0x0100a2c0        -       0x00000000   Zero   RW          142    __OPTION_SETTING_BPS_SEL_init.bss  anon$$obj.o


    Execution Region __ddsc_OPTION_SETTING_BPS_SEL_START (Exec base: 0x0100a2c0, Load base: 0x0100a2c0, Size: 0x00000000, Max: 0x00000000, ABSOLUTE)

    Exec Addr    Load Addr    Size         Type   Attr      Idx    E Section Name        Object

    0x0100a2c0        -       0x00000000   Zero   RW          143    __ddsc_OPTION_SETTING_BPS_SEL_START.bss  anon$$obj.o


    Execution Region .option_setting_bps_sel.startof (Exec base: 0x0100a2c0, Load base: 0x0100a2c0, Size: 0x00000000, Max: 0x00000000, ABSOLUTE)

    Exec Addr    Load Addr    Size         Type   Attr      Idx    E Section Name        Object

    0x0100a2c0        -       0x00000000   Zero   RW          144    .option_setting_bps_sel.startof.bss  anon$$obj.o


    Execution Region __option_setting_bps_sel_reg (Exec base: 0x0100a2c0, Load base: 0x0100a2c0, Size: 0x00000000, Max: 0xffffffff, ABSOLUTE, FIXED)

    **** No section assigned to this execution region ****


    Execution Region __ddsc_OPTION_SETTING_BPS_SEL_END (Exec base: 0x0100a2c0, Load base: 0x0100a2c0, Size: 0x00000000, Max: 0x00000000, ABSOLUTE)

    Exec Addr    Load Addr    Size         Type   Attr      Idx    E Section Name        Object

    0x0100a2c0        -       0x00000000   Zero   RW          145    __ddsc_OPTION_SETTING_BPS_SEL_END.bss  anon$$obj.o


    Execution Region .option_setting_bps_sel.endof (Exec base: 0x0100a2c0, Load base: 0x0100a2c0, Size: 0x00000000, Max: 0x00000000, ABSOLUTE)

    Exec Addr    Load Addr    Size         Type   Attr      Idx    E Section Name        Object

    0x0100a2c0        -       0x00000000   Zero   RW          146    .option_setting_bps_sel.endof.bss  anon$$obj.o


    Execution Region __OPTION_SETTING_BPS_SEL_end (Exec base: 0x0100a2c0, Load base: 0x0100a2c0, Size: 0x00000000, Max: 0x00000000, ABSOLUTE)

    Exec Addr    Load Addr    Size         Type   Attr      Idx    E Section Name        Object

    0x0100a2c0        -       0x00000000   Zero   RW          147    __OPTION_SETTING_BPS_SEL_end.bss  anon$$obj.o


==============================================================================

Image component sizes


      Code (inc. data)   RO Data    RW Data    ZI Data      Debug   Object Name

       562         52          0          0          0       6615   arm_control.o
       484          0          0          0         28      34144   bsp_clocks.o
         2          0         78          0          0       9941   bsp_common.o
       140          0          0          0          0       1876   bsp_delay.o
        68          0          0          0         64      14032   bsp_group_irq.o
         0          0          0          0          4        478   bsp_io.o
       138          0          0          0         24      18537   bsp_irq.o
         0          0        388          0          0       3584   bsp_linker.o
       160          0         10          0         10      21825   bsp_register_protection.o
         0          0          0          0          8      17743   common_data.o
         0          0        112          4         48      35038   hal_data.o
       208          4          0          4        120      12184   hal_entry.o
        26          0          0          0          0      16708   hal_warmstart.o
       688         60          0          0          0       6439   kinematics.o
        10          0          0          0          0        408   main.o
         0          0         60          0          0       8013   pin_data.o
       430         12          0          0          0      57037   r_ioport.o
       568          0          0          0          0      39994   r_sci_i2c.o
      1420          0          0          0          0      73103   r_sci_uart.o
       158          0          0          0         16      11529   serial_servo.o
        14          0         64          0       1024        941   startup.o
       252          0          0          0          4       6678   system.o
         0          0         48          0          0       9858   vector_data.o

    ----------------------------------------------------------------------
      5344        128        764          8       1352     406705   Object Totals
         0          0          0          0          0          0   (incl. Generated)
        16          0          4          0          2          0   (incl. Padding)

    ----------------------------------------------------------------------

      Code (inc. data)   RO Data    RW Data    ZI Data      Debug   Library Member Name

       280         46          0          0          0        176   acosf.o
       684         90          0          0          0        208   atan2f.o
        38          0          0          0          0        116   fpclassifyf.o
        44         12          0          0          0        464   funder.o
        62          0          0          0          0        136   sqrtf.o
        12          6          0          4          0         68   errno.o
         0          0          0          0          0          0   iusefp.o
        36          0          0          0          0         68   memcpya.o
        36          0          0          0          0        108   memseta.o

    ----------------------------------------------------------------------
      1196        154          0          4          0       1344   Library Totals
         4          0          0          0          0          0   (incl. Padding)

    ----------------------------------------------------------------------

      Code (inc. data)   RO Data    RW Data    ZI Data      Debug   Library Name

      1108        148          0          0          0       1100   m_wm.l
        84          6          0          4          0        244   mc_w.l

    ----------------------------------------------------------------------
      1196        154          0          4          0       1344   Library Totals

    ----------------------------------------------------------------------

==============================================================================


      Code (inc. data)   RO Data    RW Data    ZI Data      Debug   

      6540        282        764         12       1352     406977   Grand Totals
      6540        282        764         12       1352     406977   ELF Image Totals
      6540        282        764         12          0          0   ROM Totals

==============================================================================

    Total RO  Size (Code + RO Data)                 7304 (   7.13kB)
    Total RW  Size (RW Data + ZI Data)              1364 (   1.33kB)
    Total ROM Size (Code + RO Data + RW Data)       7316 (   7.14kB)

==============================================================================

