<html>
<body>
<pre>
<h1>µVision Build Log</h1>
<h2>Tool Versions:</h2>
IDE-Version: ¦ÌVision V5.43.0.0
Copyright (C) 2025 ARM Ltd and ARM Germany GmbH. All rights reserved.
License Information: df 2441339281@qq.com, dfg, LIC=14HV2-9AVVQ-56NQ2-9YRUP-4WUZI-JH255
 
Tool Versions:
Toolchain:       MDK-ARM Plus  Version: 5.43.0.0
Toolchain Path:  C:\Keil_v5\ARM\ARMCLANG\Bin
C Compiler:      ArmClang.exe V6.24
Assembler:       Armasm.exe V6.24
Linker/Locator:  ArmLink.exe V6.24
Library Manager: ArmAr.exe V6.24
Hex Converter:   FromElf.exe V6.24
CPU DLL:         
Dialog DLL:      
Target DLL:      CMSIS_AGDI_V8M.DLL V1.8.8.0
Dialog DLL:      TCM.DLL V1.56.6.0
 
<h2>Project:</h2>
C:\Users\24413\Desktop\Code\fish\hardware\arm\arm.uvprojx
Project File Date:  03/23/2026

<h2>Output:</h2>
*** Using Compiler 'V6.24', folder: 'C:\Keil_v5\ARM\ARMCLANG\Bin'
Rebuild target 'arm'
Before Build - User command #1: cmd /c ""C:\Users\24413\Desktop\Code\fish\hardware\arm\rasc_launcher.bat" "C:\Users\24413\Desktop\Code\fish\hardware\arm\rasc_version.txt" -nosplash --launcher.suppressErrors --generate --compiler ARMv6 --devicefamily ra "C:\Users\24413\Desktop\Code\fish\hardware\arm\configuration.xml" 2> "%TEMP%\rasc_stderr.out" && echo. > "C:\Users\24413\Desktop\Code\fish\hardware\arm\output.rasc""
[INFO] Input file "C:\Users\24413\Desktop\Code\fish\hardware\arm\configuration.xml" is newer than output file "C:\Users\24413\Desktop\Code\fish\hardware\arm\output.rasc". Proceeding with RASC invocation...
Generating Project Content.Generating Project Content...........
..
compiling bsp_delay.c...
compiling hal_entry.c...
compiling hal_warmstart.c...
compiling bsp_common.c...
compiling startup.c...
compiling comm.c...
compiling kinematics.c...
compiling system.c...
compiling bsp_clocks.c...
compiling stepper_slideway.c...
app/device/serial_servo.c(176): warning: implicit conversion loses integer precision: 'int' to 'uint16_t' (aka 'unsigned short') [-Wimplicit-int-conversion]
  176 |                 pos_out[i].position = (uint16_t)s_uart_rx_buf[base + 1] |
      |                                     ~ ~~~~~~~~~~~~~~~~~~~~~~~~~~~~~~~~~~^
  177 |                                       ((uint16_t)s_uart_rx_buf[base + 2] << 8);
      |                                       ~~~~~~~~~~~~~~~~~~~~~~~~~~~~~~~~~~~~~~~~
1 warning generated.
compiling serial_servo.c...
app/control/arm_control.c(22): warning: implicit conversion turns floating-point number into integer: 'float' to 'uint16_t' (aka 'unsigned short') [-Wfloat-conversion]
   22 |                 Servo_PositionSet(&g_servo_ctrl, 6 - i, 500 + (SERIAL_ANGLE_FACTOR * target_angle[i]), time);
      |                 ~~~~~~~~~~~~~~~~~                       ~~~~^~~~~~~~~~~~~~~~~~~~~~~~~~~~~~~~~~~~~~~~~
1 warning generated.
compiling arm_control.c...
compiling bsp_guard.c...
compiling bsp_sbrk.c...
compiling bsp_group_irq.c...
compiling bsp_io.c...
compiling bsp_sdram.c...
compiling bsp_macl.c...
compiling bsp_ipc.c...
compiling bsp_security.c...
compiling bsp_irq.c...
compiling bsp_linker.c...
compiling bsp_register_protection.c...
compiling r_ioport.c...
compiling common_data.c...
compiling r_sci_i2c.c...
compiling r_sci_uart.c...
compiling hal_data.c...
compiling main.c...
compiling pin_data.c...
compiling vector_data.c...
linking...
Program Size: Code=14124 RO-data=1448 RW-data=12 ZI-data=1704  
FromELF: creating hex file...
After Build - User command #1: cmd /c ""C:\Users\24413\Desktop\Code\fish\hardware\arm\rasc_launcher.bat" "C:\Users\24413\Desktop\Code\fish\hardware\arm\rasc_version.txt" -nosplash --launcher.suppressErrors --gensmartbundle --compiler ARMv6 --devicefamily ra "C:\Users\24413\Desktop\Code\fish\hardware\arm\configuration.xml" "C:\Users\24413\Desktop\Code\fish\hardware\arm\Objects\arm.axf" 2> "%TEMP%\rasc_stderr.out""
[INFO] Input file "C:\Users\24413\Desktop\Code\fish\hardware\arm\Objects\arm.axf" is newer than output file "C:\Users\24413\Desktop\Code\fish\hardware\arm\Objects\arm.sbd". Proceeding with RASC invocation...
Generating Smart Bundle..
".\Objects\arm.axf" - 0 Error(s), 2 Warning(s).

<h2>Software Packages used:</h2>

Package Vendor: Renesas
                
                Renesas::Project Content@1.0.0
                Project content managed by the Renesas Smart Configurator
   * Component: Build Configuration Version: 
   * Component: ra Version: 
   * Component: Generated Data Version: 
   * Component: Linker Script Version: 

Package Vendor: Renesas
                https://www2.renesas.eu/Keil_MDK_Packs/Renesas.RA_DFP.6.1.0.pack
                Renesas::RA_DFP@6.1.0
                Renesas RA series device family pack
   * Component: RA Configuration Version: 1.0.0

<h2>Collection of Component include folders:</h2>
  ./RTE/_arm
  ./ra/arm/CMSIS_6/CMSIS/Core/Include
  ./ra/fsp/inc
  ./ra/fsp/inc/api
  ./ra/fsp/inc/instances
  ./ra_cfg/fsp_cfg
  ./ra_cfg/fsp_cfg/bsp
  ./ra_gen
  C:/Users/24413/Desktop/Code/fish/hardware/arm

<h2>Collection of Component Files used:</h2>

   * Component: Renesas::Flex Software:Build Configuration
      Include file:  ra_cfg/fsp_cfg/r_sci_i2c_cfg.h
      Include file:  ra_cfg/fsp_cfg/bsp/bsp_cfg.h
      Include file:  ra_cfg/fsp_cfg/bsp/bsp_mcu_family_cfg.h
      Include file:  ra_cfg/fsp_cfg/bsp/bsp_mcu_ofs_cfg.h
      Include file:  ra_cfg/fsp_cfg/bsp/board_cfg.h
      Include file:  ra_cfg/fsp_cfg/bsp/bsp_pin_cfg.h
      Include file:  ra_cfg/fsp_cfg/r_ioport_cfg.h
      Include file:  ra_cfg/fsp_cfg/bsp/bsp_mcu_device_cfg.h
      Include file:  ra_cfg/fsp_cfg/bsp/bsp_mcu_device_pn_cfg.h
      Include file:  ra_cfg/fsp_cfg/r_sci_uart_cfg.h

   * Component: Renesas::Flex Software:Components:ra
      Include file:  ra/arm/CMSIS_6/CMSIS/Core/Include/cmsis_clang.h
      Include file:  ra/arm/CMSIS_6/CMSIS/Core/Include/a-profile/cmsis_iccarm_a.h
      Include file:  ra/arm/CMSIS_6/CMSIS/Core/Include/cmsis_version.h
      Include file:  ra/arm/CMSIS_6/CMSIS/Core/Include/core_cm0.h
      Include file:  ra/arm/CMSIS_6/CMSIS/Core/Include/a-profile/cmsis_armclang_a.h
      Include file:  ra/arm/CMSIS_6/CMSIS/Core/Include/cmsis_compiler.h
      Include file:  ra/arm/CMSIS_6/CMSIS/Core/Include/core_ca.h
      Include file:  ra/arm/CMSIS_6/CMSIS/Core/Include/a-profile/cmsis_cp15.h
      Include file:  ra/arm/CMSIS_6/CMSIS/Core/Include/a-profile/cmsis_clang_a.h
      Include file:  ra/arm/CMSIS_6/CMSIS/Core/Include/a-profile/cmsis_gcc_a.h
      Include file:  ra/arm/CMSIS_6/CMSIS/Core/Include/a-profile/irq_ctrl.h
      Include file:  ra/arm/CMSIS_6/CMSIS/Core/Include/cmsis_gcc.h
      Include file:  ra/arm/CMSIS_6/CMSIS/Core/Include/cmsis_armclang.h
      Include file:  ra/fsp/inc/api/r_i2c_master_api.h
      Include file:  ra/arm/CMSIS_6/CMSIS/Core/Include/core_cm55.h
      Include file:  ra/arm/CMSIS_6/CMSIS/Core/Include/core_cm85.h
      Include file:  ra/arm/CMSIS_6/CMSIS/Core/Include/m-profile/armv8m_pmu.h
      Include file:  ra/arm/CMSIS_6/CMSIS/Core/Include/core_cm33.h
      Include file:  ra/arm/CMSIS_6/CMSIS/Core/Include/m-profile/cmsis_iccarm_m.h
      Include file:  ra/arm/CMSIS_6/CMSIS/Core/Include/core_cm1.h
      Include file:  ra/arm/CMSIS_6/CMSIS/Core/Include/core_cm23.h
      Include file:  ra/arm/CMSIS_6/CMSIS/Core/Include/r-profile/cmsis_clang_r.h
      Include file:  ra/arm/CMSIS_6/CMSIS/Core/Include/core_sc000.h
      Include file:  ra/arm/CMSIS_6/CMSIS/Core/Include/core_cm0plus.h
      Include file:  ra/arm/CMSIS_6/CMSIS/Core/Include/core_cm4.h
      Include file:  ra/arm/CMSIS_6/CMSIS/Core/Include/core_cm52.h
      Include file:  ra/arm/CMSIS_6/CMSIS/Core/Include/core_sc300.h
      Include file:  ra/arm/CMSIS_6/CMSIS/Core/Include/core_cm35p.h
      Include file:  ra/arm/CMSIS_6/CMSIS/Core/Include/m-profile/cmsis_armclang_m.h
      Include file:  ra/arm/CMSIS_6/CMSIS/Core/Include/r-profile/cmsis_gcc_r.h
      Include file:  ra/arm/CMSIS_6/CMSIS/Core/Include/m-profile/cmsis_tiarmclang_m.h
      Include file:  ra/arm/CMSIS_6/CMSIS/Core/Include/tz_context.h
      Include file:  ra/arm/CMSIS_6/CMSIS/Core/Include/core_cm7.h
      Include file:  ra/arm/CMSIS_6/CMSIS/Core/Include/core_cm3.h
      Include file:  ra/arm/CMSIS_6/CMSIS/Core/Include/m-profile/armv7m_cachel1.h
      Include file:  ra/arm/CMSIS_6/CMSIS/Core/Include/m-profile/armv81m_pac.h
      Include file:  ra/arm/CMSIS_6/CMSIS/Core/Include/core_starmc1.h
      Include file:  ra/arm/CMSIS_6/CMSIS/Core/Include/r-profile/cmsis_armclang_r.h
      Include file:  ra/arm/CMSIS_6/CMSIS/Core/Include/m-profile/armv8m_mpu.h
      Include file:  ra/arm/CMSIS_6/CMSIS/Core/Include/m-profile/armv7m_mpu.h
      Include file:  ra/arm/CMSIS_6/CMSIS/Core/Include/m-profile/cmsis_gcc_m.h
      Include file:  ra/arm/CMSIS_6/CMSIS/Core/Include/m-profile/cmsis_clang_m.h
      Include file:  ra/fsp/inc/api/bsp_api.h
      Include file:  ra/fsp/inc/api/fsp_common_api.h
      Include file:  ra/fsp/inc/instances/r_sci_uart.h
      Source file:   ra/fsp/src/bsp/mcu/all/bsp_io.c
      Source file:   ra/fsp/src/bsp/mcu/all/bsp_ipc.c
      Include file:  ra/fsp/src/bsp/mcu/all/bsp_exceptions.h
      Include file:  ra/fsp/src/bsp/cmsis/Device/RENESAS/Include/R7FA6M5BH.h
      Source file:   ra/fsp/src/bsp/mcu/all/bsp_clocks.c
      Include file:  ra/fsp/src/bsp/mcu/all/bsp_group_irq.h
      Include file:  ra/fsp/src/bsp/cmsis/Device/RENESAS/Include/system.h
      Include file:  ra/fsp/src/bsp/mcu/all/bsp_compiler_support.h
      Source file:   ra/fsp/src/bsp/cmsis/Device/RENESAS/Source/startup.c
      Source file:   ra/fsp/src/bsp/cmsis/Device/RENESAS/Source/system.c
      Include file:  ra/fsp/inc/fsp_version.h
      Include file:  ra/fsp/src/bsp/mcu/all/bsp_clocks.h
      Source file:   ra/fsp/src/bsp/mcu/all/bsp_group_irq.c
      Source file:   ra/fsp/src/bsp/mcu/all/bsp_common.c
      Include file:  ra/fsp/src/bsp/mcu/all/bsp_common.h
      Source file:   ra/fsp/src/bsp/mcu/all/bsp_guard.c
      Include file:  ra/fsp/src/bsp/mcu/all/bsp_guard.h
      Include file:  ra/fsp/src/bsp/mcu/all/bsp_ipc.h
      Include file:  ra/fsp/src/bsp/mcu/all/bsp_delay.h
      Source file:   ra/fsp/src/bsp/mcu/all/bsp_irq.c
      Include file:  ra/fsp/inc/instances/r_sci_i2c.h
      Include file:  ra/fsp/src/bsp/mcu/all/bsp_io.h
      Include file:  ra/fsp/inc/api/r_ioport_api.h
      Include file:  ra/fsp/src/bsp/mcu/all/bsp_irq.h
      Include file:  ra/fsp/inc/fsp_features.h
      Source file:   ra/fsp/src/bsp/mcu/all/bsp_macl.c
      Include file:  ra/fsp/inc/api/r_uart_api.h
      Include file:  ra/fsp/src/bsp/cmsis/Device/RENESAS/Include/renesas.h
      Source file:   ra/fsp/src/bsp/mcu/all/bsp_delay.c
      Include file:  ra/fsp/inc/instances/r_ioport.h
      Include file:  ra/fsp/inc/api/r_transfer_api.h
      Include file:  ra/fsp/src/bsp/mcu/ra6m5/bsp_peripheral.h
      Include file:  ra/fsp/src/bsp/mcu/all/bsp_security.h
      Source file:   ra/fsp/src/bsp/mcu/all/bsp_sbrk.c
      Include file:  ra/fsp/src/bsp/mcu/ra6m5/bsp_elc.h
      Source file:   ra/fsp/src/bsp/mcu/ra6m5/bsp_linker.c
      Include file:  ra/fsp/src/bsp/mcu/all/bsp_macl.h
      Source file:   ra/fsp/src/bsp/mcu/all/bsp_security.c
      Include file:  ra/fsp/src/bsp/mcu/all/bsp_mmf.h
      Include file:  ra/fsp/src/bsp/mcu/all/bsp_register_protection.h
      Source file:   ra/fsp/src/r_sci_i2c/r_sci_i2c.c
      Include file:  ra/fsp/src/bsp/mcu/all/bsp_tfu.h
      Source file:   ra/fsp/src/bsp/mcu/all/bsp_register_protection.c
      Include file:  ra/fsp/src/bsp/mcu/all/bsp_sdram.h
      Include file:  ra/fsp/src/bsp/mcu/all/bsp_module_stop.h
      Source file:   ra/fsp/src/r_sci_uart/r_sci_uart.c
      Include file:  ra/fsp/src/bsp/mcu/all/bsp_mcu_api.h
      Include file:  ra/fsp/src/bsp/mcu/ra6m5/bsp_feature.h
      Include file:  ra/fsp/src/bsp/mcu/ra6m5/bsp_mcu_info.h
      Source file:   ra/fsp/src/r_ioport/r_ioport.c
      Source file:   ra/fsp/src/bsp/mcu/all/bsp_sdram.c

   * Component: Renesas::Flex Software:Generated Data
      Include file:  ra_gen/hal_data.h
      Include file:  ra_gen/bsp_clock_cfg.h
      Include file:  ra_gen/common_data.h
      Source file:   ra_gen/common_data.c
      Source file:   ra_gen/main.c
      Source file:   ra_gen/hal_data.c
      Source file:   ra_gen/pin_data.c
      Source file:   ra_gen/vector_data.c
      Include file:  ra_gen/vector_data.h

   * Component: Renesas::Flex Software:Linker Script

   * Component: Renesas::Flex Software:RA Configuration@1.0.0
Build Time Elapsed:  00:02:52
</pre>
</body>
</html>
