     VMA      LMA     Size Align Out     In      Symbol
       0        0        0     1 RAM_START = 0x20000000
       0        0        0     1 RAM_LENGTH = 0x0000a000
       0        0        0     1 FLASH_START = 0x00000000
       0        0        0     1 FLASH_LENGTH = 0x00040000
       0        0        0     1 DATA_FLASH_START = 0x08000000
       0        0        0     1 DATA_FLASH_LENGTH = 0x00001000
       0        0        0     1 QSPI_FLASH_START = 0x60000000
       0        0        0     1 QSPI_FLASH_LENGTH = 0x04000000
       0        0        0     1 OPTION_SETTING_OFS0_START = 0x0100a100
       0        0        0     1 OPTION_SETTING_OFS0_LENGTH = 0x00000004
       0        0        0     1 OPTION_SETTING_OSIS_START = 0x0100a120
       0        0        0     1 OPTION_SETTING_OSIS_LENGTH = 0x00000010
       0        0        0     1 OPTION_SETTING_OFS1_SEC_START = 0x0100a200
       0        0        0     1 OPTION_SETTING_OFS1_SEC_LENGTH = 0x00000004
       0        0        0     1 OPTION_SETTING_BPS_SEC_START = 0x0100a240
       0        0        0     1 OPTION_SETTING_BPS_SEC_LENGTH = 0x00000004
       0        0        0     1 OPTION_SETTING_PBPS_SEC_START = 0x0100a260
       0        0        0     1 OPTION_SETTING_PBPS_SEC_LENGTH = 0x00000004
60000000 60000000        0     1 .qspi_flash.startof
60000000 60000000        0     1         __ddsc_QSPI_FLASH_START = .
20000000 20000000        0     1 .ram.startof
20000000 20000000        0     1         __ddsc_RAM_START = .
20000000 20000000        0     1 __ram_dtc_vector$$
20000000 20000000        0     1         __ram_dtc_vector$$Base = .
20000000 20000000        0     1         __ram_dtc_vector$$Limit = .
20000000 20000000        0     1 __ram_from_qspi_flash$$
20000000 20000000        0     1         __ram_from_qspi_flash$$Base = .
20000000 20000000        0     1         __ram_from_qspi_flash$$Load = LOADADDR ( __ram_from_qspi_flash$$ )
20000000 20000000        0     1         __ram_from_qspi_flash$$Limit = .
60000000 60000000        0     1 __qspi_flash_readonly$$
60000000 60000000        0     1         __qspi_flash_readonly$$Base = .
60000000 60000000        0     1         __qspi_flash_readonly$$Limit = .
60000000 60000000        0     1 __qspi_flash_noinit$$
60000000 60000000        0     1         __qspi_flash_noinit$$Base = .
60000000 60000000        0     1         __qspi_flash_noinit$$Limit = .
60000000 60000000        0     1 .qspi_flash.endof
60000000 60000000        0     1         __ddsc_QSPI_FLASH_END = .
 8000000  8000000        0     1 .data_flash.startof
 8000000  8000000        0     1         __ddsc_DATA_FLASH_START = .
20000000 20000000        0     1 __ram_from_data_flash$$
20000000 20000000        0     1         __ram_from_data_flash$$Base = .
20000000 20000000        0     1         __ram_from_data_flash$$Load = LOADADDR ( __ram_from_data_flash$$ )
20000000 20000000        0     1         __ram_from_data_flash$$Limit = .
 8000000  8000000        0     1 __data_flash_readonly$$
 8000000  8000000        0     1         __data_flash_readonly$$Base = .
 8000000  8000000        0     1         __data_flash_readonly$$Limit = .
 8000000  8000000        0     1 __data_flash_noinit$$
 8000000  8000000        0     1         __data_flash_noinit$$Base = .
 8000000  8000000        0     1         __data_flash_noinit$$Limit = .
 8000000  8000000        0     1 .data_flash.endof
 8000000  8000000        0     1         __ddsc_DATA_FLASH_END = .
       0        0        0     1 .flash.startof
       0        0        0     1         __ddsc_FLASH_START = .
       0        0       44     4 __flash_vectors$$
       0        0        0     1         __flash_vectors$$Base = .
       0        0        0     1         _VECTORS = .
       0        0       40     4         ./ra/fsp/src/bsp/cmsis/Device/RENESAS/Source/startup.o:(.fixed_vectors)
       0        0       40     1                 __Vectors
      40       40        4     4         ./ra_gen/vector_data.o:(.application_vectors)
      40       40        4     1                 g_vector_table
      44       44        0     1         __flash_vectors$$Limit = .
      44       44        0     1 __flash_noinit$$
      44       44        0     1         __flash_noinit$$Base = .
      44       44        0     1         __flash_noinit$$Limit = .
20000000 20000000        0     1 __ram_from_flash$$
20000000 20000000        0     1         __ram_from_flash$$Base = .
20000000 20000000        0     1         __ram_from_flash$$Load = LOADADDR ( __ram_from_flash$$ )
20000000 20000000        0     1         __ram_from_flash$$Limit = .
20000000 20000000        0     1 __ram_noinit_nocache$$
20000000 20000000        0     1         __ram_noinit_nocache$$Base = .
20000000 20000000        0     1         __ram_noinit_nocache$$Limit = .
20000000 20000000        0     1 __ram_zero_nocache$$
20000000 20000000        0     1         __ram_zero_nocache$$Base = .
20000000 20000000        0     1         . = ALIGN ( 32 )
20000000 20000000        0     1         __ram_zero_nocache$$Limit = .
20000000 20000000      418     8 __ram_noinit$$
20000000 20000000        0     1         __ram_noinit$$Base = .
20000000 20000000      400     8         ./ra/fsp/src/bsp/cmsis/Device/RENESAS/Source/startup.o:(.bss.g_main_stack)
20000000 20000000      400     1                 g_main_stack
20000400 20000400       18     4         ./ra/fsp/src/bsp/mcu/all/bsp_clocks.o:(.ram_noinit)
20000400 20000400       18     1                 g_clock_freq
20000418 20000418        0     1         __ram_noinit$$Limit = .
20000420 20000420       a4    16 __ram_zero$$
20000420 20000420        0     1         __ram_zero$$Base = .
20000420 20000420        6     2         ./src/hal_entry.o:(.bss.g_ps_data)
20000420 20000420        6     1                 g_ps_data
20000426 20000426        2     2         ./src/hal_entry.o:(.bss.HE_data)
20000426 20000426        2     1                 HE_data
20000428 20000428        8     4         ./ra_gen/common_data.o:(.bss.g_ioport_ctrl)
20000428 20000428        8     1                 g_ioport_ctrl
20000430 20000430       24     4         ./ra_gen/hal_data.o:(.bss.g_ps_adc_ctrl)
20000430 20000430       24     1                 g_ps_adc_ctrl
20000454 20000454       40     4         ./ra/fsp/src/bsp/mcu/all/bsp_group_irq.o:(.bss.g_bsp_group_irq_sources)
20000454 20000454       40     1                 g_bsp_group_irq_sources
20000494 20000494        4     4         ./ra/fsp/src/bsp/mcu/all/bsp_io.o:(.bss.g_protect_pfswe_counter)
20000494 20000494        4     1                 g_protect_pfswe_counter
20000498 20000498        4     4         ./ra/fsp/src/bsp/mcu/all/bsp_irq.o:(.bss.gp_renesas_isr_context)
20000498 20000498        4     1                 gp_renesas_isr_context
2000049c 2000049c        a     2         ./ra/fsp/src/bsp/mcu/all/bsp_register_protection.o:(.bss.g_protect_counters)
2000049c 2000049c        a     1                 g_protect_counters
200004a8 200004a8        4     4         ./ra/fsp/src/bsp/cmsis/Device/RENESAS/Source/system.o:(.bss.SystemCoreClock)
200004a8 200004a8        4     1                 SystemCoreClock
200004ac 200004ac        6     2         ./device/src/dev_press_sen_driver.o:(.bss.g_ps_data_raw_temp)
200004ac 200004ac        6     1                 g_ps_data_raw_temp
200004c0 200004c0        4    16         E:\Renesas\RA\e2studio_v2025-07_fsp_v6.1.0\toolchains\llvm_arm\LLVM-ET-Arm-18.1.3-Windows-x86_64\bin\..\lib\clang-runtimes/arm-none-eabi/armv8m.main_hard_fp_exn_rtti\lib\libc.a(libc_picolib_machine_arm_read_tp.S.o):(.bss)
200004c0 200004c0        4     1                 __tls
200004c4 200004c4        0     1         __ram_zero$$Limit = .
200004c4 200004c4        0     1 __ram_tdata$$
200004c4 200004c4        0     1         __ram_tdata$$Base = .
200004c4 200004c4        0     1         __ram_tdata$$Load = LOADADDR ( __ram_tdata$$ )
200004c4 200004c4        0     1         __ram_tdata$$Limit = .
200004c4 200004c4        0     1 __ram_tbss$$
200004c4 200004c4        0     1         __ram_tbss$$Base = .
200004c4 200004c4        0     1         __ram_tbss$$Limit = .
200004c8 200004c8        0     1 __ram_thread_stack$$
200004c8 200004c8        0     1         __ram_thread_stack$$Base = .
200004c8 200004c8        0     1         __ram_thread_stack$$Limit = .
20002000 20002000        0     1 .ram.endof
20002000 20002000        0     1         __ddsc_RAM_END = .
20002000 20002000        0     1 .ram.flat_nsc
20002000 20002000        0     1         __ddsc_RAM_NSC = .
      44       44      e26     4 __flash_readonly$$
      44       44        0     1         __flash_readonly$$Base = .
      44       44       2a     4         ./src/hal_entry.o:(.text.hal_entry)
      44       44        0     1                 $t.0
      45       45       2a     1                 hal_entry
      70       70       1a     4         ./src/hal_warmstart.o:(.text.R_BSP_WarmStart)
      70       70        0     1                 $t.0
      71       71       1a     1                 R_BSP_WarmStart
      8c       8c        c     4         ./ra_gen/main.o:(.text.main)
      8c       8c        0     1                 $t.0
      8d       8d        c     1                 main
      98       98       18     4         ./ra/fsp/src/r_ioport/r_ioport.o:(.text.R_IOPORT_Open)
      98       98        0     1                 $t.0
      99       99       18     1                 R_IOPORT_Open
      b0       b0      144     4         ./ra/fsp/src/r_ioport/r_ioport.o:(.text.r_ioport_pins_config)
      b0       b0        0     1                 $t.13
      b1       b1      144     1                 r_ioport_pins_config
     1f4      1f4      244     4         ./ra/fsp/src/r_adc/r_adc.o:(.text.R_ADC_Open)
     1f4      1f4        0     1                 $t.0
     1f5      1f5      244     1                 R_ADC_Open
     438      438      1e0     4         ./ra/fsp/src/r_adc/r_adc.o:(.text.R_ADC_ScanCfg)
     438      438        0     1                 $t.1
     439      439      1e0     1                 R_ADC_ScanCfg
     618      618        a     4         ./ra/fsp/src/r_adc/r_adc.o:(.text.R_ADC_ScanStart)
     618      618        0     1                 $t.2
     619      619        a     1                 R_ADC_ScanStart
     624      624        e     4         ./ra/fsp/src/r_adc/r_adc.o:(.text.R_ADC_Read)
     624      624        0     1                 $t.6
     625      625        e     1                 R_ADC_Read
     634      634       a0     4         ./ra/fsp/src/r_adc/r_adc.o:(.text.adc_scan_end_isr)
     634      634        0     1                 $t.14
     635      635       a0     1                 adc_scan_end_isr
     6d4      6d4       2c     4         ./ra/fsp/src/bsp/mcu/all/bsp_clocks.o:(.text.SystemCoreClockUpdate)
     6d4      6d4        0     1                 $t.2
     6d5      6d5       2c     1                 SystemCoreClockUpdate
     700      700      12c     4         ./ra/fsp/src/bsp/mcu/all/bsp_clocks.o:(.text.bsp_clock_init)
     700      700        0     1                 $t.5
     701      701      12c     1                 bsp_clock_init
     82c      82c        2     4         ./ra/fsp/src/bsp/mcu/all/bsp_clocks.o:(.text.R_BSP_SubClockStabilizeWaitAfterReset)
     82c      82c        0     1                 $t.7
     82d      82d        2     1                 R_BSP_SubClockStabilizeWaitAfterReset
     830      830       6c     4         ./ra/fsp/src/bsp/mcu/all/bsp_clocks.o:(.text.R_BSP_Init_RTC)
     830      830        0     1                 $t.10
     831      831       6c     1                 R_BSP_Init_RTC
     89c      89c        2     4         ./ra/fsp/src/bsp/mcu/all/bsp_common.o:(.text.bsp_init_internal)
     89c      89c        0     1                 $t.0
     89d      89d        2     1                 bsp_init_internal
     89d      89d        2     1                 bsp_init
     8a0      8a0       82     4         ./ra/fsp/src/bsp/mcu/all/bsp_delay.o:(.text.R_BSP_SoftwareDelay)
     8a0      8a0        0     1                 $t.0
     8a1      8a1       82     1                 R_BSP_SoftwareDelay
     924      924        8     4         ./ra/fsp/src/bsp/mcu/all/bsp_delay.o:(.text.bsp_prv_software_delay_loop)
     924      924        0     1                 sw_delay_loop
     924      924        0     1                 $t.1
     925      925        8     1                 bsp_prv_software_delay_loop
     92c      92c       52     4         ./ra/fsp/src/bsp/mcu/all/bsp_group_irq.o:(.text.NMI_Handler)
     92c      92c        0     1                 $t.1
     92d      92d       52     1                 NMI_Handler
     980      980       78     4         ./ra/fsp/src/bsp/mcu/all/bsp_irq.o:(.text.bsp_irq_cfg)
     980      980        0     1                 $t.0
     981      981       78     1                 bsp_irq_cfg
     9f8      9f8       58     4         ./ra/fsp/src/bsp/mcu/all/bsp_register_protection.o:(.text.R_BSP_RegisterProtectEnable)
     9f8      9f8        0     1                 $t.0
     9f9      9f9       58     1                 R_BSP_RegisterProtectEnable
     a50      a50       50     4         ./ra/fsp/src/bsp/mcu/all/bsp_register_protection.o:(.text.R_BSP_RegisterProtectDisable)
     a50      a50        0     1                 $t.1
     a51      a51       50     1                 R_BSP_RegisterProtectDisable
     aa0      aa0        e     4         ./ra/fsp/src/bsp/cmsis/Device/RENESAS/Source/startup.o:(.text.Reset_Handler)
     aa0      aa0        0     1                 $t.0
     aa1      aa1        e     1                 Reset_Handler
     ab0      ab0        4     4         ./ra/fsp/src/bsp/cmsis/Device/RENESAS/Source/startup.o:(.text.Default_Handler)
     ab0      ab0        0     1                 $t.1
     ab1      ab1        4     1                 Default_Handler
     ab1      ab1        4     1                 HardFault_Handler
     ab1      ab1        4     1                 MemManage_Handler
     ab1      ab1        4     1                 BusFault_Handler
     ab1      ab1        4     1                 UsageFault_Handler
     ab1      ab1        4     1                 SecureFault_Handler
     ab1      ab1        4     1                 SVC_Handler
     ab1      ab1        4     1                 DebugMon_Handler
     ab1      ab1        4     1                 PendSV_Handler
     ab1      ab1        4     1                 SysTick_Handler
     ab4      ab4      19c     4         ./ra/fsp/src/bsp/cmsis/Device/RENESAS/Source/system.o:(.text.SystemInit)
     ab4      ab4        0     1                 $t.0
     ab5      ab5      19c     1                 SystemInit
     c50      c50       2c     4         ./device/src/dev_press_sen_driver.o:(.text.PS_Init)
     c50      c50        0     1                 $t.0
     c51      c51       2c     1                 PS_Init
     c7c      c7c        c     4         ./device/src/dev_press_sen_driver.o:(.text.PS_ScanStart)
     c7c      c7c        0     1                 $t.1
     c7d      c7d        c     1                 PS_ScanStart
     c88      c88       16     4         ./device/src/dev_press_sen_driver.o:(.text.PS_ScanCpltCallback)
     c88      c88        0     1                 $t.3
     c89      c89       16     1                 PS_ScanCpltCallback
     ca0      ca0       14     4         ./device/src/dev_press_sen_driver.o:(.text.PS_DataRawGet)
     ca0      ca0        0     1                 $t.4
     ca1      ca1       14     1                 PS_DataRawGet
     cb4      cb4       2c     4         E:\Renesas\RA\e2studio_v2025-07_fsp_v6.1.0\toolchains\llvm_arm\LLVM-ET-Arm-18.1.3-Windows-x86_64\bin\..\lib\clang-runtimes/arm-none-eabi/armv8m.main_hard_fp_exn_rtti\lib\libc.a(libc_picolib_inittls.c.o):(.text._init_tls)
     cb4      cb4        0     1                 $t.0
     cb5      cb5       2c     1                 _init_tls
     cd0      cd0        0     1                 $d.1
     ce0      ce0       14     4         E:\Renesas\RA\e2studio_v2025-07_fsp_v6.1.0\toolchains\llvm_arm\LLVM-ET-Arm-18.1.3-Windows-x86_64\bin\..\lib\clang-runtimes/arm-none-eabi/armv8m.main_hard_fp_exn_rtti\lib\libc.a(libc_picolib_machine_arm_tls.c.o):(.text._set_tls)
     ce0      ce0        0     1                 $t.0
     ce1      ce1       14     1                 _set_tls
     cec      cec        0     1                 $d.1
     cf4      cf4        8     2         E:\Renesas\RA\e2studio_v2025-07_fsp_v6.1.0\toolchains\llvm_arm\LLVM-ET-Arm-18.1.3-Windows-x86_64\bin\..\lib\clang-runtimes/arm-none-eabi/armv8m.main_hard_fp_exn_rtti\lib\libc.a(bzero.c.o):(.text.bzero)
     cf4      cf4        0     1                 $t.0
     cf5      cf5        8     1                 bzero
     cf5      cf5        8     1                 __aeabi_memclr4
     cf5      cf5        8     1                 __aeabi_memclr8
     cf5      cf5        8     1                 __aeabi_memclr
     cfc      cfc       14     2         E:\Renesas\RA\e2studio_v2025-07_fsp_v6.1.0\toolchains\llvm_arm\LLVM-ET-Arm-18.1.3-Windows-x86_64\bin\..\lib\clang-runtimes/arm-none-eabi/armv8m.main_hard_fp_exn_rtti\lib\libc.a(memcpy.c.o):(.text.memcpy)
     cfc      cfc        0     1                 $t.0
     cfd      cfd       14     1                 memcpy
     cfd      cfd       14     1                 __aeabi_memcpy4
     cfd      cfd       14     1                 __aeabi_memcpy8
     cfd      cfd       14     1                 __aeabi_memcpy
     d10      d10        e     2         E:\Renesas\RA\e2studio_v2025-07_fsp_v6.1.0\toolchains\llvm_arm\LLVM-ET-Arm-18.1.3-Windows-x86_64\bin\..\lib\clang-runtimes/arm-none-eabi/armv8m.main_hard_fp_exn_rtti\lib\libc.a(memset.c.o):(.text.memset)
     d10      d10        0     1                 $t.0
     d11      d11        e     1                 memset
     d1e      d1e        b     1         ./ra_gen/hal_data.o:(.rodata.g_ps_adc_cfg_extend)
     d1e      d1e        b     1                 g_ps_adc_cfg_extend
     d2c      d2c       18     4         ./ra_gen/hal_data.o:(.rodata.g_ps_adc_cfg)
     d2c      d2c       18     1                 g_ps_adc_cfg
     d44      d44       14     4         ./ra_gen/hal_data.o:(.rodata.g_ps_adc_channel_cfg)
     d44      d44       14     1                 g_ps_adc_channel_cfg
     d58      d58       20     4         ./ra_gen/pin_data.o:(.rodata.g_bsp_pin_cfg_data)
     d58      d58       20     1                 g_bsp_pin_cfg_data
     d78      d78        c     4         ./ra_gen/pin_data.o:(.rodata.g_bsp_pin_cfg)
     d78      d78        c     1                 g_bsp_pin_cfg
     d84      d84        2     2         ./ra_gen/vector_data.o:(.rodata.g_interrupt_event_link_select)
     d84      d84        2     1                 g_interrupt_event_link_select
     d86      d86        6     2         ./ra/fsp/src/r_ioport/r_ioport.o:(.rodata.g_vbatt_pins_input)
     d86      d86        6     1                 g_vbatt_pins_input
     d8c      d8c        8     4         ./ra/fsp/src/bsp/mcu/ra6e2/bsp_linker.o:(.rodata.nocache_list)
     d8c      d8c        8     1                 nocache_list
     d94      d94       18     4         ./ra/fsp/src/bsp/mcu/ra6e2/bsp_linker.o:(.rodata.g_init_info)
     d94      d94       18     1                 g_init_info
     dac      dac       24     4         ./ra/fsp/src/bsp/mcu/ra6e2/bsp_linker.o:(.rodata.zero_list)
     dac      dac       24     1                 zero_list
     dd0      dd0       40     4         ./ra/fsp/src/bsp/mcu/ra6e2/bsp_linker.o:(.rodata.copy_list)
     dd0      dd0       40     1                 copy_list
     e10      e10        a     2         ./ra/fsp/src/bsp/mcu/all/bsp_register_protection.o:(.rodata.g_prcr_masks)
     e10      e10        a     1                 g_prcr_masks
     e1c      e1c       4e     4         ./ra/fsp/src/bsp/mcu/all/bsp_common.o:(.version)
     e1c      e1c        4     1                 g_fsp_version
     e20      e20        6     1                 g_fsp_version_string
     e26      e26       44     1                 g_fsp_version_build_string
     e6a      e6a        0     1         __flash_readonly$$Limit = .
     e6a      e6a        0     1 __flash_preinit_array$$
     e6a      e6a        0     1         __preinit_array_start = .
     e6a      e6a        0     1         __preinit_array_end = .
     e6a      e6a        0     1 __flash_init_array$$
     e6a      e6a        0     1         __init_array_start = .
     e6a      e6a        0     1         __init_array_end = .
     e6a      e6a        0     1 __flash_fini_array$$
     e6a      e6a        0     1         __fini_array_start = .
     e6a      e6a        0     1         __fini_array_end = .
     e6a      e6a        0     1 __flash_arm.exidx$$
     e6a      e6a        0     1         __exidx_start = .
     e6a      e6a        0     1         __exidx_end = .
    8000     8000        0     1 .flash.endof
    8000     8000        0     1         __ddsc_FLASH_END = .
    8000     8000        0     1 .flash.flat_nsc
    8000     8000        0     1         __ddsc_FLASH_NSC = .
 100a100  100a100        0     1 .option_setting_ofs0.startof
 100a100  100a100        0     1         __ddsc_OPTION_SETTING_OFS0_START = .
 100a100  100a100        4     4 __option_setting_ofs0_reg$$
 100a100  100a100        0     1         __option_setting_ofs0_reg$$Base = .
 100a100  100a100        4     4         ./ra/fsp/src/bsp/mcu/ra6e2/bsp_linker.o:(.option_setting_ofs0)
 100a100  100a100        4     1                 g_bsp_cfg_option_setting_ofs0
 100a104  100a104        0     1         __option_setting_ofs0_reg$$Limit = .
 100a104  100a104        0     1 .option_setting_ofs0.endof
 100a104  100a104        0     1         __ddsc_OPTION_SETTING_OFS0_END = .
 100a120  100a120        0     1 .option_setting_osis.startof
 100a120  100a120        0     1         __ddsc_OPTION_SETTING_OSIS_START = .
 100a120  100a120        0     1 __option_setting_osis_reg$$
 100a120  100a120        0     1         __option_setting_osis_reg$$Base = .
 100a120  100a120        0     1         __option_setting_osis_reg$$Limit = .
 100a120  100a120        0     1 .option_setting_osis.endof
 100a120  100a120        0     1         __ddsc_OPTION_SETTING_OSIS_END = .
 100a200  100a200        0     1 .option_setting_ofs1_sec.startof
 100a200  100a200        0     1         __ddsc_OPTION_SETTING_OFS1_SEC_START = .
 100a200  100a200        4     4 __option_setting_ofs1_sec_reg$$
 100a200  100a200        0     1         __option_setting_ofs1_sec_reg$$Base = .
 100a200  100a200        4     4         ./ra/fsp/src/bsp/mcu/ra6e2/bsp_linker.o:(.option_setting_ofs1_sec)
 100a200  100a200        4     1                 g_bsp_cfg_option_setting_ofs1_sec
 100a204  100a204        0     1         __option_setting_ofs1_sec_reg$$Limit = .
 100a204  100a204        0     1 .option_setting_ofs1_sec.endof
 100a204  100a204        0     1         __ddsc_OPTION_SETTING_OFS1_SEC_END = .
 100a240  100a240        0     1 .option_setting_bps_sec.startof
 100a240  100a240        0     1         __ddsc_OPTION_SETTING_BPS_SEC_START = .
 100a240  100a240        0     1 __option_setting_bps_sec_reg$$
 100a240  100a240        0     1         __option_setting_bps_sec_reg$$Base = .
 100a240  100a240        0     1         __option_setting_bps_sec_reg$$Limit = .
 100a240  100a240        0     1 .option_setting_bps_sec.endof
 100a240  100a240        0     1         __ddsc_OPTION_SETTING_BPS_SEC_END = .
 100a260  100a260        0     1 .option_setting_pbps_sec.startof
 100a260  100a260        0     1         __ddsc_OPTION_SETTING_PBPS_SEC_START = .
 100a260  100a260        0     1 __option_setting_pbps_sec_reg$$
 100a260  100a260        0     1         __option_setting_pbps_sec_reg$$Base = .
 100a260  100a260        0     1         __option_setting_pbps_sec_reg$$Limit = .
 100a260  100a260        0     1 .option_setting_pbps_sec.endof
 100a260  100a260        0     1         __ddsc_OPTION_SETTING_PBPS_SEC_END = .
 100a260  100a260        0     1 PROVIDE ( __tls_base = ADDR ( __ram_tdata$$ ) )
 100a260  100a260        0     1 PROVIDE ( __tdata_source = LOADADDR ( __ram_tdata$$ ) )
 100a260  100a260        0     1 PROVIDE ( __tdata_size = SIZEOF ( __ram_tdata$$ ) )
 100a260  100a260        0     1 PROVIDE ( __tbss_offset = ADDR ( __ram_tbss$$ ) - ADDR ( __ram_tdata$$ ) )
 100a260  100a260        0     1 PROVIDE ( __tbss_size = SIZEOF ( __ram_tbss$$ ) )
 100a260  100a260        0     1 PROVIDE ( __arm32_tls_tcb_offset = 8 )
       0        0     2073     1 .debug_abbrev
       0        0       a3     1         ./src/hal_entry.o:(.debug_abbrev)
      a3       a3      106     1         ./src/hal_warmstart.o:(.debug_abbrev)
     1a9      1a9      10d     1         ./ra_gen/common_data.o:(.debug_abbrev)
     2b6      2b6      22b     1         ./ra_gen/hal_data.o:(.debug_abbrev)
     4e1      4e1       3c     1         ./ra_gen/main.o:(.debug_abbrev)
     51d      51d       e6     1         ./ra_gen/pin_data.o:(.debug_abbrev)
     603      603       92     1         ./ra_gen/vector_data.o:(.debug_abbrev)
     695      695      30d     1         ./ra/fsp/src/r_ioport/r_ioport.o:(.debug_abbrev)
     9a2      9a2      3d5     1         ./ra/fsp/src/r_adc/r_adc.o:(.debug_abbrev)
     d77      d77       a2     1         ./ra/fsp/src/bsp/mcu/ra6e2/bsp_linker.o:(.debug_abbrev)
     e19      e19      2de     1         ./ra/fsp/src/bsp/mcu/all/bsp_clocks.o:(.debug_abbrev)
    10f7     10f7      149     1         ./ra/fsp/src/bsp/mcu/all/bsp_common.o:(.debug_abbrev)
    1240     1240       ad     1         ./ra/fsp/src/bsp/mcu/all/bsp_delay.o:(.debug_abbrev)
    12ed     12ed      1ff     1         ./ra/fsp/src/bsp/mcu/all/bsp_group_irq.o:(.debug_abbrev)
    14ec     14ec       44     1         ./ra/fsp/src/bsp/mcu/all/bsp_io.o:(.debug_abbrev)
    1530     1530      1c8     1         ./ra/fsp/src/bsp/mcu/all/bsp_irq.o:(.debug_abbrev)
    16f8     16f8      221     1         ./ra/fsp/src/bsp/mcu/all/bsp_register_protection.o:(.debug_abbrev)
    1919     1919       67     1         ./ra/fsp/src/bsp/mcu/all/bsp_sbrk.o:(.debug_abbrev)
    1980     1980       a7     1         ./ra/fsp/src/bsp/cmsis/Device/RENESAS/Source/startup.o:(.debug_abbrev)
    1a27     1a27      1fe     1         ./ra/fsp/src/bsp/cmsis/Device/RENESAS/Source/system.o:(.debug_abbrev)
    1c25     1c25      170     1         ./device/src/dev_press_sen_driver.o:(.debug_abbrev)
    1d95     1d95       2e     1         E:\Renesas\RA\e2studio_v2025-07_fsp_v6.1.0\toolchains\llvm_arm\LLVM-ET-Arm-18.1.3-Windows-x86_64\bin\..\lib\clang-runtimes/arm-none-eabi/armv8m.main_hard_fp_exn_rtti\lib\libc.a(libc_errno_errno.c.o):(.debug_abbrev)
    1dc3     1dc3       74     1         E:\Renesas\RA\e2studio_v2025-07_fsp_v6.1.0\toolchains\llvm_arm\LLVM-ET-Arm-18.1.3-Windows-x86_64\bin\..\lib\clang-runtimes/arm-none-eabi/armv8m.main_hard_fp_exn_rtti\lib\libc.a(libc_picolib_inittls.c.o):(.debug_abbrev)
    1e37     1e37       62     1         E:\Renesas\RA\e2studio_v2025-07_fsp_v6.1.0\toolchains\llvm_arm\LLVM-ET-Arm-18.1.3-Windows-x86_64\bin\..\lib\clang-runtimes/arm-none-eabi/armv8m.main_hard_fp_exn_rtti\lib\libc.a(libc_picolib_machine_arm_tls.c.o):(.debug_abbrev)
    1e99     1e99       21     1         E:\Renesas\RA\e2studio_v2025-07_fsp_v6.1.0\toolchains\llvm_arm\LLVM-ET-Arm-18.1.3-Windows-x86_64\bin\..\lib\clang-runtimes/arm-none-eabi/armv8m.main_hard_fp_exn_rtti\lib\libc.a(libc_picolib_machine_arm_read_tp.S.o):(.debug_abbrev)
    1eba     1eba       94     1         E:\Renesas\RA\e2studio_v2025-07_fsp_v6.1.0\toolchains\llvm_arm\LLVM-ET-Arm-18.1.3-Windows-x86_64\bin\..\lib\clang-runtimes/arm-none-eabi/armv8m.main_hard_fp_exn_rtti\lib\libc.a(bzero.c.o):(.debug_abbrev)
    1f4e     1f4e       a0     1         E:\Renesas\RA\e2studio_v2025-07_fsp_v6.1.0\toolchains\llvm_arm\LLVM-ET-Arm-18.1.3-Windows-x86_64\bin\..\lib\clang-runtimes/arm-none-eabi/armv8m.main_hard_fp_exn_rtti\lib\libc.a(memcpy.c.o):(.debug_abbrev)
    1fee     1fee       85     1         E:\Renesas\RA\e2studio_v2025-07_fsp_v6.1.0\toolchains\llvm_arm\LLVM-ET-Arm-18.1.3-Windows-x86_64\bin\..\lib\clang-runtimes/arm-none-eabi/armv8m.main_hard_fp_exn_rtti\lib\libc.a(memset.c.o):(.debug_abbrev)
       0        0    1bbad     1 .debug_info
       0        0       8f     1         ./src/hal_entry.o:(.debug_info)
      8f       8f      9e9     1         ./src/hal_warmstart.o:(.debug_info)
     a78      a78      be2     1         ./ra_gen/common_data.o:(.debug_info)
    165a     165a     3158     1         ./ra_gen/hal_data.o:(.debug_info)
    47b2     47b2       37     1         ./ra_gen/main.o:(.debug_info)
    47e9     47e9      49b     1         ./ra_gen/pin_data.o:(.debug_info)
    4c84     4c84      34d     1         ./ra_gen/vector_data.o:(.debug_info)
    4fd1     4fd1     3024     1         ./ra/fsp/src/r_ioport/r_ioport.o:(.debug_info)
    7ff5     7ff5     8262     1         ./ra/fsp/src/r_adc/r_adc.o:(.debug_info)
   10257    10257      1df     1         ./ra/fsp/src/bsp/mcu/ra6e2/bsp_linker.o:(.debug_info)
   10436    10436     470b     1         ./ra/fsp/src/bsp/mcu/all/bsp_clocks.o:(.debug_info)
   14b41    14b41      58a     1         ./ra/fsp/src/bsp/mcu/all/bsp_common.o:(.debug_info)
   150cb    150cb      104     1         ./ra/fsp/src/bsp/mcu/all/bsp_delay.o:(.debug_info)
   151cf    151cf      da8     1         ./ra/fsp/src/bsp/mcu/all/bsp_group_irq.o:(.debug_info)
   15f77    15f77       43     1         ./ra/fsp/src/bsp/mcu/all/bsp_io.o:(.debug_info)
   15fba    15fba     15a9     1         ./ra/fsp/src/bsp/mcu/all/bsp_irq.o:(.debug_info)
   17563    17563     2ec3     1         ./ra/fsp/src/bsp/mcu/all/bsp_register_protection.o:(.debug_info)
   1a426    1a426       5f     1         ./ra/fsp/src/bsp/mcu/all/bsp_sbrk.o:(.debug_info)
   1a485    1a485       b1     1         ./ra/fsp/src/bsp/cmsis/Device/RENESAS/Source/startup.o:(.debug_info)
   1a536    1a536      b0f     1         ./ra/fsp/src/bsp/cmsis/Device/RENESAS/Source/system.o:(.debug_info)
   1b045    1b045      7c8     1         ./device/src/dev_press_sen_driver.o:(.debug_info)
   1b80d    1b80d       2e     1         E:\Renesas\RA\e2studio_v2025-07_fsp_v6.1.0\toolchains\llvm_arm\LLVM-ET-Arm-18.1.3-Windows-x86_64\bin\..\lib\clang-runtimes/arm-none-eabi/armv8m.main_hard_fp_exn_rtti\lib\libc.a(libc_errno_errno.c.o):(.debug_info)
   1b83b    1b83b       64     1         E:\Renesas\RA\e2studio_v2025-07_fsp_v6.1.0\toolchains\llvm_arm\LLVM-ET-Arm-18.1.3-Windows-x86_64\bin\..\lib\clang-runtimes/arm-none-eabi/armv8m.main_hard_fp_exn_rtti\lib\libc.a(libc_picolib_inittls.c.o):(.debug_info)
   1b89f    1b89f       60     1         E:\Renesas\RA\e2studio_v2025-07_fsp_v6.1.0\toolchains\llvm_arm\LLVM-ET-Arm-18.1.3-Windows-x86_64\bin\..\lib\clang-runtimes/arm-none-eabi/armv8m.main_hard_fp_exn_rtti\lib\libc.a(libc_picolib_machine_arm_tls.c.o):(.debug_info)
   1b8ff    1b8ff      129     1         E:\Renesas\RA\e2studio_v2025-07_fsp_v6.1.0\toolchains\llvm_arm\LLVM-ET-Arm-18.1.3-Windows-x86_64\bin\..\lib\clang-runtimes/arm-none-eabi/armv8m.main_hard_fp_exn_rtti\lib\libc.a(libc_picolib_machine_arm_read_tp.S.o):(.debug_info)
   1ba28    1ba28       76     1         E:\Renesas\RA\e2studio_v2025-07_fsp_v6.1.0\toolchains\llvm_arm\LLVM-ET-Arm-18.1.3-Windows-x86_64\bin\..\lib\clang-runtimes/arm-none-eabi/armv8m.main_hard_fp_exn_rtti\lib\libc.a(bzero.c.o):(.debug_info)
   1ba9e    1ba9e       97     1         E:\Renesas\RA\e2studio_v2025-07_fsp_v6.1.0\toolchains\llvm_arm\LLVM-ET-Arm-18.1.3-Windows-x86_64\bin\..\lib\clang-runtimes/arm-none-eabi/armv8m.main_hard_fp_exn_rtti\lib\libc.a(memcpy.c.o):(.debug_info)
   1bb35    1bb35       78     1         E:\Renesas\RA\e2studio_v2025-07_fsp_v6.1.0\toolchains\llvm_arm\LLVM-ET-Arm-18.1.3-Windows-x86_64\bin\..\lib\clang-runtimes/arm-none-eabi/armv8m.main_hard_fp_exn_rtti\lib\libc.a(memset.c.o):(.debug_info)
       0        0     9b84     1 .debug_str_offsets
       0        0       40     1         ./src/hal_entry.o:(.debug_str_offsets)
      40       40      814     1         ./src/hal_warmstart.o:(.debug_str_offsets)
     854      854      8b4     1         ./ra_gen/common_data.o:(.debug_str_offsets)
    1108     1108     13ac     1         ./ra_gen/hal_data.o:(.debug_str_offsets)
    24b4     24b4       1c     1         ./ra_gen/main.o:(.debug_str_offsets)
    24d0     24d0      428     1         ./ra_gen/pin_data.o:(.debug_str_offsets)
    28f8     28f8      330     1         ./ra_gen/vector_data.o:(.debug_str_offsets)
    2c28     2c28      fe4     1         ./ra/fsp/src/r_ioport/r_ioport.o:(.debug_str_offsets)
    3c0c     3c0c     255c     1         ./ra/fsp/src/r_adc/r_adc.o:(.debug_str_offsets)
    6168     6168       9c     1         ./ra/fsp/src/bsp/mcu/ra6e2/bsp_linker.o:(.debug_str_offsets)
    6204     6204     1004     1         ./ra/fsp/src/bsp/mcu/all/bsp_clocks.o:(.debug_str_offsets)
    7208     7208      45c     1         ./ra/fsp/src/bsp/mcu/all/bsp_common.o:(.debug_str_offsets)
    7664     7664       74     1         ./ra/fsp/src/bsp/mcu/all/bsp_delay.o:(.debug_str_offsets)
    76d8     76d8      68c     1         ./ra/fsp/src/bsp/mcu/all/bsp_group_irq.o:(.debug_str_offsets)
    7d64     7d64       24     1         ./ra/fsp/src/bsp/mcu/all/bsp_io.o:(.debug_str_offsets)
    7d88     7d88      78c     1         ./ra/fsp/src/bsp/mcu/all/bsp_irq.o:(.debug_str_offsets)
    8514     8514      bac     1         ./ra/fsp/src/bsp/mcu/all/bsp_register_protection.o:(.debug_str_offsets)
    90c0     90c0       2c     1         ./ra/fsp/src/bsp/mcu/all/bsp_sbrk.o:(.debug_str_offsets)
    90ec     90ec       3c     1         ./ra/fsp/src/bsp/cmsis/Device/RENESAS/Source/startup.o:(.debug_str_offsets)
    9128     9128      344     1         ./ra/fsp/src/bsp/cmsis/Device/RENESAS/Source/system.o:(.debug_str_offsets)
    946c     946c      5f8     1         ./device/src/dev_press_sen_driver.o:(.debug_str_offsets)
    9a64     9a64       1c     1         E:\Renesas\RA\e2studio_v2025-07_fsp_v6.1.0\toolchains\llvm_arm\LLVM-ET-Arm-18.1.3-Windows-x86_64\bin\..\lib\clang-runtimes/arm-none-eabi/armv8m.main_hard_fp_exn_rtti\lib\libc.a(libc_errno_errno.c.o):(.debug_str_offsets)
    9a80     9a80       30     1         E:\Renesas\RA\e2studio_v2025-07_fsp_v6.1.0\toolchains\llvm_arm\LLVM-ET-Arm-18.1.3-Windows-x86_64\bin\..\lib\clang-runtimes/arm-none-eabi/armv8m.main_hard_fp_exn_rtti\lib\libc.a(libc_picolib_inittls.c.o):(.debug_str_offsets)
    9ab0     9ab0       30     1         E:\Renesas\RA\e2studio_v2025-07_fsp_v6.1.0\toolchains\llvm_arm\LLVM-ET-Arm-18.1.3-Windows-x86_64\bin\..\lib\clang-runtimes/arm-none-eabi/armv8m.main_hard_fp_exn_rtti\lib\libc.a(libc_picolib_machine_arm_tls.c.o):(.debug_str_offsets)
    9ae0     9ae0       30     1         E:\Renesas\RA\e2studio_v2025-07_fsp_v6.1.0\toolchains\llvm_arm\LLVM-ET-Arm-18.1.3-Windows-x86_64\bin\..\lib\clang-runtimes/arm-none-eabi/armv8m.main_hard_fp_exn_rtti\lib\libc.a(bzero.c.o):(.debug_str_offsets)
    9b10     9b10       3c     1         E:\Renesas\RA\e2studio_v2025-07_fsp_v6.1.0\toolchains\llvm_arm\LLVM-ET-Arm-18.1.3-Windows-x86_64\bin\..\lib\clang-runtimes/arm-none-eabi/armv8m.main_hard_fp_exn_rtti\lib\libc.a(memcpy.c.o):(.debug_str_offsets)
    9b4c     9b4c       38     1         E:\Renesas\RA\e2studio_v2025-07_fsp_v6.1.0\toolchains\llvm_arm\LLVM-ET-Arm-18.1.3-Windows-x86_64\bin\..\lib\clang-runtimes/arm-none-eabi/armv8m.main_hard_fp_exn_rtti\lib\libc.a(memset.c.o):(.debug_str_offsets)
       0        0     c51f     1 .debug_str
       0        0     c51f     1         <internal>:(.debug_str)
       0        0      44c     1 .debug_addr
       0        0       14     1         ./src/hal_entry.o:(.debug_addr)
      14       14       10     1         ./src/hal_warmstart.o:(.debug_addr)
      24       24       14     1         ./ra_gen/common_data.o:(.debug_addr)
      38       38       20     1         ./ra_gen/hal_data.o:(.debug_addr)
      58       58        c     1         ./ra_gen/main.o:(.debug_addr)
      64       64       10     1         ./ra_gen/pin_data.o:(.debug_addr)
      74       74       10     1         ./ra_gen/vector_data.o:(.debug_addr)
      84       84       8c     1         ./ra/fsp/src/r_ioport/r_ioport.o:(.debug_addr)
     110      110      138     1         ./ra/fsp/src/r_adc/r_adc.o:(.debug_addr)
     248      248       20     1         ./ra/fsp/src/bsp/mcu/ra6e2/bsp_linker.o:(.debug_addr)
     268      268       64     1         ./ra/fsp/src/bsp/mcu/all/bsp_clocks.o:(.debug_addr)
     2cc      2cc       20     1         ./ra/fsp/src/bsp/mcu/all/bsp_common.o:(.debug_addr)
     2ec      2ec       20     1         ./ra/fsp/src/bsp/mcu/all/bsp_delay.o:(.debug_addr)
     30c      30c       1c     1         ./ra/fsp/src/bsp/mcu/all/bsp_group_irq.o:(.debug_addr)
     328      328        c     1         ./ra/fsp/src/bsp/mcu/all/bsp_io.o:(.debug_addr)
     334      334       20     1         ./ra/fsp/src/bsp/mcu/all/bsp_irq.o:(.debug_addr)
     354      354       2c     1         ./ra/fsp/src/bsp/mcu/all/bsp_register_protection.o:(.debug_addr)
     380      380        c     1         ./ra/fsp/src/bsp/mcu/all/bsp_sbrk.o:(.debug_addr)
     38c      38c       1c     1         ./ra/fsp/src/bsp/cmsis/Device/RENESAS/Source/startup.o:(.debug_addr)
     3a8      3a8       34     1         ./ra/fsp/src/bsp/cmsis/Device/RENESAS/Source/system.o:(.debug_addr)
     3dc      3dc       30     1         ./device/src/dev_press_sen_driver.o:(.debug_addr)
     40c      40c        c     1         E:\Renesas\RA\e2studio_v2025-07_fsp_v6.1.0\toolchains\llvm_arm\LLVM-ET-Arm-18.1.3-Windows-x86_64\bin\..\lib\clang-runtimes/arm-none-eabi/armv8m.main_hard_fp_exn_rtti\lib\libc.a(libc_picolib_inittls.c.o):(.debug_addr)
     418      418        c     1         E:\Renesas\RA\e2studio_v2025-07_fsp_v6.1.0\toolchains\llvm_arm\LLVM-ET-Arm-18.1.3-Windows-x86_64\bin\..\lib\clang-runtimes/arm-none-eabi/armv8m.main_hard_fp_exn_rtti\lib\libc.a(libc_picolib_machine_arm_tls.c.o):(.debug_addr)
     424      424       10     1         E:\Renesas\RA\e2studio_v2025-07_fsp_v6.1.0\toolchains\llvm_arm\LLVM-ET-Arm-18.1.3-Windows-x86_64\bin\..\lib\clang-runtimes/arm-none-eabi/armv8m.main_hard_fp_exn_rtti\lib\libc.a(bzero.c.o):(.debug_addr)
     434      434        c     1         E:\Renesas\RA\e2studio_v2025-07_fsp_v6.1.0\toolchains\llvm_arm\LLVM-ET-Arm-18.1.3-Windows-x86_64\bin\..\lib\clang-runtimes/arm-none-eabi/armv8m.main_hard_fp_exn_rtti\lib\libc.a(memcpy.c.o):(.debug_addr)
     440      440        c     1         E:\Renesas\RA\e2studio_v2025-07_fsp_v6.1.0\toolchains\llvm_arm\LLVM-ET-Arm-18.1.3-Windows-x86_64\bin\..\lib\clang-runtimes/arm-none-eabi/armv8m.main_hard_fp_exn_rtti\lib\libc.a(memset.c.o):(.debug_addr)
       0        0       29     1 .comment
       0        0       29     1         <internal>:(.comment)
       0        0       4c     1 .ARM.attributes
       0        0       4c     1         ./src/hal_entry.o:(.ARM.attributes)
       0        0      838     4 .debug_frame
       0        0       30     4         ./src/hal_entry.o:(.debug_frame)
      30       30       24     4         ./src/hal_warmstart.o:(.debug_frame)
      54       54       24     4         ./ra_gen/common_data.o:(.debug_frame)
      78       78       24     4         ./ra_gen/hal_data.o:(.debug_frame)
      9c       9c       30     4         ./ra_gen/main.o:(.debug_frame)
      cc       cc      154     4         ./ra/fsp/src/r_ioport/r_ioport.o:(.debug_frame)
     220      220      1b0     4         ./ra/fsp/src/r_adc/r_adc.o:(.debug_frame)
     3d0      3d0      104     4         ./ra/fsp/src/bsp/mcu/all/bsp_clocks.o:(.debug_frame)
     4d4      4d4       44     4         ./ra/fsp/src/bsp/mcu/all/bsp_common.o:(.debug_frame)
     518      518       34     4         ./ra/fsp/src/bsp/mcu/all/bsp_delay.o:(.debug_frame)
     54c      54c       4c     4         ./ra/fsp/src/bsp/mcu/all/bsp_group_irq.o:(.debug_frame)
     598      598       38     4         ./ra/fsp/src/bsp/mcu/all/bsp_irq.o:(.debug_frame)
     5d0      5d0       40     4         ./ra/fsp/src/bsp/mcu/all/bsp_register_protection.o:(.debug_frame)
     610      610       30     4         ./ra/fsp/src/bsp/mcu/all/bsp_sbrk.o:(.debug_frame)
     640      640       40     4         ./ra/fsp/src/bsp/cmsis/Device/RENESAS/Source/startup.o:(.debug_frame)
     680      680       4c     4         ./ra/fsp/src/bsp/cmsis/Device/RENESAS/Source/system.o:(.debug_frame)
     6cc      6cc       74     4         ./device/src/dev_press_sen_driver.o:(.debug_frame)
     740      740       34     4         E:\Renesas\RA\e2studio_v2025-07_fsp_v6.1.0\toolchains\llvm_arm\LLVM-ET-Arm-18.1.3-Windows-x86_64\bin\..\lib\clang-runtimes/arm-none-eabi/armv8m.main_hard_fp_exn_rtti\lib\libc.a(libc_picolib_inittls.c.o):(.debug_frame)
     774      774       24     4         E:\Renesas\RA\e2studio_v2025-07_fsp_v6.1.0\toolchains\llvm_arm\LLVM-ET-Arm-18.1.3-Windows-x86_64\bin\..\lib\clang-runtimes/arm-none-eabi/armv8m.main_hard_fp_exn_rtti\lib\libc.a(libc_picolib_machine_arm_tls.c.o):(.debug_frame)
     798      798       24     4         E:\Renesas\RA\e2studio_v2025-07_fsp_v6.1.0\toolchains\llvm_arm\LLVM-ET-Arm-18.1.3-Windows-x86_64\bin\..\lib\clang-runtimes/arm-none-eabi/armv8m.main_hard_fp_exn_rtti\lib\libc.a(libc_picolib_machine_arm_read_tp.S.o):(.debug_frame)
     7bc      7bc       24     4         E:\Renesas\RA\e2studio_v2025-07_fsp_v6.1.0\toolchains\llvm_arm\LLVM-ET-Arm-18.1.3-Windows-x86_64\bin\..\lib\clang-runtimes/arm-none-eabi/armv8m.main_hard_fp_exn_rtti\lib\libc.a(bzero.c.o):(.debug_frame)
     7e0      7e0       34     4         E:\Renesas\RA\e2studio_v2025-07_fsp_v6.1.0\toolchains\llvm_arm\LLVM-ET-Arm-18.1.3-Windows-x86_64\bin\..\lib\clang-runtimes/arm-none-eabi/armv8m.main_hard_fp_exn_rtti\lib\libc.a(memcpy.c.o):(.debug_frame)
     814      814       24     4         E:\Renesas\RA\e2studio_v2025-07_fsp_v6.1.0\toolchains\llvm_arm\LLVM-ET-Arm-18.1.3-Windows-x86_64\bin\..\lib\clang-runtimes/arm-none-eabi/armv8m.main_hard_fp_exn_rtti\lib\libc.a(memset.c.o):(.debug_frame)
       0        0     2923     1 .debug_line
       0        0       d2     1         ./src/hal_entry.o:(.debug_line)
      d2       d2      119     1         ./src/hal_warmstart.o:(.debug_line)
     1eb      1eb       f8     1         ./ra_gen/common_data.o:(.debug_line)
     2e3      2e3      14f     1         ./ra_gen/hal_data.o:(.debug_line)
     432      432       71     1         ./ra_gen/main.o:(.debug_line)
     4a3      4a3       bc     1         ./ra_gen/pin_data.o:(.debug_line)
     55f      55f       9f     1         ./ra_gen/vector_data.o:(.debug_line)
     5fe      5fe      546     1         ./ra/fsp/src/r_ioport/r_ioport.o:(.debug_line)
     b44      b44      a9c     1         ./ra/fsp/src/r_adc/r_adc.o:(.debug_line)
    15e0     15e0       a7     1         ./ra/fsp/src/bsp/mcu/ra6e2/bsp_linker.o:(.debug_line)
    1687     1687      439     1         ./ra/fsp/src/bsp/mcu/all/bsp_clocks.o:(.debug_line)
    1ac0     1ac0      105     1         ./ra/fsp/src/bsp/mcu/all/bsp_common.o:(.debug_line)
    1bc5     1bc5      151     1         ./ra/fsp/src/bsp/mcu/all/bsp_delay.o:(.debug_line)
    1d16     1d16      137     1         ./ra/fsp/src/bsp/mcu/all/bsp_group_irq.o:(.debug_line)
    1e4d     1e4d       8e     1         ./ra/fsp/src/bsp/mcu/all/bsp_io.o:(.debug_line)
    1edb     1edb       c2     1         ./ra/fsp/src/bsp/mcu/all/bsp_irq.o:(.debug_line)
    1f9d     1f9d      128     1         ./ra/fsp/src/bsp/mcu/all/bsp_register_protection.o:(.debug_line)
    20c5     20c5       b3     1         ./ra/fsp/src/bsp/mcu/all/bsp_sbrk.o:(.debug_line)
    2178     2178       b9     1         ./ra/fsp/src/bsp/cmsis/Device/RENESAS/Source/startup.o:(.debug_line)
    2231     2231      1ce     1         ./ra/fsp/src/bsp/cmsis/Device/RENESAS/Source/system.o:(.debug_line)
    23ff     23ff      177     1         ./device/src/dev_press_sen_driver.o:(.debug_line)
    2576     2576       43     1         E:\Renesas\RA\e2studio_v2025-07_fsp_v6.1.0\toolchains\llvm_arm\LLVM-ET-Arm-18.1.3-Windows-x86_64\bin\..\lib\clang-runtimes/arm-none-eabi/armv8m.main_hard_fp_exn_rtti\lib\libc.a(libc_errno_errno.c.o):(.debug_line)
    25b9     25b9       a2     1         E:\Renesas\RA\e2studio_v2025-07_fsp_v6.1.0\toolchains\llvm_arm\LLVM-ET-Arm-18.1.3-Windows-x86_64\bin\..\lib\clang-runtimes/arm-none-eabi/armv8m.main_hard_fp_exn_rtti\lib\libc.a(libc_picolib_inittls.c.o):(.debug_line)
    265b     265b       ad     1         E:\Renesas\RA\e2studio_v2025-07_fsp_v6.1.0\toolchains\llvm_arm\LLVM-ET-Arm-18.1.3-Windows-x86_64\bin\..\lib\clang-runtimes/arm-none-eabi/armv8m.main_hard_fp_exn_rtti\lib\libc.a(libc_picolib_machine_arm_tls.c.o):(.debug_line)
    2708     2708       45     1         E:\Renesas\RA\e2studio_v2025-07_fsp_v6.1.0\toolchains\llvm_arm\LLVM-ET-Arm-18.1.3-Windows-x86_64\bin\..\lib\clang-runtimes/arm-none-eabi/armv8m.main_hard_fp_exn_rtti\lib\libc.a(libc_picolib_machine_arm_read_tp.S.o):(.debug_line)
    274d     274d       a1     1         E:\Renesas\RA\e2studio_v2025-07_fsp_v6.1.0\toolchains\llvm_arm\LLVM-ET-Arm-18.1.3-Windows-x86_64\bin\..\lib\clang-runtimes/arm-none-eabi/armv8m.main_hard_fp_exn_rtti\lib\libc.a(bzero.c.o):(.debug_line)
    27ee     27ee       9f     1         E:\Renesas\RA\e2studio_v2025-07_fsp_v6.1.0\toolchains\llvm_arm\LLVM-ET-Arm-18.1.3-Windows-x86_64\bin\..\lib\clang-runtimes/arm-none-eabi/armv8m.main_hard_fp_exn_rtti\lib\libc.a(memcpy.c.o):(.debug_line)
    288d     288d       96     1         E:\Renesas\RA\e2studio_v2025-07_fsp_v6.1.0\toolchains\llvm_arm\LLVM-ET-Arm-18.1.3-Windows-x86_64\bin\..\lib\clang-runtimes/arm-none-eabi/armv8m.main_hard_fp_exn_rtti\lib\libc.a(memset.c.o):(.debug_line)
       0        0      ed9     1 .debug_line_str
       0        0      ed9     1         <internal>:(.debug_line_str)
       0        0     12ec     1 .debug_loclists
       0        0       1e     1         ./src/hal_warmstart.o:(.debug_loclists)
      1e       1e      526     1         ./ra/fsp/src/r_ioport/r_ioport.o:(.debug_loclists)
     544      544      872     1         ./ra/fsp/src/r_adc/r_adc.o:(.debug_loclists)
     db6      db6      18c     1         ./ra/fsp/src/bsp/mcu/all/bsp_clocks.o:(.debug_loclists)
     f42      f42       1d     1         ./ra/fsp/src/bsp/mcu/all/bsp_common.o:(.debug_loclists)
     f5f      f5f      107     1         ./ra/fsp/src/bsp/mcu/all/bsp_delay.o:(.debug_loclists)
    1066     1066       35     1         ./ra/fsp/src/bsp/mcu/all/bsp_group_irq.o:(.debug_loclists)
    109b     109b       17     1         ./ra/fsp/src/bsp/mcu/all/bsp_irq.o:(.debug_loclists)
    10b2     10b2       55     1         ./ra/fsp/src/bsp/mcu/all/bsp_register_protection.o:(.debug_loclists)
    1107     1107       1e     1         ./ra/fsp/src/bsp/mcu/all/bsp_sbrk.o:(.debug_loclists)
    1125     1125       96     1         ./ra/fsp/src/bsp/cmsis/Device/RENESAS/Source/system.o:(.debug_loclists)
    11bb     11bb       34     1         ./device/src/dev_press_sen_driver.o:(.debug_loclists)
    11ef     11ef       2a     1         E:\Renesas\RA\e2studio_v2025-07_fsp_v6.1.0\toolchains\llvm_arm\LLVM-ET-Arm-18.1.3-Windows-x86_64\bin\..\lib\clang-runtimes/arm-none-eabi/armv8m.main_hard_fp_exn_rtti\lib\libc.a(libc_picolib_inittls.c.o):(.debug_loclists)
    1219     1219       1b     1         E:\Renesas\RA\e2studio_v2025-07_fsp_v6.1.0\toolchains\llvm_arm\LLVM-ET-Arm-18.1.3-Windows-x86_64\bin\..\lib\clang-runtimes/arm-none-eabi/armv8m.main_hard_fp_exn_rtti\lib\libc.a(bzero.c.o):(.debug_loclists)
    1234     1234       7a     1         E:\Renesas\RA\e2studio_v2025-07_fsp_v6.1.0\toolchains\llvm_arm\LLVM-ET-Arm-18.1.3-Windows-x86_64\bin\..\lib\clang-runtimes/arm-none-eabi/armv8m.main_hard_fp_exn_rtti\lib\libc.a(memcpy.c.o):(.debug_loclists)
    12ae     12ae       3e     1         E:\Renesas\RA\e2studio_v2025-07_fsp_v6.1.0\toolchains\llvm_arm\LLVM-ET-Arm-18.1.3-Windows-x86_64\bin\..\lib\clang-runtimes/arm-none-eabi/armv8m.main_hard_fp_exn_rtti\lib\libc.a(memset.c.o):(.debug_loclists)
       0        0      266     1 .debug_rnglists
       0        0       76     1         ./ra/fsp/src/r_ioport/r_ioport.o:(.debug_rnglists)
      76       76       bf     1         ./ra/fsp/src/r_adc/r_adc.o:(.debug_rnglists)
     135      135       5b     1         ./ra/fsp/src/bsp/mcu/all/bsp_clocks.o:(.debug_rnglists)
     190      190       1a     1         ./ra/fsp/src/bsp/mcu/all/bsp_common.o:(.debug_rnglists)
     1aa      1aa       18     1         ./ra/fsp/src/bsp/mcu/all/bsp_delay.o:(.debug_rnglists)
     1c2      1c2       17     1         ./ra/fsp/src/bsp/mcu/all/bsp_group_irq.o:(.debug_rnglists)
     1d9      1d9       1a     1         ./ra/fsp/src/bsp/mcu/all/bsp_irq.o:(.debug_rnglists)
     1f3      1f3       24     1         ./ra/fsp/src/bsp/mcu/all/bsp_register_protection.o:(.debug_rnglists)
     217      217       17     1         ./ra/fsp/src/bsp/cmsis/Device/RENESAS/Source/startup.o:(.debug_rnglists)
     22e      22e       18     1         ./ra/fsp/src/bsp/cmsis/Device/RENESAS/Source/system.o:(.debug_rnglists)
     246      246       20     1         ./device/src/dev_press_sen_driver.o:(.debug_rnglists)
       0        0       20     1 .debug_aranges
       0        0       20     1         E:\Renesas\RA\e2studio_v2025-07_fsp_v6.1.0\toolchains\llvm_arm\LLVM-ET-Arm-18.1.3-Windows-x86_64\bin\..\lib\clang-runtimes/arm-none-eabi/armv8m.main_hard_fp_exn_rtti\lib\libc.a(libc_picolib_machine_arm_read_tp.S.o):(.debug_aranges)
       0        0      fe0     4 .symtab
       0        0      fe0     4         <internal>:(.symtab)
       0        0      4e9     1 .shstrtab
       0        0      4e9     1         <internal>:(.shstrtab)
       0        0     111b     1 .strtab
       0        0     111b     1         <internal>:(.strtab)

Cross Reference Table

Symbol                                            File
hal_entry                                         ./src/hal_entry.o
                                                  ./ra_gen/main.o
PS_Init                                           ./device/src/dev_press_sen_driver.o
                                                  ./src/hal_entry.o
PS_ScanStart                                      ./device/src/dev_press_sen_driver.o
                                                  ./src/hal_entry.o
g_ps_data                                         ./src/hal_entry.o
HE_data                                           ./src/hal_entry.o
PS_DataRawGet                                     ./device/src/dev_press_sen_driver.o
                                                  ./src/hal_entry.o
R_BSP_WarmStart                                   ./src/hal_warmstart.o
                                                  ./ra/fsp/src/bsp/cmsis/Device/RENESAS/Source/system.o
g_ioport_ctrl                                     ./ra_gen/common_data.o
                                                  ./src/hal_warmstart.o
g_bsp_pin_cfg                                     ./ra_gen/pin_data.o
                                                  ./src/hal_warmstart.o
                                                  ./ra_gen/common_data.o
R_IOPORT_Open                                     ./ra/fsp/src/r_ioport/r_ioport.o
                                                  ./src/hal_warmstart.o
g_ps_adc_cfg_extend                               ./ra_gen/hal_data.o
g_ps_adc_cfg                                      ./ra_gen/hal_data.o
                                                  ./device/src/dev_press_sen_driver.o
PS_ScanCpltCallback                               ./device/src/dev_press_sen_driver.o
                                                  ./ra_gen/hal_data.o
g_ps_adc_channel_cfg                              ./ra_gen/hal_data.o
                                                  ./device/src/dev_press_sen_driver.o
g_ps_adc_ctrl                                     ./ra_gen/hal_data.o
                                                  ./device/src/dev_press_sen_driver.o
main                                              ./ra_gen/main.o
                                                  ./ra/fsp/src/bsp/cmsis/Device/RENESAS/Source/startup.o
g_bsp_pin_cfg_data                                ./ra_gen/pin_data.o
g_vector_table                                    ./ra_gen/vector_data.o
adc_scan_end_isr                                  ./ra/fsp/src/r_adc/r_adc.o
                                                  ./ra_gen/vector_data.o
g_interrupt_event_link_select                     ./ra_gen/vector_data.o
                                                  ./ra/fsp/src/bsp/mcu/all/bsp_irq.o
R_BSP_SoftwareDelay                               ./ra/fsp/src/bsp/mcu/all/bsp_delay.o
                                                  ./ra/fsp/src/r_ioport/r_ioport.o
                                                  ./ra/fsp/src/bsp/mcu/all/bsp_clocks.o
g_protect_pfswe_counter                           ./ra/fsp/src/bsp/mcu/all/bsp_io.o
                                                  ./ra/fsp/src/r_ioport/r_ioport.o
R_ADC_Open                                        ./ra/fsp/src/r_adc/r_adc.o
                                                  ./device/src/dev_press_sen_driver.o
gp_renesas_isr_context                            ./ra/fsp/src/bsp/mcu/all/bsp_irq.o
                                                  ./ra/fsp/src/r_adc/r_adc.o
R_ADC_ScanCfg                                     ./ra/fsp/src/r_adc/r_adc.o
                                                  ./device/src/dev_press_sen_driver.o
SystemCoreClock                                   ./ra/fsp/src/bsp/cmsis/Device/RENESAS/Source/system.o
                                                  ./ra/fsp/src/r_adc/r_adc.o
                                                  ./ra/fsp/src/bsp/mcu/all/bsp_clocks.o
                                                  ./ra/fsp/src/bsp/mcu/all/bsp_delay.o
R_ADC_ScanStart                                   ./ra/fsp/src/r_adc/r_adc.o
                                                  ./device/src/dev_press_sen_driver.o
R_ADC_Read                                        ./ra/fsp/src/r_adc/r_adc.o
                                                  ./device/src/dev_press_sen_driver.o
__ram_noinit_nocache$$Base                        fsp_gen.lld:147
                                                  ./ra/fsp/src/bsp/mcu/ra6e2/bsp_linker.o
__ram_zero_nocache$$Limit                         fsp_gen.lld:159
                                                  ./ra/fsp/src/bsp/mcu/ra6e2/bsp_linker.o
g_init_info                                       ./ra/fsp/src/bsp/mcu/ra6e2/bsp_linker.o
                                                  ./ra/fsp/src/bsp/cmsis/Device/RENESAS/Source/system.o
__ram_zero_nocache$$Base                          fsp_gen.lld:155
                                                  ./ra/fsp/src/bsp/mcu/ra6e2/bsp_linker.o
__ram_zero$$Base                                  fsp_gen.lld:175
                                                  ./ra/fsp/src/bsp/mcu/ra6e2/bsp_linker.o
__ram_zero$$Limit                                 fsp_gen.lld:179
                                                  ./ra/fsp/src/bsp/mcu/ra6e2/bsp_linker.o
__ram_tbss$$Base                                  fsp_gen.lld:193
                                                  ./ra/fsp/src/bsp/mcu/ra6e2/bsp_linker.o
__ram_tbss$$Limit                                 fsp_gen.lld:198
                                                  ./ra/fsp/src/bsp/mcu/ra6e2/bsp_linker.o
__ram_from_qspi_flash$$Base                       fsp_gen.lld:40
                                                  ./ra/fsp/src/bsp/mcu/ra6e2/bsp_linker.o
__ram_from_qspi_flash$$Limit                      fsp_gen.lld:45
                                                  ./ra/fsp/src/bsp/mcu/ra6e2/bsp_linker.o
__ram_from_qspi_flash$$Load                       fsp_gen.lld:40
                                                  ./ra/fsp/src/bsp/mcu/ra6e2/bsp_linker.o
__ram_from_data_flash$$Base                       fsp_gen.lld:80
                                                  ./ra/fsp/src/bsp/mcu/ra6e2/bsp_linker.o
__ram_from_data_flash$$Limit                      fsp_gen.lld:85
                                                  ./ra/fsp/src/bsp/mcu/ra6e2/bsp_linker.o
__ram_from_data_flash$$Load                       fsp_gen.lld:80
                                                  ./ra/fsp/src/bsp/mcu/ra6e2/bsp_linker.o
__ram_from_flash$$Base                            fsp_gen.lld:135
                                                  ./ra/fsp/src/bsp/mcu/ra6e2/bsp_linker.o
__ram_from_flash$$Limit                           fsp_gen.lld:142
                                                  ./ra/fsp/src/bsp/mcu/ra6e2/bsp_linker.o
__ram_from_flash$$Load                            fsp_gen.lld:135
                                                  ./ra/fsp/src/bsp/mcu/ra6e2/bsp_linker.o
__ram_tdata$$Base                                 fsp_gen.lld:184
                                                  ./ra/fsp/src/bsp/mcu/ra6e2/bsp_linker.o
__ram_tdata$$Limit                                fsp_gen.lld:188
                                                  ./ra/fsp/src/bsp/mcu/ra6e2/bsp_linker.o
__ram_tdata$$Load                                 fsp_gen.lld:184
                                                  ./ra/fsp/src/bsp/mcu/ra6e2/bsp_linker.o
SystemCoreClockUpdate                             ./ra/fsp/src/bsp/mcu/all/bsp_clocks.o
                                                  ./ra/fsp/src/bsp/cmsis/Device/RENESAS/Source/system.o
bsp_clock_init                                    ./ra/fsp/src/bsp/mcu/all/bsp_clocks.o
                                                  ./ra/fsp/src/bsp/cmsis/Device/RENESAS/Source/system.o
R_BSP_SubClockStabilizeWaitAfterReset             ./ra/fsp/src/bsp/mcu/all/bsp_clocks.o
R_BSP_Init_RTC                                    ./ra/fsp/src/bsp/mcu/all/bsp_clocks.o
                                                  ./ra/fsp/src/bsp/cmsis/Device/RENESAS/Source/system.o
bsp_init_internal                                 ./ra/fsp/src/bsp/mcu/all/bsp_common.o
bsp_init                                          ./ra/fsp/src/bsp/mcu/all/bsp_common.o
                                                  ./ra/fsp/src/bsp/cmsis/Device/RENESAS/Source/system.o
bsp_prv_software_delay_loop                       ./ra/fsp/src/bsp/mcu/all/bsp_delay.o
g_bsp_group_irq_sources                           ./ra/fsp/src/bsp/mcu/all/bsp_group_irq.o
NMI_Handler                                       ./ra/fsp/src/bsp/mcu/all/bsp_group_irq.o
                                                  ./ra/fsp/src/bsp/cmsis/Device/RENESAS/Source/startup.o
bsp_irq_cfg                                       ./ra/fsp/src/bsp/mcu/all/bsp_irq.o
                                                  ./ra/fsp/src/bsp/cmsis/Device/RENESAS/Source/system.o
R_BSP_RegisterProtectDisable                      ./ra/fsp/src/bsp/mcu/all/bsp_register_protection.o
                                                  ./ra/fsp/src/bsp/mcu/all/bsp_irq.o
                                                  ./ra/fsp/src/bsp/cmsis/Device/RENESAS/Source/system.o
R_BSP_RegisterProtectEnable                       ./ra/fsp/src/bsp/mcu/all/bsp_register_protection.o
                                                  ./ra/fsp/src/bsp/mcu/all/bsp_irq.o
                                                  ./ra/fsp/src/bsp/cmsis/Device/RENESAS/Source/system.o
g_protect_counters                                ./ra/fsp/src/bsp/mcu/all/bsp_register_protection.o
Reset_Handler                                     ./ra/fsp/src/bsp/cmsis/Device/RENESAS/Source/startup.o
SystemInit                                        ./ra/fsp/src/bsp/cmsis/Device/RENESAS/Source/system.o
                                                  ./ra/fsp/src/bsp/cmsis/Device/RENESAS/Source/startup.o
Default_Handler                                   ./ra/fsp/src/bsp/cmsis/Device/RENESAS/Source/startup.o
g_main_stack                                      ./ra/fsp/src/bsp/cmsis/Device/RENESAS/Source/startup.o
                                                  ./ra/fsp/src/bsp/cmsis/Device/RENESAS/Source/system.o
__Vectors                                         ./ra/fsp/src/bsp/cmsis/Device/RENESAS/Source/startup.o
                                                  ./ra/fsp/src/bsp/cmsis/Device/RENESAS/Source/system.o
HardFault_Handler                                 ./ra/fsp/src/bsp/cmsis/Device/RENESAS/Source/startup.o
MemManage_Handler                                 ./ra/fsp/src/bsp/cmsis/Device/RENESAS/Source/startup.o
BusFault_Handler                                  ./ra/fsp/src/bsp/cmsis/Device/RENESAS/Source/startup.o
UsageFault_Handler                                ./ra/fsp/src/bsp/cmsis/Device/RENESAS/Source/startup.o
SecureFault_Handler                               ./ra/fsp/src/bsp/cmsis/Device/RENESAS/Source/startup.o
SVC_Handler                                       ./ra/fsp/src/bsp/cmsis/Device/RENESAS/Source/startup.o
DebugMon_Handler                                  ./ra/fsp/src/bsp/cmsis/Device/RENESAS/Source/startup.o
PendSV_Handler                                    ./ra/fsp/src/bsp/cmsis/Device/RENESAS/Source/startup.o
SysTick_Handler                                   ./ra/fsp/src/bsp/cmsis/Device/RENESAS/Source/startup.o
__aeabi_memclr4                                   E:\Renesas\RA\e2studio_v2025-07_fsp_v6.1.0\toolchains\llvm_arm\LLVM-ET-Arm-18.1.3-Windows-x86_64\bin\..\lib\clang-runtimes/arm-none-eabi/armv8m.main_hard_fp_exn_rtti\lib\libc.a(bzero.c.o)
                                                  ./ra/fsp/src/bsp/cmsis/Device/RENESAS/Source/system.o
__aeabi_memcpy4                                   E:\Renesas\RA\e2studio_v2025-07_fsp_v6.1.0\toolchains\llvm_arm\LLVM-ET-Arm-18.1.3-Windows-x86_64\bin\..\lib\clang-runtimes/arm-none-eabi/armv8m.main_hard_fp_exn_rtti\lib\libc.a(memcpy.c.o)
                                                  ./ra/fsp/src/bsp/cmsis/Device/RENESAS/Source/system.o
__tls_base                                        fsp_gen.lld:397
                                                  ./ra/fsp/src/bsp/cmsis/Device/RENESAS/Source/system.o
_init_tls                                         E:\Renesas\RA\e2studio_v2025-07_fsp_v6.1.0\toolchains\llvm_arm\LLVM-ET-Arm-18.1.3-Windows-x86_64\bin\..\lib\clang-runtimes/arm-none-eabi/armv8m.main_hard_fp_exn_rtti\lib\libc.a(libc_picolib_inittls.c.o)
                                                  ./ra/fsp/src/bsp/cmsis/Device/RENESAS/Source/system.o
_set_tls                                          E:\Renesas\RA\e2studio_v2025-07_fsp_v6.1.0\toolchains\llvm_arm\LLVM-ET-Arm-18.1.3-Windows-x86_64\bin\..\lib\clang-runtimes/arm-none-eabi/armv8m.main_hard_fp_exn_rtti\lib\libc.a(libc_picolib_machine_arm_tls.c.o)
                                                  ./ra/fsp/src/bsp/cmsis/Device/RENESAS/Source/system.o
__init_array_start                                fsp_gen.lld:261
                                                  ./ra/fsp/src/bsp/cmsis/Device/RENESAS/Source/system.o
__init_array_end                                  fsp_gen.lld:264
                                                  ./ra/fsp/src/bsp/cmsis/Device/RENESAS/Source/system.o
__aeabi_memcpy                                    E:\Renesas\RA\e2studio_v2025-07_fsp_v6.1.0\toolchains\llvm_arm\LLVM-ET-Arm-18.1.3-Windows-x86_64\bin\..\lib\clang-runtimes/arm-none-eabi/armv8m.main_hard_fp_exn_rtti\lib\libc.a(memcpy.c.o)
                                                  E:\Renesas\RA\e2studio_v2025-07_fsp_v6.1.0\toolchains\llvm_arm\LLVM-ET-Arm-18.1.3-Windows-x86_64\bin\..\lib\clang-runtimes/arm-none-eabi/armv8m.main_hard_fp_exn_rtti\lib\libc.a(libc_picolib_inittls.c.o)
__aeabi_memclr                                    E:\Renesas\RA\e2studio_v2025-07_fsp_v6.1.0\toolchains\llvm_arm\LLVM-ET-Arm-18.1.3-Windows-x86_64\bin\..\lib\clang-runtimes/arm-none-eabi/armv8m.main_hard_fp_exn_rtti\lib\libc.a(bzero.c.o)
                                                  E:\Renesas\RA\e2studio_v2025-07_fsp_v6.1.0\toolchains\llvm_arm\LLVM-ET-Arm-18.1.3-Windows-x86_64\bin\..\lib\clang-runtimes/arm-none-eabi/armv8m.main_hard_fp_exn_rtti\lib\libc.a(libc_picolib_inittls.c.o)
__tdata_source                                    fsp_gen.lld:398
                                                  E:\Renesas\RA\e2studio_v2025-07_fsp_v6.1.0\toolchains\llvm_arm\LLVM-ET-Arm-18.1.3-Windows-x86_64\bin\..\lib\clang-runtimes/arm-none-eabi/armv8m.main_hard_fp_exn_rtti\lib\libc.a(libc_picolib_inittls.c.o)
__tdata_size                                      fsp_gen.lld:399
                                                  E:\Renesas\RA\e2studio_v2025-07_fsp_v6.1.0\toolchains\llvm_arm\LLVM-ET-Arm-18.1.3-Windows-x86_64\bin\..\lib\clang-runtimes/arm-none-eabi/armv8m.main_hard_fp_exn_rtti\lib\libc.a(libc_picolib_inittls.c.o)
__tbss_offset                                     fsp_gen.lld:400
                                                  E:\Renesas\RA\e2studio_v2025-07_fsp_v6.1.0\toolchains\llvm_arm\LLVM-ET-Arm-18.1.3-Windows-x86_64\bin\..\lib\clang-runtimes/arm-none-eabi/armv8m.main_hard_fp_exn_rtti\lib\libc.a(libc_picolib_inittls.c.o)
__tbss_size                                       fsp_gen.lld:401
                                                  E:\Renesas\RA\e2studio_v2025-07_fsp_v6.1.0\toolchains\llvm_arm\LLVM-ET-Arm-18.1.3-Windows-x86_64\bin\..\lib\clang-runtimes/arm-none-eabi/armv8m.main_hard_fp_exn_rtti\lib\libc.a(libc_picolib_inittls.c.o)
__arm32_tls_tcb_offset                            fsp_gen.lld:402
                                                  E:\Renesas\RA\e2studio_v2025-07_fsp_v6.1.0\toolchains\llvm_arm\LLVM-ET-Arm-18.1.3-Windows-x86_64\bin\..\lib\clang-runtimes/arm-none-eabi/armv8m.main_hard_fp_exn_rtti\lib\libc.a(libc_picolib_machine_arm_tls.c.o)
__tls                                             E:\Renesas\RA\e2studio_v2025-07_fsp_v6.1.0\toolchains\llvm_arm\LLVM-ET-Arm-18.1.3-Windows-x86_64\bin\..\lib\clang-runtimes/arm-none-eabi/armv8m.main_hard_fp_exn_rtti\lib\libc.a(libc_picolib_machine_arm_read_tp.S.o)
                                                  E:\Renesas\RA\e2studio_v2025-07_fsp_v6.1.0\toolchains\llvm_arm\LLVM-ET-Arm-18.1.3-Windows-x86_64\bin\..\lib\clang-runtimes/arm-none-eabi/armv8m.main_hard_fp_exn_rtti\lib\libc.a(libc_picolib_machine_arm_tls.c.o)
bzero                                             E:\Renesas\RA\e2studio_v2025-07_fsp_v6.1.0\toolchains\llvm_arm\LLVM-ET-Arm-18.1.3-Windows-x86_64\bin\..\lib\clang-runtimes/arm-none-eabi/armv8m.main_hard_fp_exn_rtti\lib\libc.a(bzero.c.o)
memset                                            E:\Renesas\RA\e2studio_v2025-07_fsp_v6.1.0\toolchains\llvm_arm\LLVM-ET-Arm-18.1.3-Windows-x86_64\bin\..\lib\clang-runtimes/arm-none-eabi/armv8m.main_hard_fp_exn_rtti\lib\libc.a(memset.c.o)
                                                  E:\Renesas\RA\e2studio_v2025-07_fsp_v6.1.0\toolchains\llvm_arm\LLVM-ET-Arm-18.1.3-Windows-x86_64\bin\..\lib\clang-runtimes/arm-none-eabi/armv8m.main_hard_fp_exn_rtti\lib\libc.a(bzero.c.o)
__aeabi_memclr8                                   E:\Renesas\RA\e2studio_v2025-07_fsp_v6.1.0\toolchains\llvm_arm\LLVM-ET-Arm-18.1.3-Windows-x86_64\bin\..\lib\clang-runtimes/arm-none-eabi/armv8m.main_hard_fp_exn_rtti\lib\libc.a(bzero.c.o)
memcpy                                            E:\Renesas\RA\e2studio_v2025-07_fsp_v6.1.0\toolchains\llvm_arm\LLVM-ET-Arm-18.1.3-Windows-x86_64\bin\..\lib\clang-runtimes/arm-none-eabi/armv8m.main_hard_fp_exn_rtti\lib\libc.a(memcpy.c.o)
__aeabi_memcpy8                                   E:\Renesas\RA\e2studio_v2025-07_fsp_v6.1.0\toolchains\llvm_arm\LLVM-ET-Arm-18.1.3-Windows-x86_64\bin\..\lib\clang-runtimes/arm-none-eabi/armv8m.main_hard_fp_exn_rtti\lib\libc.a(memcpy.c.o)
